../roki-mb-service/src/MbMessages.cpp:6:6:void MbInterface::Messages::Byte::Serialize(uint8_t*) const	16	static
../roki-mb-service/src/MbMessages.cpp:12:6:static MbInterface::Messages::Byte MbInterface::Messages::Byte::Deserialize(const uint8_t*)	24	static
../roki-mb-service/src/MbMessages.cpp:21:8:size_t MbInterface::Messages::Byte::GetPackedSize() const	16	static
../roki-mb-service/src/MbMessages.cpp:23:6:void MbInterface::Messages::Empty::Serialize(uint8_t*) const	16	static
../roki-mb-service/src/MbMessages.cpp:25:7:static MbInterface::Messages::Empty MbInterface::Messages::Empty::Deserialize(const uint8_t*)	16	static
../roki-mb-service/src/MbMessages.cpp:30:8:size_t MbInterface::Messages::Empty::GetPackedSize() const	16	static
../roki-mb-service/src/MbMessages.cpp:32:6:void MbInterface::Messages::IMUFrameMsg::Serialize(uint8_t*) const	24	static
../roki-mb-service/src/MbMessages.cpp:59:13:static MbInterface::Messages::IMUFrameMsg MbInterface::Messages::IMUFrameMsg::Deserialize(const uint8_t*)	24	static
../roki-mb-service/src/MbMessages.cpp:93:8:size_t MbInterface::Messages::IMUFrameMsg::GetPackedSize() const	16	static
../roki-mb-service/src/MbMessages.cpp:97:6:void MbInterface::Messages::FrameContainerInfo::Serialize(uint8_t*) const	16	static
../roki-mb-service/src/MbMessages.cpp:113:20:static MbInterface::Messages::FrameContainerInfo MbInterface::Messages::FrameContainerInfo::Deserialize(const uint8_t*)	16	static
../roki-mb-service/src/MbMessages.cpp:133:8:size_t MbInterface::Messages::FrameContainerInfo::GetPackedSize() const	16	static
../roki-mb-service/src/MbMessages.cpp:137:6:void MbInterface::Messages::FrameNumber::Serialize(uint8_t*) const	16	static
../roki-mb-service/src/MbMessages.cpp:142:13:static MbInterface::Messages::FrameNumber MbInterface::Messages::FrameNumber::Deserialize(const uint8_t*)	24	static
../roki-mb-service/src/MbMessages.cpp:150:8:size_t MbInterface::Messages::FrameNumber::GetPackedSize() const	16	static
../roki-mb-service/src/MbMessages.cpp:152:6:void MbInterface::Messages::StrobeFilterConfig::Serialize(uint8_t*) const	16	static
../roki-mb-service/src/MbMessages.cpp:158:20:static MbInterface::Messages::StrobeFilterConfig MbInterface::Messages::StrobeFilterConfig::Deserialize(const uint8_t*)	24	static
../roki-mb-service/src/MbMessages.cpp:168:8:size_t MbInterface::Messages::StrobeFilterConfig::GetPackedSize() const	16	static
../roki-mb-service/src/MbMessages.cpp:170:6:void MbInterface::Messages::Version::Serialize(uint8_t*) const	16	static
../roki-mb-service/src/MbMessages.cpp:177:9:static MbInterface::Messages::Version MbInterface::Messages::Version::Deserialize(const uint8_t*)	24	static
../roki-mb-service/src/MbMessages.cpp:186:8:size_t MbInterface::Messages::Version::GetPackedSize() const	16	static
../roki-mb-service/src/MbMessages.cpp:188:6:void MbInterface::Messages::BodyQueueInfo::Serialize(uint8_t*) const	16	static
../roki-mb-service/src/MbMessages.cpp:198:15:static MbInterface::Messages::BodyQueueInfo MbInterface::Messages::BodyQueueInfo::Deserialize(const uint8_t*)	24	static
../roki-mb-service/src/MbMessages.cpp:212:8:size_t MbInterface::Messages::BodyQueueInfo::GetPackedSize() const	16	static
../roki-mb-service/src/MbMessages.cpp:214:6:void MbInterface::Messages::PeriodMs::Serialize(uint8_t*) const	16	static
../roki-mb-service/src/MbMessages.cpp:219:10:static MbInterface::Messages::PeriodMs MbInterface::Messages::PeriodMs::Deserialize(const uint8_t*)	24	static
../roki-mb-service/src/MbMessages.cpp:228:8:size_t MbInterface::Messages::PeriodMs::GetPackedSize() const	16	static
../roki-mb-service/src/MbMessages.cpp:230:6:void MbInterface::Messages::BodyRequest::Serialize(uint8_t*) const	16	static
../roki-mb-service/src/MbMessages.cpp:237:13:static MbInterface::Messages::BodyRequest MbInterface::Messages::BodyRequest::Deserialize(const uint8_t*)	16	static
../roki-mb-service/src/MbMessages.cpp:249:8:size_t MbInterface::Messages::BodyRequest::GetPackedSize() const	16	static
../roki-mb-service/src/MbMessages.cpp:253:6:void MbInterface::Messages::BodyResponce::Serialize(uint8_t*) const	16	static
../roki-mb-service/src/MbMessages.cpp:259:14:static MbInterface::Messages::BodyResponce MbInterface::Messages::BodyResponce::Deserialize(const uint8_t*)	16	static
../roki-mb-service/src/MbMessages.cpp:269:8:size_t MbInterface::Messages::BodyResponce::GetPackedSize() const	16	static
../roki-mb-service/src/MbMessages.cpp:273:6:void MbInterface::Messages::BodyQueueRequest::Serialize(uint8_t*) const	16	static
../roki-mb-service/src/MbMessages.cpp:279:18:static MbInterface::Messages::BodyQueueRequest MbInterface::Messages::BodyQueueRequest::Deserialize(const uint8_t*)	32	static
../roki-mb-service/src/MbMessages.cpp:288:8:size_t MbInterface::Messages::BodyQueueRequest::GetPackedSize() const	16	static
../roki-mb-service/src/MbMessages.cpp:292:6:void MbInterface::Messages::BodyARQConfig::Serialize(uint8_t*) const	16	static
../roki-mb-service/src/MbMessages.cpp:302:8:size_t MbInterface::Messages::BodyARQConfig::GetPackedSize() const	16	static
../roki-mb-service/src/MbMessages.cpp:304:15:static MbInterface::Messages::BodyARQConfig MbInterface::Messages::BodyARQConfig::Deserialize(const uint8_t*)	32	static
../roki-mb-service/src/MbMessages.cpp:313:6:void MbInterface::Messages::Word::Serialize(uint8_t*) const	16	static
../roki-mb-service/src/MbMessages.cpp:318:6:static MbInterface::Messages::Word MbInterface::Messages::Word::Deserialize(const uint8_t*)	24	static
../roki-mb-service/src/MbMessages.cpp:326:8:size_t MbInterface::Messages::Word::GetPackedSize() const	16	static
