../IMUHelpers/Src/bhy2.c:73:8:bhy2_get_regs	32	static
../IMUHelpers/Src/bhy2.c:89:8:bhy2_set_regs	32	static
../IMUHelpers/Src/bhy2.c:105:8:bhy2_get_and_process_fifo	72	static
../IMUHelpers/Src/bhy2.c:220:8:bhy2_get_virt_sensor_cfg	56	static
../IMUHelpers/Src/bhy2.c:248:8:bhy2_set_virt_sensor_cfg	32	static
../IMUHelpers/Src/bhy2.c:264:8:bhy2_set_virt_sensor_range	24	static
../IMUHelpers/Src/bhy2.c:285:8:bhy2_get_fifo_ctrl	48	static
../IMUHelpers/Src/bhy2.c:308:8:bhy2_set_fifo_wmark_wkup	56	static
../IMUHelpers/Src/bhy2.c:350:8:bhy2_get_fifo_wmark_wkup	48	static
../IMUHelpers/Src/bhy2.c:369:8:bhy2_set_fifo_wmark_nonwkup	56	static
../IMUHelpers/Src/bhy2.c:411:8:bhy2_get_fifo_wmark_nonwkup	48	static
../IMUHelpers/Src/bhy2.c:430:8:bhy2_get_product_id	24	static
../IMUHelpers/Src/bhy2.c:446:8:bhy2_get_revision_id	24	static
../IMUHelpers/Src/bhy2.c:462:8:bhy2_get_rom_version	24	static
../IMUHelpers/Src/bhy2.c:478:8:bhy2_get_kernel_version	24	static
../IMUHelpers/Src/bhy2.c:494:8:bhy2_get_user_version	24	static
../IMUHelpers/Src/bhy2.c:510:8:bhy2_get_boot_status	24	static
../IMUHelpers/Src/bhy2.c:526:8:bhy2_get_host_status	24	static
../IMUHelpers/Src/bhy2.c:542:8:bhy2_get_virt_sensor_list	32	static
../IMUHelpers/Src/bhy2.c:559:8:bhy2_upload_firmware_to_ram	32	static
../IMUHelpers/Src/bhy2.c:575:8:bhy2_upload_firmware_to_ram_partly	40	static
../IMUHelpers/Src/bhy2.c:595:8:bhy2_boot_from_ram	24	static
../IMUHelpers/Src/bhy2.c:611:8:bhy2_erase_flash	32	static
../IMUHelpers/Src/bhy2.c:627:8:bhy2_upload_firmware_to_flash	64	static
../IMUHelpers/Src/bhy2.c:645:8:bhy2_upload_firmware_to_flash_partly	32	static
../IMUHelpers/Src/bhy2.c:664:8:bhy2_boot_from_flash	24	static
../IMUHelpers/Src/bhy2.c:680:8:bhy2_set_host_interrupt_ctrl	24	static
../IMUHelpers/Src/bhy2.c:696:8:bhy2_get_host_interrupt_ctrl	24	static
../IMUHelpers/Src/bhy2.c:712:8:bhy2_get_interrupt_status	24	static
../IMUHelpers/Src/bhy2.c:728:8:bhy2_set_host_intf_ctrl	24	static
../IMUHelpers/Src/bhy2.c:744:8:bhy2_get_host_intf_ctrl	24	static
../IMUHelpers/Src/bhy2.c:760:8:bhy2_set_fifo_format_ctrl	24	static
../IMUHelpers/Src/bhy2.c:778:8:bhy2_set_timestamp_event_req	24	static
../IMUHelpers/Src/bhy2.c:804:8:bhy2_get_hw_timestamp_ns	56	static
../IMUHelpers/Src/bhy2.c:821:8:bhy2_set_host_ctrl	24	static
../IMUHelpers/Src/bhy2.c:837:8:bhy2_get_host_ctrl	24	static
../IMUHelpers/Src/bhy2.c:853:8:bhy2_soft_passthrough_transfer	320	static
../IMUHelpers/Src/bhy2.c:919:8:bhy2_flush_fifo	24	static
../IMUHelpers/Src/bhy2.c:935:8:bhy2_soft_reset	24	static
../IMUHelpers/Src/bhy2.c:951:8:bhy2_perform_self_test	32	static
../IMUHelpers/Src/bhy2.c:967:8:bhy2_perform_foc	32	static
../IMUHelpers/Src/bhy2.c:983:8:bhy2_set_orientation_matrix	48	static
../IMUHelpers/Src/bhy2.c:999:8:bhy2_get_orientation_matrix	56	static
../IMUHelpers/Src/bhy2.c:1029:8:bhy2_get_sic_matrix	40	static
../IMUHelpers/Src/bhy2.c:1045:8:bhy2_set_sic_matrix	32	static
../IMUHelpers/Src/bhy2.c:1061:8:bhy2_get_calibration_profile	40	static
../IMUHelpers/Src/bhy2.c:1085:8:bhy2_set_calibration_profile	32	static
../IMUHelpers/Src/bhy2.c:1107:8:bhy2_get_post_mortem_data	40	static
../IMUHelpers/Src/bhy2.c:1124:8:bhy2_init	48	static
../IMUHelpers/Src/bhy2.c:1148:8:bhy2_register_fifo_parse_callback	32	static
../IMUHelpers/Src/bhy2.c:1168:8:bhy2_update_virtual_sensor_list	80	static
../IMUHelpers/Src/bhy2.c:1223:8:bhy2_get_sensor_info	32	static
../IMUHelpers/Src/bhy2.c:1239:8:bhy2_set_parameter	32	static
../IMUHelpers/Src/bhy2.c:1255:8:bhy2_get_parameter	40	static
../IMUHelpers/Src/bhy2.c:1271:8:bhy2_get_error_value	24	static
../IMUHelpers/Src/bhy2.c:1287:8:bhy2_set_data_injection_mode	296	static
../IMUHelpers/Src/bhy2.c:1327:15:get_callback_info	32	static
../IMUHelpers/Src/bhy2.c:1358:15:get_buffer_status	24	static
../IMUHelpers/Src/bhy2.c:1372:15:get_time_stamp	32	static
../IMUHelpers/Src/bhy2.c:1388:15:parse_fifo	136	static
