../Core/Src/bhy2_hif.c:67:15:bhy2_hif_exec_cmd_generic	328	static
../Core/Src/bhy2_hif.c:196:15:bhy2_wait_status_ready	24	static
../Core/Src/bhy2_hif.c:230:15:bhy2_hif_check_boot_status_ram	24	static
../Core/Src/bhy2_hif.c:267:15:bhy2_hif_check_boot_status_flash	24	static
../Core/Src/bhy2_hif.c:301:15:bhy2_hif_get_fifo	48	static
../Core/Src/bhy2_hif.c:363:8:bhy2_hif_init	32	static
../Core/Src/bhy2_hif.c:397:8:bhy2_hif_get_regs	40	static
../Core/Src/bhy2_hif.c:422:8:bhy2_hif_set_regs	40	static
../Core/Src/bhy2_hif.c:447:8:bhy2_hif_delay_us	24	static
../Core/Src/bhy2_hif.c:463:8:bhy2_hif_exec_cmd	40	static
../Core/Src/bhy2_hif.c:468:8:bhy2_hif_get_parameter	40	static
../Core/Src/bhy2_hif.c:534:8:bhy2_hif_set_parameter	24	static
../Core/Src/bhy2_hif.c:539:8:bhy2_hif_get_product_id	16	static
../Core/Src/bhy2_hif.c:544:8:bhy2_hif_get_rom_version	24	static
../Core/Src/bhy2_hif.c:562:8:bhy2_hif_get_kernel_version	24	static
../Core/Src/bhy2_hif.c:580:8:bhy2_hif_get_user_version	24	static
../Core/Src/bhy2_hif.c:598:8:bhy2_hif_get_boot_status	16	static
../Core/Src/bhy2_hif.c:603:8:bhy2_hif_get_host_status	16	static
../Core/Src/bhy2_hif.c:608:8:bhy2_hif_get_interrupt_status	16	static
../Core/Src/bhy2_hif.c:613:8:bhy2_hif_get_fw_error	16	static
../Core/Src/bhy2_hif.c:618:8:bhy2_hif_reset	24	static
../Core/Src/bhy2_hif.c:656:8:bhy2_hif_upload_firmware_to_ram	32	static
../Core/Src/bhy2_hif.c:685:8:bhy2_hif_upload_firmware_to_ram_partly	48	static
../Core/Src/bhy2_hif.c:728:8:bhy2_hif_boot_program_ram	24	static
../Core/Src/bhy2_hif.c:741:8:bhy2_hif_get_wakeup_fifo	32	static
../Core/Src/bhy2_hif.c:750:8:bhy2_hif_get_nonwakeup_fifo	32	static
../Core/Src/bhy2_hif.c:759:8:bhy2_hif_get_status_fifo	32	static
../Core/Src/bhy2_hif.c:789:8:bhy2_hif_get_status_fifo_async	32	static
../Core/Src/bhy2_hif.c:798:8:bhy2_hif_exec_sensor_conf_cmd	40	static
../Core/Src/bhy2_hif.c:821:8:bhy2_hif_set_fifo_flush	24	static
../Core/Src/bhy2_hif.c:828:8:bhy2_hif_exec_soft_passthrough	40	static
../Core/Src/bhy2_hif.c:878:8:bhy2_hif_get_post_mortem	40	static
../Core/Src/bhy2_hif.c:929:8:bhy2_hif_do_self_test	64	static
../Core/Src/bhy2_hif.c:995:8:bhy2_hif_do_foc	64	static
../Core/Src/bhy2_hif.c:1059:8:bhy2_hif_get_sensor_ctrl	56	static
../Core/Src/bhy2_hif.c:1131:8:bhy2_hif_set_sensor_ctrl	48	static
../Core/Src/bhy2_hif.c:1147:8:bhy2_hif_get_bsx_state	112	static
../Core/Src/bhy2_hif.c:1196:8:bhy2_hif_set_bsx_state	104	static
../Core/Src/bhy2_hif.c:1230:8:bhy2_hif_erase_flash	56	static
../Core/Src/bhy2_hif.c:1304:8:bhy2_hif_upload_to_flash	72	static
../Core/Src/bhy2_hif.c:1389:8:bhy2_hif_upload_to_flash_partly	104	static
../Core/Src/bhy2_hif.c:1452:8:bhy2_hif_boot_from_flash	24	static
../Core/Src/bhy2_hif.c:1465:8:bhy2_hif_request_hw_timestamp	24	static
../Core/Src/bhy2_hif.c:1472:8:bhy2_hif_get_hw_timestamp	48	static
../Core/Src/bhy2_hif.c:1493:8:bhy2_hif_req_and_get_hw_timestamp	88	static
../Core/Src/bhy2_hif.c:1544:8:bhy2_hif_get_sensor_info	72	static
../Core/Src/bhy2_hif.c:1611:8:bhy2_hif_get_phys_sensor_info	64	static
../Core/Src/bhy2_hif.c:1661:8:bhy2_hif_set_orientation_matrix	48	static
../Core/Src/bhy2_hif.c:1681:8:bhy2_hif_set_inject_data_mode	40	static
../Core/Src/bhy2_hif.c:1728:8:bhy2_hif_inject_data	24	static
