../Core/Src/BHYWrapper.cpp:12:1:BHYWrapper::BHYWrapper(SPI_HandleTypeDef*)	16	static
../Core/Src/BHYWrapper.cpp:17:5:int BHYWrapper::Init(float, uint32_t)	56	static
../Core/Src/BHYWrapper.cpp:99:6:bool BHYWrapper::Poll()	32	static
../Core/Src/BHYWrapper.cpp:111:22:BHYWrapper::BHYFrame BHYWrapper::GetFrame() const	24	static
../Core/Src/BHYWrapper.cpp:115:6:static void BHYWrapper::ParseFrame(const bhy2_fifo_parse_data_info*, void*)	48	static
../Core/Src/BHYWrapper.cpp:146:6:void BHYWrapper::BHYFrame::SerializeTo(uint8_t*, uint8_t*)	32	static
/home/tndrd/st/stm32cubeide_1.10.1_2/plugins/com.st.stm32cube.ide.mcu.externaltools.gnu-tools-for-stm32.10.3-2021.10.linux64_1.0.0.202111181127/tools/arm-none-eabi/include/c++/10.3.1/array:234:7:std::array<_Tp, _Nm>::value_type* std::array<_Tp, _Nm>::data() [with _Tp = unsigned char; unsigned int _Nm = 2048]	16	static
/home/tndrd/st/stm32cubeide_1.10.1_2/plugins/com.st.stm32cube.ide.mcu.externaltools.gnu-tools-for-stm32.10.3-2021.10.linux64_1.0.0.202111181127/tools/arm-none-eabi/include/c++/10.3.1/array:175:7:constexpr std::array<_Tp, _Nm>::size_type std::array<_Tp, _Nm>::size() const [with _Tp = unsigned char; unsigned int _Nm = 2048]	16	static
/home/tndrd/st/stm32cubeide_1.10.1_2/plugins/com.st.stm32cube.ide.mcu.externaltools.gnu-tools-for-stm32.10.3-2021.10.linux64_1.0.0.202111181127/tools/arm-none-eabi/include/c++/10.3.1/array:59:7:static constexpr _Tp* std::__array_traits<_Tp, _Nm>::_S_ptr(const _Tp (&)[_Nm]) [with _Tp = unsigned char; unsigned int _Nm = 2048]	16	static
