/home/tndrd/st/stm32cubeide_1.10.1_2/plugins/com.st.stm32cube.ide.mcu.externaltools.gnu-tools-for-stm32.10.3-2021.10.linux64_1.0.0.202111181127/tools/arm-none-eabi/include/c++/10.3.1/bits/std_abs.h:56:3:long int std::abs(long int)	16	static
/home/tndrd/st/stm32cubeide_1.10.1_2/plugins/com.st.stm32cube.ide.mcu.externaltools.gnu-tools-for-stm32.10.3-2021.10.linux64_1.0.0.202111181127/tools/arm-none-eabi/include/c++/10.3.1/new:174:33:void* operator new(std::size_t, void*)	16	static
/home/tndrd/st/stm32cubeide_1.10.1_2/plugins/com.st.stm32cube.ide.mcu.externaltools.gnu-tools-for-stm32.10.3-2021.10.linux64_1.0.0.202111181127/tools/arm-none-eabi/include/c++/10.3.1/bits/stl_deque.h:96:3:constexpr std::size_t std::__deque_buf_size(std::size_t)	16	static
../Core/Inc/Motherboard.hpp:115:15:static QueueSender::MessageMode::Type QueueSender::MessageMode::Deserialize(uint8_t)	16	static
../Core/Inc/Motherboard.hpp:129:18:static uint8_t QueueSender::ErrorCode::Serialize(QueueSender::ErrorCode::Type)	16	static
../Core/Inc/Motherboard.hpp:164:8:void QueueSender::Info::SerializeTo(uint8_t**)	16	static
../Core/Inc/Motherboard.hpp:60:7:FixedQueue<Request, 500>::FixedQueue()	16	static
../Core/Inc/Motherboard.hpp:60:7:FixedQueue<Responce, 10>::FixedQueue()	16	static
../Core/Inc/Motherboard.hpp:179:2:QueueSender::QueueSender(UART_HandleTypeDef*, size_t, uint8_t)	24	static
../Core/Inc/Motherboard.hpp:184:7:void QueueSender::AddRequest(const Request&)	816	static
../Core/Inc/Motherboard.hpp:206:7:bool QueueSender::HasResponce() const	16	static
../Core/Inc/Motherboard.hpp:210:7:void QueueSender::TickTimer()	16	static
../Core/Inc/Motherboard.hpp:218:7:void QueueSender::SetSendPeriod(uint8_t)	16	static
../Core/Inc/Motherboard.hpp:223:11:Responce QueueSender::GetResponce()	16	static
../Core/Inc/Motherboard.hpp:230:7:void QueueSender::ProcessPriorityRequest()	320	static,ignoring_inline_asm
../Core/Inc/Motherboard.hpp:275:11:Responce QueueSender::SendRequest(const Request&)	120	static,ignoring_inline_asm
../Core/Inc/Motherboard.hpp:317:10:Request QueueSender::ServoDataRequest()	16	static
../Core/Inc/Motherboard.hpp:331:11:Responce QueueSender::GetServoData()	288	static
../Core/Inc/Motherboard.hpp:336:7:void QueueSender::ProcessRequests()	48	static,ignoring_inline_asm
../Core/Inc/Motherboard.hpp:385:18:QueueSender::ErrorCode::Type QueueSender::Receive(uint8_t)	32	static
../Core/Inc/Motherboard.hpp:415:7:bool QueueSender::IsNack(const uint8_t*)	24	static
../Core/Inc/Motherboard.hpp:425:11:Responce QueueSender::CreateResponce(const BufferT&, size_t, QueueSender::MessageMode::Type, QueueSender::ErrorCode::Type) const	24	static
../Core/Inc/Motherboard.hpp:434:11:Responce QueueSender::CreateInfoResponce() const	288	static
/home/tndrd/st/stm32cubeide_1.10.1_2/plugins/com.st.stm32cube.ide.mcu.externaltools.gnu-tools-for-stm32.10.3-2021.10.linux64_1.0.0.202111181127/tools/arm-none-eabi/include/c++/10.3.1/array:189:7:constexpr const value_type& std::array<_Tp, _Nm>::operator[](std::array<_Tp, _Nm>::size_type) const [with _Tp = unsigned char; unsigned int _Nm = 256]	16	static
../Core/Inc/Motherboard.hpp:443:11:Responce QueueSender::ProcessSetPeriodRequest(const Request&)	296	static
../Core/Inc/Motherboard.hpp:461:11:Responce QueueSender::CreateAsyncResponce(const Request&)	296	static
../Core/Inc/Motherboard.hpp:475:7:void QueueSender::ProcessResponces()	16	static
../Core/Inc/Motherboard.hpp:479:7:void QueueSender::FinishTransmit()	16	static
../Core/Inc/Motherboard.hpp:483:7:QueueSender::Info QueueSender::GetInfo() const	24	static
../Core/Inc/Motherboard.hpp:60:7:FixedQueue<Request, 10>::FixedQueue()	16	static
../Core/Inc/Motherboard.hpp:514:2:HeadInterface::HeadInterface(UART_HandleTypeDef*, size_t)	24	static
../Core/Inc/Motherboard.hpp:519:7:void HeadInterface::ResetReadState()	16	static
../Core/Inc/Motherboard.hpp:524:7:bool HeadInterface::HasRequest() const	16	static
../Core/Inc/Motherboard.hpp:528:7:void HeadInterface::Send(const Responce&)	96	static
../Core/Inc/Motherboard.hpp:557:10:Request HeadInterface::GetRequest()	16	static
../Core/Inc/Motherboard.hpp:564:7:void HeadInterface::FinishTransmit()	16	static
../Core/Inc/Motherboard.hpp:568:7:void HeadInterface::ProcessRecievedData()	24	static
../Core/Inc/Motherboard.hpp:638:2:ServoDataFrame::ServoDataFrame(const Responce&)	16	static
../Core/Inc/Motherboard.hpp:645:7:void ServoDataFrame::SerializeTo(uint8_t**)	24	static
../Core/Inc/Motherboard.hpp:662:2:IMUFrame::IMUFrame(const BHYWrapper::BHYFrame&)	24	static
../Core/Inc/Motherboard.hpp:668:7:void IMUFrame::SerializeTo(uint8_t**)	16	static
../Core/Inc/Motherboard.hpp:787:7:void StrobeDurationFilter::ProcessStrobe(const BHYWrapper&)	32	static
../Core/Inc/Motherboard.hpp:819:7:void StrobeDurationFilter::Configure(uint8_t, uint8_t)	16	static
../Core/Inc/Motherboard.hpp:824:8:float StrobeDurationFilter::GetStrobeDuration() const	16	static
../Core/Inc/Motherboard.hpp:832:9:size_t StrobeDurationFilter::GetStrobe() const	16	static
../Core/Inc/Motherboard.hpp:837:7:bool StrobeDurationFilter::HasStrobe() const	16	static
../Core/Inc/Motherboard.hpp:841:7:void StrobeDurationFilter::PopStrobe()	16	static
../Core/Inc/Motherboard.hpp:854:8:void VersionProvider::Version::SerializeTo(uint8_t**)	16	static
../Core/Inc/Motherboard.hpp:870:2:VersionProvider::VersionProvider(uint8_t, uint8_t)	16	static
../Core/Inc/Motherboard.hpp:875:10:VersionProvider::Version VersionProvider::GetVersion() const	24	static
../Core/Inc/Motherboard.hpp:886:7:void IMUFrameMemo::Add(const BHYWrapper::BHYFrame&, size_t)	24	static
../Core/Inc/Motherboard.hpp:899:7:bool IMUFrameMemo::Has(size_t) const	24	static
../Core/Inc/Motherboard.hpp:909:23:BHYWrapper::BHYFrame IMUFrameMemo::Get(size_t) const	32	static
../Core/Inc/Motherboard.hpp:701:7:FrameContainer<IMUFrame>::~FrameContainer()	16	static
../Core/Inc/Motherboard.hpp:701:7:FrameContainer<ServoDataFrame>::~FrameContainer()	16	static
/home/tndrd/st/stm32cubeide_1.10.1_2/plugins/com.st.stm32cube.ide.mcu.externaltools.gnu-tools-for-stm32.10.3-2021.10.linux64_1.0.0.202111181127/tools/arm-none-eabi/include/c++/10.3.1/bits/stl_deque.h:831:7:std::deque<_Tp, _Alloc>::deque() [with _Tp = BHYWrapper::BHYFrame; _Alloc = std::allocator<BHYWrapper::BHYFrame>]	16	static
../Core/Inc/Motherboard.hpp:880:7:IMUFrameMemo::IMUFrameMemo()	16	static
../Core/Inc/Motherboard.hpp:880:7:IMUFrameMemo::~IMUFrameMemo()	16	static
/home/tndrd/st/stm32cubeide_1.10.1_2/plugins/com.st.stm32cube.ide.mcu.externaltools.gnu-tools-for-stm32.10.3-2021.10.linux64_1.0.0.202111181127/tools/arm-none-eabi/include/c++/10.3.1/bits/stl_queue.h:96:11:std::queue<unsigned int>::~queue()	16	static
../Core/Inc/Motherboard.hpp:768:7:StrobeDurationFilter::StrobeDurationFilter()	16	static
../Core/Inc/Motherboard.hpp:768:7:StrobeDurationFilter::~StrobeDurationFilter()	16	static
../Core/Inc/Motherboard.hpp:942:2:MotherboardContext::MotherboardContext(MotherboardConfig)	16	static
../Core/Inc/Motherboard.hpp:974:15:static MotherboardRequestHandler::RequestMode::Type MotherboardRequestHandler::RequestMode::Deserialize(uint8_t)	16	static
../Core/Inc/Motherboard.hpp:1046:11:Responce MotherboardRequestHandler::GetLatestFrame(const Request&, const BHYWrapper&)	72	static
../Core/Inc/Motherboard.hpp:1065:11:Responce MotherboardRequestHandler::DoReset(const Request&, FrameContainer<IMUFrame>&, FrameContainer<ServoDataFrame>&)	24	static
../Core/Inc/Motherboard.hpp:1083:11:Responce MotherboardRequestHandler::SetOffset(const Request&, size_t&)	32	static
../Core/Inc/Motherboard.hpp:1100:11:Responce MotherboardRequestHandler::ConfigureFilter(const Request&, StrobeDurationFilter&)	32	static
../Core/Inc/Motherboard.hpp:1119:11:Responce MotherboardRequestHandler::StrobeWidth(const Request&, const StrobeDurationFilter&)	40	static
../Core/Inc/Motherboard.hpp:1142:11:Responce MotherboardRequestHandler::UnknownModeResponce(const Request&)	24	static
../Core/Inc/Motherboard.hpp:1149:11:Responce MotherboardRequestHandler::GetVersion(const Request&, const VersionProvider&)	32	static
../Core/Inc/Motherboard.hpp:1162:11:Responce MotherboardRequestHandler::Handle(const Request&, MotherboardContext&)	32	static
../Core/Inc/Motherboard.hpp:512:2:HeadInterface::HeadInterface()	16	static
../Core/Inc/Motherboard.hpp:177:2:QueueSender::QueueSender()	16	static
../Core/Inc/BHYWrapper.hpp:47:2:BHYWrapper::BHYWrapper()	16	static
../Core/Inc/Motherboard.hpp:952:2:MotherboardContext::MotherboardContext()	16	static
../Core/Inc/Motherboard.hpp:920:8:MotherboardContext::~MotherboardContext()	16	static
../Core/Inc/Motherboard.hpp:701:7:FrameContainer<IMUFrame>& FrameContainer<IMUFrame>::operator=(FrameContainer<IMUFrame>&&)	16	static
../Core/Inc/Motherboard.hpp:701:7:FrameContainer<ServoDataFrame>& FrameContainer<ServoDataFrame>::operator=(FrameContainer<ServoDataFrame>&&)	16	static
../Core/Inc/Motherboard.hpp:880:7:IMUFrameMemo& IMUFrameMemo::operator=(IMUFrameMemo&&)	16	static
/home/tndrd/st/stm32cubeide_1.10.1_2/plugins/com.st.stm32cube.ide.mcu.externaltools.gnu-tools-for-stm32.10.3-2021.10.linux64_1.0.0.202111181127/tools/arm-none-eabi/include/c++/10.3.1/bits/stl_queue.h:96:11:std::queue<unsigned int>& std::queue<unsigned int>::operator=(std::queue<unsigned int>&&)	16	static
../Core/Inc/Motherboard.hpp:768:7:StrobeDurationFilter& StrobeDurationFilter::operator=(StrobeDurationFilter&&)	16	static
../Core/Inc/Motherboard.hpp:920:8:MotherboardContext& MotherboardContext::operator=(MotherboardContext&&)	16	static
../Core/Src/MotherboardMain.cpp:15:5:int MotherboardInit(MotherboardConfig)	145240	static
../Core/Src/MotherboardMain.cpp:22:5:int MotherboardTick()	1416	static
../Core/Src/MotherboardMain.cpp:73:6:void MotherboardOnStrobe()	8	static
../Core/Src/MotherboardMain.cpp:83:6:void MotherboardOnBodyRecieveComplete()	8	static
../Core/Src/MotherboardMain.cpp:87:6:void MotherboardOnHeadRecieveComplete()	8	static
../Core/Src/MotherboardMain.cpp:91:6:void MotherboardOnHeadTransmitComplete()	8	static
../Core/Src/MotherboardMain.cpp:95:6:void MotherboardOnBodyTransmitComplete()	8	static
../Core/Src/MotherboardMain.cpp:98:6:void MotherboardOnBodyTimerTick()	8	static
../Core/Src/MotherboardMain.cpp:102:6:void MotherboardOnImuTimerTick()	4	static
../Core/Inc/Motherboard.hpp:68:7:bool FixedQueue<T, Capacity>::Push(const T&) [with T = Responce; unsigned int Capacity = 10]	16	static
../Core/Inc/Motherboard.hpp:90:7:bool FixedQueue<T, Capacity>::Empty() const [with T = Responce; unsigned int Capacity = 10]	16	static
../Core/Inc/Motherboard.hpp:85:11:const T& FixedQueue<T, Capacity>::Front() const [with T = Responce; unsigned int Capacity = 10]	16	static
../Core/Inc/Motherboard.hpp:78:7:bool FixedQueue<T, Capacity>::Pop() [with T = Responce; unsigned int Capacity = 10]	16	static
/home/tndrd/st/stm32cubeide_1.10.1_2/plugins/com.st.stm32cube.ide.mcu.externaltools.gnu-tools-for-stm32.10.3-2021.10.linux64_1.0.0.202111181127/tools/arm-none-eabi/include/c++/10.3.1/array:234:7:std::array<_Tp, _Nm>::value_type* std::array<_Tp, _Nm>::data() [with _Tp = unsigned char; unsigned int _Nm = 256]	16	static
/home/tndrd/st/stm32cubeide_1.10.1_2/plugins/com.st.stm32cube.ide.mcu.externaltools.gnu-tools-for-stm32.10.3-2021.10.linux64_1.0.0.202111181127/tools/arm-none-eabi/include/c++/10.3.1/array:238:7:const value_type* std::array<_Tp, _Nm>::data() const [with _Tp = unsigned char; unsigned int _Nm = 256]	16	static
../Core/Inc/Motherboard.hpp:90:7:bool FixedQueue<T, Capacity>::Empty() const [with T = Request; unsigned int Capacity = 500]	16	static
../Core/Inc/Motherboard.hpp:85:11:const T& FixedQueue<T, Capacity>::Front() const [with T = Request; unsigned int Capacity = 500]	16	static
../Core/Inc/Motherboard.hpp:78:7:bool FixedQueue<T, Capacity>::Pop() [with T = Request; unsigned int Capacity = 500]	16	static
/home/tndrd/st/stm32cubeide_1.10.1_2/plugins/com.st.stm32cube.ide.mcu.externaltools.gnu-tools-for-stm32.10.3-2021.10.linux64_1.0.0.202111181127/tools/arm-none-eabi/include/c++/10.3.1/array:55:7:static constexpr _Tp& std::__array_traits<_Tp, _Nm>::_S_ref(const _Tp (&)[_Nm], std::size_t) [with _Tp = unsigned char; unsigned int _Nm = 256]	16	static
../Core/Inc/Motherboard.hpp:94:7:bool FixedQueue<T, Capacity>::Full() const [with T = Request; unsigned int Capacity = 500]	16	static
../Core/Inc/Motherboard.hpp:68:7:bool FixedQueue<T, Capacity>::Push(const T&) [with T = Request; unsigned int Capacity = 500]	16	static
../Core/Inc/Motherboard.hpp:98:9:size_t FixedQueue<T, Capacity>::GetSize() const [with T = Request; unsigned int Capacity = 500]	16	static
../Core/Inc/Motherboard.hpp:98:9:size_t FixedQueue<T, Capacity>::GetSize() const [with T = Responce; unsigned int Capacity = 10]	16	static
../Core/Inc/Motherboard.hpp:90:7:bool FixedQueue<T, Capacity>::Empty() const [with T = Request; unsigned int Capacity = 10]	16	static
../Core/Inc/Motherboard.hpp:85:11:const T& FixedQueue<T, Capacity>::Front() const [with T = Request; unsigned int Capacity = 10]	16	static
../Core/Inc/Motherboard.hpp:78:7:bool FixedQueue<T, Capacity>::Pop() [with T = Request; unsigned int Capacity = 10]	16	static
../Core/Inc/Motherboard.hpp:68:7:bool FixedQueue<T, Capacity>::Push(const T&) [with T = Request; unsigned int Capacity = 10]	16	static
/home/tndrd/st/stm32cubeide_1.10.1_2/plugins/com.st.stm32cube.ide.mcu.externaltools.gnu-tools-for-stm32.10.3-2021.10.linux64_1.0.0.202111181127/tools/arm-none-eabi/include/c++/10.3.1/bits/stl_queue.h:265:7:void std::queue<_Tp, _Sequence>::push(const value_type&) [with _Tp = unsigned int; _Sequence = std::deque<unsigned int, std::allocator<unsigned int> >]	16	static
/home/tndrd/st/stm32cubeide_1.10.1_2/plugins/com.st.stm32cube.ide.mcu.externaltools.gnu-tools-for-stm32.10.3-2021.10.linux64_1.0.0.202111181127/tools/arm-none-eabi/include/c++/10.3.1/bits/stl_queue.h:227:7:std::queue<_Tp, _Sequence>::const_reference std::queue<_Tp, _Sequence>::front() const [with _Tp = unsigned int; _Sequence = std::deque<unsigned int, std::allocator<unsigned int> >]	16	static
/home/tndrd/st/stm32cubeide_1.10.1_2/plugins/com.st.stm32cube.ide.mcu.externaltools.gnu-tools-for-stm32.10.3-2021.10.linux64_1.0.0.202111181127/tools/arm-none-eabi/include/c++/10.3.1/bits/stl_queue.h:203:7:bool std::queue<_Tp, _Sequence>::empty() const [with _Tp = unsigned int; _Sequence = std::deque<unsigned int, std::allocator<unsigned int> >]	16	static
/home/tndrd/st/stm32cubeide_1.10.1_2/plugins/com.st.stm32cube.ide.mcu.externaltools.gnu-tools-for-stm32.10.3-2021.10.linux64_1.0.0.202111181127/tools/arm-none-eabi/include/c++/10.3.1/bits/stl_queue.h:298:7:void std::queue<_Tp, _Sequence>::pop() [with _Tp = unsigned int; _Sequence = std::deque<unsigned int, std::allocator<unsigned int> >]	16	static
/home/tndrd/st/stm32cubeide_1.10.1_2/plugins/com.st.stm32cube.ide.mcu.externaltools.gnu-tools-for-stm32.10.3-2021.10.linux64_1.0.0.202111181127/tools/arm-none-eabi/include/c++/10.3.1/bits/stl_deque.h:1308:7:bool std::deque<_Tp, _Alloc>::empty() const [with _Tp = BHYWrapper::BHYFrame; _Alloc = std::allocator<BHYWrapper::BHYFrame>]	16	static
/home/tndrd/st/stm32cubeide_1.10.1_2/plugins/com.st.stm32cube.ide.mcu.externaltools.gnu-tools-for-stm32.10.3-2021.10.linux64_1.0.0.202111181127/tools/arm-none-eabi/include/c++/10.3.1/bits/stl_deque.h:1456:7:void std::deque<_Tp, _Alloc>::push_front(const value_type&) [with _Tp = BHYWrapper::BHYFrame; _Alloc = std::allocator<BHYWrapper::BHYFrame>]	16	static
/home/tndrd/st/stm32cubeide_1.10.1_2/plugins/com.st.stm32cube.ide.mcu.externaltools.gnu-tools-for-stm32.10.3-2021.10.linux64_1.0.0.202111181127/tools/arm-none-eabi/include/c++/10.3.1/bits/stl_deque.h:1230:7:std::deque<_Tp, _Alloc>::size_type std::deque<_Tp, _Alloc>::size() const [with _Tp = BHYWrapper::BHYFrame; _Alloc = std::allocator<BHYWrapper::BHYFrame>]	16	static
/home/tndrd/st/stm32cubeide_1.10.1_2/plugins/com.st.stm32cube.ide.mcu.externaltools.gnu-tools-for-stm32.10.3-2021.10.linux64_1.0.0.202111181127/tools/arm-none-eabi/include/c++/10.3.1/bits/stl_deque.h:1552:7:void std::deque<_Tp, _Alloc>::pop_back() [with _Tp = BHYWrapper::BHYFrame; _Alloc = std::allocator<BHYWrapper::BHYFrame>]	16	static
/home/tndrd/st/stm32cubeide_1.10.1_2/plugins/com.st.stm32cube.ide.mcu.externaltools.gnu-tools-for-stm32.10.3-2021.10.linux64_1.0.0.202111181127/tools/arm-none-eabi/include/c++/10.3.1/bits/stl_deque.h:1413:7:std::deque<_Tp, _Alloc>::const_reference std::deque<_Tp, _Alloc>::front() const [with _Tp = BHYWrapper::BHYFrame; _Alloc = std::allocator<BHYWrapper::BHYFrame>]	32	static
/home/tndrd/st/stm32cubeide_1.10.1_2/plugins/com.st.stm32cube.ide.mcu.externaltools.gnu-tools-for-stm32.10.3-2021.10.linux64_1.0.0.202111181127/tools/arm-none-eabi/include/c++/10.3.1/bits/stl_deque.h:1342:7:std::deque<_Tp, _Alloc>::const_reference std::deque<_Tp, _Alloc>::operator[](std::deque<_Tp, _Alloc>::size_type) const [with _Tp = BHYWrapper::BHYFrame; _Alloc = std::allocator<BHYWrapper::BHYFrame>]	16	static
/home/tndrd/st/stm32cubeide_1.10.1_2/plugins/com.st.stm32cube.ide.mcu.externaltools.gnu-tools-for-stm32.10.3-2021.10.linux64_1.0.0.202111181127/tools/arm-none-eabi/include/c++/10.3.1/bits/stl_deque.h:831:7:std::deque<_Tp, _Alloc>::deque() [with _Tp = IMUFrame; _Alloc = std::allocator<IMUFrame>]	16	static
../Core/Inc/Motherboard.hpp:731:2:FrameContainer<T>::FrameContainer(uint16_t) [with T = IMUFrame]	16	static
/home/tndrd/st/stm32cubeide_1.10.1_2/plugins/com.st.stm32cube.ide.mcu.externaltools.gnu-tools-for-stm32.10.3-2021.10.linux64_1.0.0.202111181127/tools/arm-none-eabi/include/c++/10.3.1/bits/stl_deque.h:831:7:std::deque<_Tp, _Alloc>::deque() [with _Tp = ServoDataFrame; _Alloc = std::allocator<ServoDataFrame>]	16	static
../Core/Inc/Motherboard.hpp:731:2:FrameContainer<T>::FrameContainer(uint16_t) [with T = ServoDataFrame]	16	static
/home/tndrd/st/stm32cubeide_1.10.1_2/plugins/com.st.stm32cube.ide.mcu.externaltools.gnu-tools-for-stm32.10.3-2021.10.linux64_1.0.0.202111181127/tools/arm-none-eabi/include/c++/10.3.1/bits/stl_deque.h:1003:7:std::deque<_Tp, _Alloc>::~deque() [with _Tp = IMUFrame; _Alloc = std::allocator<IMUFrame>]	48	static
/home/tndrd/st/stm32cubeide_1.10.1_2/plugins/com.st.stm32cube.ide.mcu.externaltools.gnu-tools-for-stm32.10.3-2021.10.linux64_1.0.0.202111181127/tools/arm-none-eabi/include/c++/10.3.1/bits/stl_deque.h:1003:7:std::deque<_Tp, _Alloc>::~deque() [with _Tp = ServoDataFrame; _Alloc = std::allocator<ServoDataFrame>]	48	static
/home/tndrd/st/stm32cubeide_1.10.1_2/plugins/com.st.stm32cube.ide.mcu.externaltools.gnu-tools-for-stm32.10.3-2021.10.linux64_1.0.0.202111181127/tools/arm-none-eabi/include/c++/10.3.1/bits/stl_deque.h:518:14:std::_Deque_base<BHYWrapper::BHYFrame, std::allocator<BHYWrapper::BHYFrame> >::_Deque_impl::~_Deque_impl()	16	static
/home/tndrd/st/stm32cubeide_1.10.1_2/plugins/com.st.stm32cube.ide.mcu.externaltools.gnu-tools-for-stm32.10.3-2021.10.linux64_1.0.0.202111181127/tools/arm-none-eabi/include/c++/10.3.1/bits/stl_deque.h:434:7:std::_Deque_base<_Tp, _Alloc>::_Deque_base() [with _Tp = BHYWrapper::BHYFrame; _Alloc = std::allocator<BHYWrapper::BHYFrame>]	16	static
/home/tndrd/st/stm32cubeide_1.10.1_2/plugins/com.st.stm32cube.ide.mcu.externaltools.gnu-tools-for-stm32.10.3-2021.10.linux64_1.0.0.202111181127/tools/arm-none-eabi/include/c++/10.3.1/bits/stl_deque.h:593:5:std::_Deque_base<_Tp, _Alloc>::~_Deque_base() [with _Tp = BHYWrapper::BHYFrame; _Alloc = std::allocator<BHYWrapper::BHYFrame>]	16	static
/home/tndrd/st/stm32cubeide_1.10.1_2/plugins/com.st.stm32cube.ide.mcu.externaltools.gnu-tools-for-stm32.10.3-2021.10.linux64_1.0.0.202111181127/tools/arm-none-eabi/include/c++/10.3.1/bits/stl_deque.h:1003:7:std::deque<_Tp, _Alloc>::~deque() [with _Tp = BHYWrapper::BHYFrame; _Alloc = std::allocator<BHYWrapper::BHYFrame>]	48	static
/home/tndrd/st/stm32cubeide_1.10.1_2/plugins/com.st.stm32cube.ide.mcu.externaltools.gnu-tools-for-stm32.10.3-2021.10.linux64_1.0.0.202111181127/tools/arm-none-eabi/include/c++/10.3.1/bits/stl_deque.h:831:7:std::deque<_Tp, _Alloc>::deque() [with _Tp = unsigned int; _Alloc = std::allocator<unsigned int>]	16	static
/home/tndrd/st/stm32cubeide_1.10.1_2/plugins/com.st.stm32cube.ide.mcu.externaltools.gnu-tools-for-stm32.10.3-2021.10.linux64_1.0.0.202111181127/tools/arm-none-eabi/include/c++/10.3.1/bits/stl_queue.h:166:2:std::queue<_Tp, _Sequence>::queue() [with _Seq = std::deque<unsigned int, std::allocator<unsigned int> >; _Requires = void; _Tp = unsigned int; _Sequence = std::deque<unsigned int, std::allocator<unsigned int> >]	16	static
/home/tndrd/st/stm32cubeide_1.10.1_2/plugins/com.st.stm32cube.ide.mcu.externaltools.gnu-tools-for-stm32.10.3-2021.10.linux64_1.0.0.202111181127/tools/arm-none-eabi/include/c++/10.3.1/bits/stl_deque.h:1003:7:std::deque<_Tp, _Alloc>::~deque() [with _Tp = unsigned int; _Alloc = std::allocator<unsigned int>]	48	static
../Core/Inc/Motherboard.hpp:735:7:void FrameContainer<T>::Reset() [with T = IMUFrame]	24	static
../Core/Inc/Motherboard.hpp:735:7:void FrameContainer<T>::Reset() [with T = ServoDataFrame]	24	static
/home/tndrd/st/stm32cubeide_1.10.1_2/plugins/com.st.stm32cube.ide.mcu.externaltools.gnu-tools-for-stm32.10.3-2021.10.linux64_1.0.0.202111181127/tools/arm-none-eabi/include/c++/10.3.1/array:185:7:std::array<_Tp, _Nm>::value_type& std::array<_Tp, _Nm>::operator[](std::array<_Tp, _Nm>::size_type) [with _Tp = unsigned char; unsigned int _Nm = 256]	16	static
../Core/Inc/Motherboard.hpp:666:2:IMUFrame::IMUFrame()	16	static
../Core/Inc/Motherboard.hpp:991:11:Responce MotherboardRequestHandler::GetFrameBySeq(const Request&, const FrameContainer<T>&) [with T = IMUFrame]	56	static
../Core/Inc/Motherboard.hpp:991:11:Responce MotherboardRequestHandler::GetFrameBySeq(const Request&, const FrameContainer<T>&) [with T = ServoDataFrame]	312	static
../Core/Inc/Motherboard.hpp:1026:11:Responce MotherboardRequestHandler::GetInfo(const Request&, const FrameContainer<T>&) [with T = IMUFrame]	40	static
../Core/Inc/Motherboard.hpp:1026:11:Responce MotherboardRequestHandler::GetInfo(const Request&, const FrameContainer<T>&) [with T = ServoDataFrame]	40	static
/home/tndrd/st/stm32cubeide_1.10.1_2/plugins/com.st.stm32cube.ide.mcu.externaltools.gnu-tools-for-stm32.10.3-2021.10.linux64_1.0.0.202111181127/tools/arm-none-eabi/include/c++/10.3.1/bits/stl_deque.h:1028:7:std::deque<_Tp, _Alloc>& std::deque<_Tp, _Alloc>::operator=(std::deque<_Tp, _Alloc>&&) [with _Tp = IMUFrame; _Alloc = std::allocator<IMUFrame>]	24	static
/home/tndrd/st/stm32cubeide_1.10.1_2/plugins/com.st.stm32cube.ide.mcu.externaltools.gnu-tools-for-stm32.10.3-2021.10.linux64_1.0.0.202111181127/tools/arm-none-eabi/include/c++/10.3.1/bits/stl_deque.h:1028:7:std::deque<_Tp, _Alloc>& std::deque<_Tp, _Alloc>::operator=(std::deque<_Tp, _Alloc>&&) [with _Tp = ServoDataFrame; _Alloc = std::allocator<ServoDataFrame>]	24	static
/home/tndrd/st/stm32cubeide_1.10.1_2/plugins/com.st.stm32cube.ide.mcu.externaltools.gnu-tools-for-stm32.10.3-2021.10.linux64_1.0.0.202111181127/tools/arm-none-eabi/include/c++/10.3.1/bits/stl_deque.h:1028:7:std::deque<_Tp, _Alloc>& std::deque<_Tp, _Alloc>::operator=(std::deque<_Tp, _Alloc>&&) [with _Tp = BHYWrapper::BHYFrame; _Alloc = std::allocator<BHYWrapper::BHYFrame>]	24	static
/home/tndrd/st/stm32cubeide_1.10.1_2/plugins/com.st.stm32cube.ide.mcu.externaltools.gnu-tools-for-stm32.10.3-2021.10.linux64_1.0.0.202111181127/tools/arm-none-eabi/include/c++/10.3.1/bits/stl_deque.h:1028:7:std::deque<_Tp, _Alloc>& std::deque<_Tp, _Alloc>::operator=(std::deque<_Tp, _Alloc>&&) [with _Tp = unsigned int; _Alloc = std::allocator<unsigned int>]	24	static
/home/tndrd/st/stm32cubeide_1.10.1_2/plugins/com.st.stm32cube.ide.mcu.externaltools.gnu-tools-for-stm32.10.3-2021.10.linux64_1.0.0.202111181127/tools/arm-none-eabi/include/c++/10.3.1/bits/stl_queue.h:270:7:void std::queue<_Tp, _Sequence>::push(std::queue<_Tp, _Sequence>::value_type&&) [with _Tp = unsigned int; _Sequence = std::deque<unsigned int, std::allocator<unsigned int> >]	24	static
/home/tndrd/st/stm32cubeide_1.10.1_2/plugins/com.st.stm32cube.ide.mcu.externaltools.gnu-tools-for-stm32.10.3-2021.10.linux64_1.0.0.202111181127/tools/arm-none-eabi/include/c++/10.3.1/bits/stl_queue.h:216:7:std::queue<_Tp, _Sequence>::reference std::queue<_Tp, _Sequence>::front() [with _Tp = unsigned int; _Sequence = std::deque<unsigned int, std::allocator<unsigned int> >]	16	static
../Core/Inc/Motherboard.hpp:740:7:void FrameContainer<T>::Add(const T&) [with T = IMUFrame]	16	static
../Core/Inc/Motherboard.hpp:740:7:void FrameContainer<T>::Add(const T&) [with T = ServoDataFrame]	16	static
/home/tndrd/st/stm32cubeide_1.10.1_2/plugins/com.st.stm32cube.ide.mcu.externaltools.gnu-tools-for-stm32.10.3-2021.10.linux64_1.0.0.202111181127/tools/arm-none-eabi/include/c++/10.3.1/array:185:7:std::array<_Tp, _Nm>::value_type& std::array<_Tp, _Nm>::operator[](std::array<_Tp, _Nm>::size_type) [with _Tp = Responce; unsigned int _Nm = 10]	16	static
/home/tndrd/st/stm32cubeide_1.10.1_2/plugins/com.st.stm32cube.ide.mcu.externaltools.gnu-tools-for-stm32.10.3-2021.10.linux64_1.0.0.202111181127/tools/arm-none-eabi/include/c++/10.3.1/array:189:7:constexpr const value_type& std::array<_Tp, _Nm>::operator[](std::array<_Tp, _Nm>::size_type) const [with _Tp = Responce; unsigned int _Nm = 10]	16	static
/home/tndrd/st/stm32cubeide_1.10.1_2/plugins/com.st.stm32cube.ide.mcu.externaltools.gnu-tools-for-stm32.10.3-2021.10.linux64_1.0.0.202111181127/tools/arm-none-eabi/include/c++/10.3.1/array:59:7:static constexpr _Tp* std::__array_traits<_Tp, _Nm>::_S_ptr(const _Tp (&)[_Nm]) [with _Tp = unsigned char; unsigned int _Nm = 256]	16	static
/home/tndrd/st/stm32cubeide_1.10.1_2/plugins/com.st.stm32cube.ide.mcu.externaltools.gnu-tools-for-stm32.10.3-2021.10.linux64_1.0.0.202111181127/tools/arm-none-eabi/include/c++/10.3.1/array:189:7:constexpr const value_type& std::array<_Tp, _Nm>::operator[](std::array<_Tp, _Nm>::size_type) const [with _Tp = Request; unsigned int _Nm = 500]	16	static
/home/tndrd/st/stm32cubeide_1.10.1_2/plugins/com.st.stm32cube.ide.mcu.externaltools.gnu-tools-for-stm32.10.3-2021.10.linux64_1.0.0.202111181127/tools/arm-none-eabi/include/c++/10.3.1/array:185:7:std::array<_Tp, _Nm>::value_type& std::array<_Tp, _Nm>::operator[](std::array<_Tp, _Nm>::size_type) [with _Tp = Request; unsigned int _Nm = 500]	16	static
/home/tndrd/st/stm32cubeide_1.10.1_2/plugins/com.st.stm32cube.ide.mcu.externaltools.gnu-tools-for-stm32.10.3-2021.10.linux64_1.0.0.202111181127/tools/arm-none-eabi/include/c++/10.3.1/array:189:7:constexpr const value_type& std::array<_Tp, _Nm>::operator[](std::array<_Tp, _Nm>::size_type) const [with _Tp = Request; unsigned int _Nm = 10]	16	static
/home/tndrd/st/stm32cubeide_1.10.1_2/plugins/com.st.stm32cube.ide.mcu.externaltools.gnu-tools-for-stm32.10.3-2021.10.linux64_1.0.0.202111181127/tools/arm-none-eabi/include/c++/10.3.1/array:185:7:std::array<_Tp, _Nm>::value_type& std::array<_Tp, _Nm>::operator[](std::array<_Tp, _Nm>::size_type) [with _Tp = Request; unsigned int _Nm = 10]	16	static
/home/tndrd/st/stm32cubeide_1.10.1_2/plugins/com.st.stm32cube.ide.mcu.externaltools.gnu-tools-for-stm32.10.3-2021.10.linux64_1.0.0.202111181127/tools/arm-none-eabi/include/c++/10.3.1/bits/stl_deque.h:1493:7:void std::deque<_Tp, _Alloc>::push_back(const value_type&) [with _Tp = unsigned int; _Alloc = std::allocator<unsigned int>]	16	static
/home/tndrd/st/stm32cubeide_1.10.1_2/plugins/com.st.stm32cube.ide.mcu.externaltools.gnu-tools-for-stm32.10.3-2021.10.linux64_1.0.0.202111181127/tools/arm-none-eabi/include/c++/10.3.1/bits/stl_deque.h:1413:7:std::deque<_Tp, _Alloc>::const_reference std::deque<_Tp, _Alloc>::front() const [with _Tp = unsigned int; _Alloc = std::allocator<unsigned int>]	32	static
/home/tndrd/st/stm32cubeide_1.10.1_2/plugins/com.st.stm32cube.ide.mcu.externaltools.gnu-tools-for-stm32.10.3-2021.10.linux64_1.0.0.202111181127/tools/arm-none-eabi/include/c++/10.3.1/bits/stl_deque.h:1308:7:bool std::deque<_Tp, _Alloc>::empty() const [with _Tp = unsigned int; _Alloc = std::allocator<unsigned int>]	16	static
/home/tndrd/st/stm32cubeide_1.10.1_2/plugins/com.st.stm32cube.ide.mcu.externaltools.gnu-tools-for-stm32.10.3-2021.10.linux64_1.0.0.202111181127/tools/arm-none-eabi/include/c++/10.3.1/bits/stl_deque.h:1529:7:void std::deque<_Tp, _Alloc>::pop_front() [with _Tp = unsigned int; _Alloc = std::allocator<unsigned int>]	16	static
/home/tndrd/st/stm32cubeide_1.10.1_2/plugins/com.st.stm32cube.ide.mcu.externaltools.gnu-tools-for-stm32.10.3-2021.10.linux64_1.0.0.202111181127/tools/arm-none-eabi/include/c++/10.3.1/bits/stl_deque.h:268:7:bool std::operator==(const _Self&, const _Self&)	16	static
/home/tndrd/st/stm32cubeide_1.10.1_2/plugins/com.st.stm32cube.ide.mcu.externaltools.gnu-tools-for-stm32.10.3-2021.10.linux64_1.0.0.202111181127/tools/arm-none-eabi/include/c++/10.3.1/bits/alloc_traits.h:507:2:) [with _Up = BHYWrapper::BHYFrame; _Args = {const BHYWrapper::BHYFrame&}; _Tp = BHYWrapper::BHYFrame]	24	static
/home/tndrd/st/stm32cubeide_1.10.1_2/plugins/com.st.stm32cube.ide.mcu.externaltools.gnu-tools-for-stm32.10.3-2021.10.linux64_1.0.0.202111181127/tools/arm-none-eabi/include/c++/10.3.1/bits/deque.tcc:520:7:) [with _Args = {const BHYWrapper::BHYFrame&}; _Tp = BHYWrapper::BHYFrame; _Alloc = std::allocator<BHYWrapper::BHYFrame>]	24	static
/home/tndrd/st/stm32cubeide_1.10.1_2/plugins/com.st.stm32cube.ide.mcu.externaltools.gnu-tools-for-stm32.10.3-2021.10.linux64_1.0.0.202111181127/tools/arm-none-eabi/include/c++/10.3.1/bits/stl_deque.h:353:7:std::_Deque_iterator<BHYWrapper::BHYFrame, BHYWrapper::BHYFrame&, BHYWrapper::BHYFrame*>::difference_type std::operator-(const _Self&, const _Self&)	16	static
/home/tndrd/st/stm32cubeide_1.10.1_2/plugins/com.st.stm32cube.ide.mcu.externaltools.gnu-tools-for-stm32.10.3-2021.10.linux64_1.0.0.202111181127/tools/arm-none-eabi/include/c++/10.3.1/bits/stl_deque.h:544:7:std::_Deque_base<_Tp, _Alloc>::_Tp_alloc_type& std::_Deque_base<_Tp, _Alloc>::_M_get_Tp_allocator() [with _Tp = BHYWrapper::BHYFrame; _Alloc = std::allocator<BHYWrapper::BHYFrame>]	16	static
/home/tndrd/st/stm32cubeide_1.10.1_2/plugins/com.st.stm32cube.ide.mcu.externaltools.gnu-tools-for-stm32.10.3-2021.10.linux64_1.0.0.202111181127/tools/arm-none-eabi/include/c++/10.3.1/bits/alloc_traits.h:527:2:static void std::allocator_traits<std::allocator<_Tp1> >::destroy(std::allocator_traits<std::allocator<_Tp1> >::allocator_type&, _Up*) [with _Up = BHYWrapper::BHYFrame; _Tp = BHYWrapper::BHYFrame]	16	static
/home/tndrd/st/stm32cubeide_1.10.1_2/plugins/com.st.stm32cube.ide.mcu.externaltools.gnu-tools-for-stm32.10.3-2021.10.linux64_1.0.0.202111181127/tools/arm-none-eabi/include/c++/10.3.1/bits/deque.tcc:557:10:void std::deque<_Tp, _Alloc>::_M_pop_back_aux() [with _Tp = BHYWrapper::BHYFrame; _Alloc = std::allocator<BHYWrapper::BHYFrame>]	16	static
/home/tndrd/st/stm32cubeide_1.10.1_2/plugins/com.st.stm32cube.ide.mcu.externaltools.gnu-tools-for-stm32.10.3-2021.10.linux64_1.0.0.202111181127/tools/arm-none-eabi/include/c++/10.3.1/bits/stl_deque.h:1133:7:std::deque<_Tp, _Alloc>::const_iterator std::deque<_Tp, _Alloc>::begin() const [with _Tp = BHYWrapper::BHYFrame; _Alloc = std::allocator<BHYWrapper::BHYFrame>]	16	static
/home/tndrd/st/stm32cubeide_1.10.1_2/plugins/com.st.stm32cube.ide.mcu.externaltools.gnu-tools-for-stm32.10.3-2021.10.linux64_1.0.0.202111181127/tools/arm-none-eabi/include/c++/10.3.1/bits/stl_deque.h:180:7:std::_Deque_iterator<_Tp, _Ref, _Ptr>::reference std::_Deque_iterator<_Tp, _Ref, _Ptr>::operator*() const [with _Tp = BHYWrapper::BHYFrame; _Ref = const BHYWrapper::BHYFrame&; _Ptr = const BHYWrapper::BHYFrame*]	16	static
/home/tndrd/st/stm32cubeide_1.10.1_2/plugins/com.st.stm32cube.ide.mcu.externaltools.gnu-tools-for-stm32.10.3-2021.10.linux64_1.0.0.202111181127/tools/arm-none-eabi/include/c++/10.3.1/bits/stl_deque.h:251:7:std::_Deque_iterator<_Tp, _Ref, _Ptr>::reference std::_Deque_iterator<_Tp, _Ref, _Ptr>::operator[](std::_Deque_iterator<_Tp, _Ref, _Ptr>::difference_type) const [with _Tp = BHYWrapper::BHYFrame; _Ref = BHYWrapper::BHYFrame&; _Ptr = BHYWrapper::BHYFrame*]	32	static
/home/tndrd/st/stm32cubeide_1.10.1_2/plugins/com.st.stm32cube.ide.mcu.externaltools.gnu-tools-for-stm32.10.3-2021.10.linux64_1.0.0.202111181127/tools/arm-none-eabi/include/c++/10.3.1/bits/stl_deque.h:518:14:std::_Deque_base<IMUFrame, std::allocator<IMUFrame> >::_Deque_impl::~_Deque_impl()	16	static
/home/tndrd/st/stm32cubeide_1.10.1_2/plugins/com.st.stm32cube.ide.mcu.externaltools.gnu-tools-for-stm32.10.3-2021.10.linux64_1.0.0.202111181127/tools/arm-none-eabi/include/c++/10.3.1/bits/stl_deque.h:434:7:std::_Deque_base<_Tp, _Alloc>::_Deque_base() [with _Tp = IMUFrame; _Alloc = std::allocator<IMUFrame>]	16	static
/home/tndrd/st/stm32cubeide_1.10.1_2/plugins/com.st.stm32cube.ide.mcu.externaltools.gnu-tools-for-stm32.10.3-2021.10.linux64_1.0.0.202111181127/tools/arm-none-eabi/include/c++/10.3.1/bits/stl_deque.h:593:5:std::_Deque_base<_Tp, _Alloc>::~_Deque_base() [with _Tp = IMUFrame; _Alloc = std::allocator<IMUFrame>]	16	static
/home/tndrd/st/stm32cubeide_1.10.1_2/plugins/com.st.stm32cube.ide.mcu.externaltools.gnu-tools-for-stm32.10.3-2021.10.linux64_1.0.0.202111181127/tools/arm-none-eabi/include/c++/10.3.1/bits/stl_deque.h:518:14:std::_Deque_base<ServoDataFrame, std::allocator<ServoDataFrame> >::_Deque_impl::~_Deque_impl()	16	static
/home/tndrd/st/stm32cubeide_1.10.1_2/plugins/com.st.stm32cube.ide.mcu.externaltools.gnu-tools-for-stm32.10.3-2021.10.linux64_1.0.0.202111181127/tools/arm-none-eabi/include/c++/10.3.1/bits/stl_deque.h:434:7:std::_Deque_base<_Tp, _Alloc>::_Deque_base() [with _Tp = ServoDataFrame; _Alloc = std::allocator<ServoDataFrame>]	16	static
/home/tndrd/st/stm32cubeide_1.10.1_2/plugins/com.st.stm32cube.ide.mcu.externaltools.gnu-tools-for-stm32.10.3-2021.10.linux64_1.0.0.202111181127/tools/arm-none-eabi/include/c++/10.3.1/bits/stl_deque.h:593:5:std::_Deque_base<_Tp, _Alloc>::~_Deque_base() [with _Tp = ServoDataFrame; _Alloc = std::allocator<ServoDataFrame>]	16	static
/home/tndrd/st/stm32cubeide_1.10.1_2/plugins/com.st.stm32cube.ide.mcu.externaltools.gnu-tools-for-stm32.10.3-2021.10.linux64_1.0.0.202111181127/tools/arm-none-eabi/include/c++/10.3.1/bits/stl_deque.h:1125:7:std::deque<_Tp, _Alloc>::iterator std::deque<_Tp, _Alloc>::begin() [with _Tp = IMUFrame; _Alloc = std::allocator<IMUFrame>]	16	static
/home/tndrd/st/stm32cubeide_1.10.1_2/plugins/com.st.stm32cube.ide.mcu.externaltools.gnu-tools-for-stm32.10.3-2021.10.linux64_1.0.0.202111181127/tools/arm-none-eabi/include/c++/10.3.1/bits/stl_deque.h:1142:7:std::deque<_Tp, _Alloc>::iterator std::deque<_Tp, _Alloc>::end() [with _Tp = IMUFrame; _Alloc = std::allocator<IMUFrame>]	16	static
/home/tndrd/st/stm32cubeide_1.10.1_2/plugins/com.st.stm32cube.ide.mcu.externaltools.gnu-tools-for-stm32.10.3-2021.10.linux64_1.0.0.202111181127/tools/arm-none-eabi/include/c++/10.3.1/bits/stl_deque.h:544:7:std::_Deque_base<_Tp, _Alloc>::_Tp_alloc_type& std::_Deque_base<_Tp, _Alloc>::_M_get_Tp_allocator() [with _Tp = IMUFrame; _Alloc = std::allocator<IMUFrame>]	16	static
/home/tndrd/st/stm32cubeide_1.10.1_2/plugins/com.st.stm32cube.ide.mcu.externaltools.gnu-tools-for-stm32.10.3-2021.10.linux64_1.0.0.202111181127/tools/arm-none-eabi/include/c++/10.3.1/bits/stl_deque.h:168:7:std::_Deque_iterator<_Tp, _Ref, _Ptr>::_Deque_iterator(const std::_Deque_iterator<_Tp, _Ref, _Ptr>&) [with _Tp = IMUFrame; _Ref = IMUFrame&; _Ptr = IMUFrame*]	16	static
/home/tndrd/st/stm32cubeide_1.10.1_2/plugins/com.st.stm32cube.ide.mcu.externaltools.gnu-tools-for-stm32.10.3-2021.10.linux64_1.0.0.202111181127/tools/arm-none-eabi/include/c++/10.3.1/bits/stl_deque.h:2042:7:void std::deque<_Tp, _Alloc>::_M_destroy_data(std::deque<_Tp, _Alloc>::iterator, std::deque<_Tp, _Alloc>::iterator, const std::allocator<_Tp1>&) [with _Tp = IMUFrame; _Alloc = std::allocator<IMUFrame>]	56	static
/home/tndrd/st/stm32cubeide_1.10.1_2/plugins/com.st.stm32cube.ide.mcu.externaltools.gnu-tools-for-stm32.10.3-2021.10.linux64_1.0.0.202111181127/tools/arm-none-eabi/include/c++/10.3.1/bits/stl_deque.h:1125:7:std::deque<_Tp, _Alloc>::iterator std::deque<_Tp, _Alloc>::begin() [with _Tp = ServoDataFrame; _Alloc = std::allocator<ServoDataFrame>]	16	static
/home/tndrd/st/stm32cubeide_1.10.1_2/plugins/com.st.stm32cube.ide.mcu.externaltools.gnu-tools-for-stm32.10.3-2021.10.linux64_1.0.0.202111181127/tools/arm-none-eabi/include/c++/10.3.1/bits/stl_deque.h:1142:7:std::deque<_Tp, _Alloc>::iterator std::deque<_Tp, _Alloc>::end() [with _Tp = ServoDataFrame; _Alloc = std::allocator<ServoDataFrame>]	16	static
/home/tndrd/st/stm32cubeide_1.10.1_2/plugins/com.st.stm32cube.ide.mcu.externaltools.gnu-tools-for-stm32.10.3-2021.10.linux64_1.0.0.202111181127/tools/arm-none-eabi/include/c++/10.3.1/bits/stl_deque.h:544:7:std::_Deque_base<_Tp, _Alloc>::_Tp_alloc_type& std::_Deque_base<_Tp, _Alloc>::_M_get_Tp_allocator() [with _Tp = ServoDataFrame; _Alloc = std::allocator<ServoDataFrame>]	16	static
/home/tndrd/st/stm32cubeide_1.10.1_2/plugins/com.st.stm32cube.ide.mcu.externaltools.gnu-tools-for-stm32.10.3-2021.10.linux64_1.0.0.202111181127/tools/arm-none-eabi/include/c++/10.3.1/bits/stl_deque.h:168:7:std::_Deque_iterator<_Tp, _Ref, _Ptr>::_Deque_iterator(const std::_Deque_iterator<_Tp, _Ref, _Ptr>&) [with _Tp = ServoDataFrame; _Ref = ServoDataFrame&; _Ptr = ServoDataFrame*]	16	static
/home/tndrd/st/stm32cubeide_1.10.1_2/plugins/com.st.stm32cube.ide.mcu.externaltools.gnu-tools-for-stm32.10.3-2021.10.linux64_1.0.0.202111181127/tools/arm-none-eabi/include/c++/10.3.1/bits/stl_deque.h:2042:7:void std::deque<_Tp, _Alloc>::_M_destroy_data(std::deque<_Tp, _Alloc>::iterator, std::deque<_Tp, _Alloc>::iterator, const std::allocator<_Tp1>&) [with _Tp = ServoDataFrame; _Alloc = std::allocator<ServoDataFrame>]	56	static
/home/tndrd/st/stm32cubeide_1.10.1_2/plugins/com.st.stm32cube.ide.mcu.externaltools.gnu-tools-for-stm32.10.3-2021.10.linux64_1.0.0.202111181127/tools/arm-none-eabi/include/c++/10.3.1/bits/stl_deque.h:521:2:std::_Deque_base<_Tp, _Alloc>::_Deque_impl::_Deque_impl() [with _Tp = BHYWrapper::BHYFrame; _Alloc = std::allocator<BHYWrapper::BHYFrame>]	16	static
/home/tndrd/st/stm32cubeide_1.10.1_2/plugins/com.st.stm32cube.ide.mcu.externaltools.gnu-tools-for-stm32.10.3-2021.10.linux64_1.0.0.202111181127/tools/arm-none-eabi/include/c++/10.3.1/bits/allocator.h:182:7:std::allocator< <template-parameter-1-1> >::~allocator() [with _Tp = BHYWrapper::BHYFrame]	16	static
/home/tndrd/st/stm32cubeide_1.10.1_2/plugins/com.st.stm32cube.ide.mcu.externaltools.gnu-tools-for-stm32.10.3-2021.10.linux64_1.0.0.202111181127/tools/arm-none-eabi/include/c++/10.3.1/bits/stl_deque.h:614:5:void std::_Deque_base<_Tp, _Alloc>::_M_initialize_map(std::size_t) [with _Tp = BHYWrapper::BHYFrame; _Alloc = std::allocator<BHYWrapper::BHYFrame>]	48	static
/home/tndrd/st/stm32cubeide_1.10.1_2/plugins/com.st.stm32cube.ide.mcu.externaltools.gnu-tools-for-stm32.10.3-2021.10.linux64_1.0.0.202111181127/tools/arm-none-eabi/include/c++/10.3.1/bits/stl_deque.h:671:5:void std::_Deque_base<_Tp, _Alloc>::_M_destroy_nodes(std::_Deque_base<_Tp, _Alloc>::_Map_pointer, std::_Deque_base<_Tp, _Alloc>::_Map_pointer) [with _Tp = BHYWrapper::BHYFrame; _Alloc = std::allocator<BHYWrapper::BHYFrame>]	32	static
/home/tndrd/st/stm32cubeide_1.10.1_2/plugins/com.st.stm32cube.ide.mcu.externaltools.gnu-tools-for-stm32.10.3-2021.10.linux64_1.0.0.202111181127/tools/arm-none-eabi/include/c++/10.3.1/bits/stl_deque.h:577:7:void std::_Deque_base<_Tp, _Alloc>::_M_deallocate_map(std::_Deque_base<_Tp, _Alloc>::_Map_pointer, std::size_t) [with _Tp = BHYWrapper::BHYFrame; _Alloc = std::allocator<BHYWrapper::BHYFrame>]	32	static
/home/tndrd/st/stm32cubeide_1.10.1_2/plugins/com.st.stm32cube.ide.mcu.externaltools.gnu-tools-for-stm32.10.3-2021.10.linux64_1.0.0.202111181127/tools/arm-none-eabi/include/c++/10.3.1/bits/stl_deque.h:1125:7:std::deque<_Tp, _Alloc>::iterator std::deque<_Tp, _Alloc>::begin() [with _Tp = BHYWrapper::BHYFrame; _Alloc = std::allocator<BHYWrapper::BHYFrame>]	16	static
/home/tndrd/st/stm32cubeide_1.10.1_2/plugins/com.st.stm32cube.ide.mcu.externaltools.gnu-tools-for-stm32.10.3-2021.10.linux64_1.0.0.202111181127/tools/arm-none-eabi/include/c++/10.3.1/bits/stl_deque.h:1142:7:std::deque<_Tp, _Alloc>::iterator std::deque<_Tp, _Alloc>::end() [with _Tp = BHYWrapper::BHYFrame; _Alloc = std::allocator<BHYWrapper::BHYFrame>]	16	static
/home/tndrd/st/stm32cubeide_1.10.1_2/plugins/com.st.stm32cube.ide.mcu.externaltools.gnu-tools-for-stm32.10.3-2021.10.linux64_1.0.0.202111181127/tools/arm-none-eabi/include/c++/10.3.1/bits/stl_deque.h:168:7:std::_Deque_iterator<_Tp, _Ref, _Ptr>::_Deque_iterator(const std::_Deque_iterator<_Tp, _Ref, _Ptr>&) [with _Tp = BHYWrapper::BHYFrame; _Ref = BHYWrapper::BHYFrame&; _Ptr = BHYWrapper::BHYFrame*]	16	static
/home/tndrd/st/stm32cubeide_1.10.1_2/plugins/com.st.stm32cube.ide.mcu.externaltools.gnu-tools-for-stm32.10.3-2021.10.linux64_1.0.0.202111181127/tools/arm-none-eabi/include/c++/10.3.1/bits/stl_deque.h:2042:7:void std::deque<_Tp, _Alloc>::_M_destroy_data(std::deque<_Tp, _Alloc>::iterator, std::deque<_Tp, _Alloc>::iterator, const std::allocator<_Tp1>&) [with _Tp = BHYWrapper::BHYFrame; _Alloc = std::allocator<BHYWrapper::BHYFrame>]	56	static
/home/tndrd/st/stm32cubeide_1.10.1_2/plugins/com.st.stm32cube.ide.mcu.externaltools.gnu-tools-for-stm32.10.3-2021.10.linux64_1.0.0.202111181127/tools/arm-none-eabi/include/c++/10.3.1/bits/stl_deque.h:518:14:std::_Deque_base<unsigned int, std::allocator<unsigned int> >::_Deque_impl::~_Deque_impl()	16	static
/home/tndrd/st/stm32cubeide_1.10.1_2/plugins/com.st.stm32cube.ide.mcu.externaltools.gnu-tools-for-stm32.10.3-2021.10.linux64_1.0.0.202111181127/tools/arm-none-eabi/include/c++/10.3.1/bits/stl_deque.h:434:7:std::_Deque_base<_Tp, _Alloc>::_Deque_base() [with _Tp = unsigned int; _Alloc = std::allocator<unsigned int>]	16	static
/home/tndrd/st/stm32cubeide_1.10.1_2/plugins/com.st.stm32cube.ide.mcu.externaltools.gnu-tools-for-stm32.10.3-2021.10.linux64_1.0.0.202111181127/tools/arm-none-eabi/include/c++/10.3.1/bits/stl_deque.h:593:5:std::_Deque_base<_Tp, _Alloc>::~_Deque_base() [with _Tp = unsigned int; _Alloc = std::allocator<unsigned int>]	16	static
/home/tndrd/st/stm32cubeide_1.10.1_2/plugins/com.st.stm32cube.ide.mcu.externaltools.gnu-tools-for-stm32.10.3-2021.10.linux64_1.0.0.202111181127/tools/arm-none-eabi/include/c++/10.3.1/bits/stl_deque.h:1125:7:std::deque<_Tp, _Alloc>::iterator std::deque<_Tp, _Alloc>::begin() [with _Tp = unsigned int; _Alloc = std::allocator<unsigned int>]	16	static
/home/tndrd/st/stm32cubeide_1.10.1_2/plugins/com.st.stm32cube.ide.mcu.externaltools.gnu-tools-for-stm32.10.3-2021.10.linux64_1.0.0.202111181127/tools/arm-none-eabi/include/c++/10.3.1/bits/stl_deque.h:1142:7:std::deque<_Tp, _Alloc>::iterator std::deque<_Tp, _Alloc>::end() [with _Tp = unsigned int; _Alloc = std::allocator<unsigned int>]	16	static
/home/tndrd/st/stm32cubeide_1.10.1_2/plugins/com.st.stm32cube.ide.mcu.externaltools.gnu-tools-for-stm32.10.3-2021.10.linux64_1.0.0.202111181127/tools/arm-none-eabi/include/c++/10.3.1/bits/stl_deque.h:544:7:std::_Deque_base<_Tp, _Alloc>::_Tp_alloc_type& std::_Deque_base<_Tp, _Alloc>::_M_get_Tp_allocator() [with _Tp = unsigned int; _Alloc = std::allocator<unsigned int>]	16	static
/home/tndrd/st/stm32cubeide_1.10.1_2/plugins/com.st.stm32cube.ide.mcu.externaltools.gnu-tools-for-stm32.10.3-2021.10.linux64_1.0.0.202111181127/tools/arm-none-eabi/include/c++/10.3.1/bits/stl_deque.h:168:7:std::_Deque_iterator<_Tp, _Ref, _Ptr>::_Deque_iterator(const std::_Deque_iterator<_Tp, _Ref, _Ptr>&) [with _Tp = unsigned int; _Ref = unsigned int&; _Ptr = unsigned int*]	16	static
/home/tndrd/st/stm32cubeide_1.10.1_2/plugins/com.st.stm32cube.ide.mcu.externaltools.gnu-tools-for-stm32.10.3-2021.10.linux64_1.0.0.202111181127/tools/arm-none-eabi/include/c++/10.3.1/bits/stl_deque.h:2042:7:void std::deque<_Tp, _Alloc>::_M_destroy_data(std::deque<_Tp, _Alloc>::iterator, std::deque<_Tp, _Alloc>::iterator, const std::allocator<_Tp1>&) [with _Tp = unsigned int; _Alloc = std::allocator<unsigned int>]	56	static
/home/tndrd/st/stm32cubeide_1.10.1_2/plugins/com.st.stm32cube.ide.mcu.externaltools.gnu-tools-for-stm32.10.3-2021.10.linux64_1.0.0.202111181127/tools/arm-none-eabi/include/c++/10.3.1/bits/stl_deque.h:1047:7:std::deque<_Tp, _Alloc>& std::deque<_Tp, _Alloc>::operator=(std::initializer_list<_Tp>) [with _Tp = IMUFrame; _Alloc = std::allocator<IMUFrame>]	40	static
/home/tndrd/st/stm32cubeide_1.10.1_2/plugins/com.st.stm32cube.ide.mcu.externaltools.gnu-tools-for-stm32.10.3-2021.10.linux64_1.0.0.202111181127/tools/arm-none-eabi/include/c++/10.3.1/bits/stl_deque.h:1047:7:std::deque<_Tp, _Alloc>& std::deque<_Tp, _Alloc>::operator=(std::initializer_list<_Tp>) [with _Tp = ServoDataFrame; _Alloc = std::allocator<ServoDataFrame>]	40	static
../Core/Inc/Motherboard.hpp:751:7:bool FrameContainer<T>::Get(size_t, T&) const [with T = IMUFrame]	32	static
../Core/Inc/Motherboard.hpp:751:7:bool FrameContainer<T>::Get(size_t, T&) const [with T = ServoDataFrame]	32	static
../Core/Inc/Motherboard.hpp:762:7:FrameContainer<T>::Info FrameContainer<T>::GetInfo() const [with T = IMUFrame]	24	static
../Core/Inc/Motherboard.hpp:714:8:void FrameContainer<T>::Info::SerializeTo(uint8_t**) [with T = IMUFrame]	16	static
../Core/Inc/Motherboard.hpp:762:7:FrameContainer<T>::Info FrameContainer<T>::GetInfo() const [with T = ServoDataFrame]	24	static
../Core/Inc/Motherboard.hpp:714:8:void FrameContainer<T>::Info::SerializeTo(uint8_t**) [with T = ServoDataFrame]	16	static
/home/tndrd/st/stm32cubeide_1.10.1_2/plugins/com.st.stm32cube.ide.mcu.externaltools.gnu-tools-for-stm32.10.3-2021.10.linux64_1.0.0.202111181127/tools/arm-none-eabi/include/c++/10.3.1/bits/move.h:101:5:constexpr typename std::remove_reference<_Tp>::type&& std::move(_Tp&&) [with _Tp = std::deque<IMUFrame, std::allocator<IMUFrame> >&]	16	static
/home/tndrd/st/stm32cubeide_1.10.1_2/plugins/com.st.stm32cube.ide.mcu.externaltools.gnu-tools-for-stm32.10.3-2021.10.linux64_1.0.0.202111181127/tools/arm-none-eabi/include/c++/10.3.1/bits/stl_deque.h:2146:7:void std::deque<_Tp, _Alloc>::_M_move_assign1(std::deque<_Tp, _Alloc>&&, std::true_type) [with _Tp = IMUFrame; _Alloc = std::allocator<IMUFrame>]	32	static
/home/tndrd/st/stm32cubeide_1.10.1_2/plugins/com.st.stm32cube.ide.mcu.externaltools.gnu-tools-for-stm32.10.3-2021.10.linux64_1.0.0.202111181127/tools/arm-none-eabi/include/c++/10.3.1/bits/move.h:101:5:constexpr typename std::remove_reference<_Tp>::type&& std::move(_Tp&&) [with _Tp = std::deque<ServoDataFrame, std::allocator<ServoDataFrame> >&]	16	static
/home/tndrd/st/stm32cubeide_1.10.1_2/plugins/com.st.stm32cube.ide.mcu.externaltools.gnu-tools-for-stm32.10.3-2021.10.linux64_1.0.0.202111181127/tools/arm-none-eabi/include/c++/10.3.1/bits/stl_deque.h:2146:7:void std::deque<_Tp, _Alloc>::_M_move_assign1(std::deque<_Tp, _Alloc>&&, std::true_type) [with _Tp = ServoDataFrame; _Alloc = std::allocator<ServoDataFrame>]	32	static
/home/tndrd/st/stm32cubeide_1.10.1_2/plugins/com.st.stm32cube.ide.mcu.externaltools.gnu-tools-for-stm32.10.3-2021.10.linux64_1.0.0.202111181127/tools/arm-none-eabi/include/c++/10.3.1/bits/move.h:101:5:constexpr typename std::remove_reference<_Tp>::type&& std::move(_Tp&&) [with _Tp = std::deque<BHYWrapper::BHYFrame>&]	16	static
/home/tndrd/st/stm32cubeide_1.10.1_2/plugins/com.st.stm32cube.ide.mcu.externaltools.gnu-tools-for-stm32.10.3-2021.10.linux64_1.0.0.202111181127/tools/arm-none-eabi/include/c++/10.3.1/bits/stl_deque.h:2146:7:void std::deque<_Tp, _Alloc>::_M_move_assign1(std::deque<_Tp, _Alloc>&&, std::true_type) [with _Tp = BHYWrapper::BHYFrame; _Alloc = std::allocator<BHYWrapper::BHYFrame>]	32	static
/home/tndrd/st/stm32cubeide_1.10.1_2/plugins/com.st.stm32cube.ide.mcu.externaltools.gnu-tools-for-stm32.10.3-2021.10.linux64_1.0.0.202111181127/tools/arm-none-eabi/include/c++/10.3.1/bits/move.h:101:5:constexpr typename std::remove_reference<_Tp>::type&& std::move(_Tp&&) [with _Tp = std::deque<unsigned int, std::allocator<unsigned int> >&]	16	static
/home/tndrd/st/stm32cubeide_1.10.1_2/plugins/com.st.stm32cube.ide.mcu.externaltools.gnu-tools-for-stm32.10.3-2021.10.linux64_1.0.0.202111181127/tools/arm-none-eabi/include/c++/10.3.1/bits/stl_deque.h:2146:7:void std::deque<_Tp, _Alloc>::_M_move_assign1(std::deque<_Tp, _Alloc>&&, std::true_type) [with _Tp = unsigned int; _Alloc = std::allocator<unsigned int>]	32	static
/home/tndrd/st/stm32cubeide_1.10.1_2/plugins/com.st.stm32cube.ide.mcu.externaltools.gnu-tools-for-stm32.10.3-2021.10.linux64_1.0.0.202111181127/tools/arm-none-eabi/include/c++/10.3.1/bits/move.h:101:5:constexpr typename std::remove_reference<_Tp>::type&& std::move(_Tp&&) [with _Tp = unsigned int&]	16	static
/home/tndrd/st/stm32cubeide_1.10.1_2/plugins/com.st.stm32cube.ide.mcu.externaltools.gnu-tools-for-stm32.10.3-2021.10.linux64_1.0.0.202111181127/tools/arm-none-eabi/include/c++/10.3.1/bits/stl_deque.h:1508:7:void std::deque<_Tp, _Alloc>::push_back(std::deque<_Tp, _Alloc>::value_type&&) [with _Tp = unsigned int; _Alloc = std::allocator<unsigned int>]	16	static
/home/tndrd/st/stm32cubeide_1.10.1_2/plugins/com.st.stm32cube.ide.mcu.externaltools.gnu-tools-for-stm32.10.3-2021.10.linux64_1.0.0.202111181127/tools/arm-none-eabi/include/c++/10.3.1/bits/stl_deque.h:1402:7:std::deque<_Tp, _Alloc>::reference std::deque<_Tp, _Alloc>::front() [with _Tp = unsigned int; _Alloc = std::allocator<unsigned int>]	32	static
/home/tndrd/st/stm32cubeide_1.10.1_2/plugins/com.st.stm32cube.ide.mcu.externaltools.gnu-tools-for-stm32.10.3-2021.10.linux64_1.0.0.202111181127/tools/arm-none-eabi/include/c++/10.3.1/bits/stl_deque.h:1456:7:void std::deque<_Tp, _Alloc>::push_front(const value_type&) [with _Tp = IMUFrame; _Alloc = std::allocator<IMUFrame>]	16	static
/home/tndrd/st/stm32cubeide_1.10.1_2/plugins/com.st.stm32cube.ide.mcu.externaltools.gnu-tools-for-stm32.10.3-2021.10.linux64_1.0.0.202111181127/tools/arm-none-eabi/include/c++/10.3.1/bits/stl_deque.h:1230:7:std::deque<_Tp, _Alloc>::size_type std::deque<_Tp, _Alloc>::size() const [with _Tp = IMUFrame; _Alloc = std::allocator<IMUFrame>]	16	static
../Core/Inc/Motherboard.hpp:746:7:void FrameContainer<T>::Remove() [with T = IMUFrame]	16	static
/home/tndrd/st/stm32cubeide_1.10.1_2/plugins/com.st.stm32cube.ide.mcu.externaltools.gnu-tools-for-stm32.10.3-2021.10.linux64_1.0.0.202111181127/tools/arm-none-eabi/include/c++/10.3.1/bits/stl_deque.h:1456:7:void std::deque<_Tp, _Alloc>::push_front(const value_type&) [with _Tp = ServoDataFrame; _Alloc = std::allocator<ServoDataFrame>]	16	static
/home/tndrd/st/stm32cubeide_1.10.1_2/plugins/com.st.stm32cube.ide.mcu.externaltools.gnu-tools-for-stm32.10.3-2021.10.linux64_1.0.0.202111181127/tools/arm-none-eabi/include/c++/10.3.1/bits/stl_deque.h:1230:7:std::deque<_Tp, _Alloc>::size_type std::deque<_Tp, _Alloc>::size() const [with _Tp = ServoDataFrame; _Alloc = std::allocator<ServoDataFrame>]	16	static
../Core/Inc/Motherboard.hpp:746:7:void FrameContainer<T>::Remove() [with T = ServoDataFrame]	16	static
/home/tndrd/st/stm32cubeide_1.10.1_2/plugins/com.st.stm32cube.ide.mcu.externaltools.gnu-tools-for-stm32.10.3-2021.10.linux64_1.0.0.202111181127/tools/arm-none-eabi/include/c++/10.3.1/array:55:7:static constexpr _Tp& std::__array_traits<_Tp, _Nm>::_S_ref(const _Tp (&)[_Nm], std::size_t) [with _Tp = Responce; unsigned int _Nm = 10]	16	static
/home/tndrd/st/stm32cubeide_1.10.1_2/plugins/com.st.stm32cube.ide.mcu.externaltools.gnu-tools-for-stm32.10.3-2021.10.linux64_1.0.0.202111181127/tools/arm-none-eabi/include/c++/10.3.1/array:55:7:static constexpr _Tp& std::__array_traits<_Tp, _Nm>::_S_ref(const _Tp (&)[_Nm], std::size_t) [with _Tp = Request; unsigned int _Nm = 500]	16	static
/home/tndrd/st/stm32cubeide_1.10.1_2/plugins/com.st.stm32cube.ide.mcu.externaltools.gnu-tools-for-stm32.10.3-2021.10.linux64_1.0.0.202111181127/tools/arm-none-eabi/include/c++/10.3.1/array:55:7:static constexpr _Tp& std::__array_traits<_Tp, _Nm>::_S_ref(const _Tp (&)[_Nm], std::size_t) [with _Tp = Request; unsigned int _Nm = 10]	16	static
/home/tndrd/st/stm32cubeide_1.10.1_2/plugins/com.st.stm32cube.ide.mcu.externaltools.gnu-tools-for-stm32.10.3-2021.10.linux64_1.0.0.202111181127/tools/arm-none-eabi/include/c++/10.3.1/bits/alloc_traits.h:507:2:) [with _Up = unsigned int; _Args = {const unsigned int&}; _Tp = unsigned int]	24	static
/home/tndrd/st/stm32cubeide_1.10.1_2/plugins/com.st.stm32cube.ide.mcu.externaltools.gnu-tools-for-stm32.10.3-2021.10.linux64_1.0.0.202111181127/tools/arm-none-eabi/include/c++/10.3.1/bits/deque.tcc:481:7:) [with _Args = {const unsigned int&}; _Tp = unsigned int; _Alloc = std::allocator<unsigned int>]	24	static
/home/tndrd/st/stm32cubeide_1.10.1_2/plugins/com.st.stm32cube.ide.mcu.externaltools.gnu-tools-for-stm32.10.3-2021.10.linux64_1.0.0.202111181127/tools/arm-none-eabi/include/c++/10.3.1/bits/stl_deque.h:1133:7:std::deque<_Tp, _Alloc>::const_iterator std::deque<_Tp, _Alloc>::begin() const [with _Tp = unsigned int; _Alloc = std::allocator<unsigned int>]	16	static
/home/tndrd/st/stm32cubeide_1.10.1_2/plugins/com.st.stm32cube.ide.mcu.externaltools.gnu-tools-for-stm32.10.3-2021.10.linux64_1.0.0.202111181127/tools/arm-none-eabi/include/c++/10.3.1/bits/stl_deque.h:180:7:std::_Deque_iterator<_Tp, _Ref, _Ptr>::reference std::_Deque_iterator<_Tp, _Ref, _Ptr>::operator*() const [with _Tp = unsigned int; _Ref = const unsigned int&; _Ptr = const unsigned int*]	16	static
/home/tndrd/st/stm32cubeide_1.10.1_2/plugins/com.st.stm32cube.ide.mcu.externaltools.gnu-tools-for-stm32.10.3-2021.10.linux64_1.0.0.202111181127/tools/arm-none-eabi/include/c++/10.3.1/bits/stl_deque.h:268:7:bool std::operator==(const _Self&, const _Self&)	16	static
/home/tndrd/st/stm32cubeide_1.10.1_2/plugins/com.st.stm32cube.ide.mcu.externaltools.gnu-tools-for-stm32.10.3-2021.10.linux64_1.0.0.202111181127/tools/arm-none-eabi/include/c++/10.3.1/bits/alloc_traits.h:527:2:static void std::allocator_traits<std::allocator<_Tp1> >::destroy(std::allocator_traits<std::allocator<_Tp1> >::allocator_type&, _Up*) [with _Up = unsigned int; _Tp = unsigned int]	16	static
/home/tndrd/st/stm32cubeide_1.10.1_2/plugins/com.st.stm32cube.ide.mcu.externaltools.gnu-tools-for-stm32.10.3-2021.10.linux64_1.0.0.202111181127/tools/arm-none-eabi/include/c++/10.3.1/bits/deque.tcc:573:10:void std::deque<_Tp, _Alloc>::_M_pop_front_aux() [with _Tp = unsigned int; _Alloc = std::allocator<unsigned int>]	16	static
/home/tndrd/st/stm32cubeide_1.10.1_2/plugins/com.st.stm32cube.ide.mcu.externaltools.gnu-tools-for-stm32.10.3-2021.10.linux64_1.0.0.202111181127/tools/arm-none-eabi/include/c++/10.3.1/bits/move.h:76:5:constexpr _Tp&& std::forward(typename std::remove_reference<_Tp>::type&) [with _Tp = const BHYWrapper::BHYFrame&]	16	static
/home/tndrd/st/stm32cubeide_1.10.1_2/plugins/com.st.stm32cube.ide.mcu.externaltools.gnu-tools-for-stm32.10.3-2021.10.linux64_1.0.0.202111181127/tools/arm-none-eabi/include/c++/10.3.1/ext/new_allocator.h:154:2:) [with _Up = BHYWrapper::BHYFrame; _Args = {const BHYWrapper::BHYFrame&}; _Tp = BHYWrapper::BHYFrame]	32	static
/home/tndrd/st/stm32cubeide_1.10.1_2/plugins/com.st.stm32cube.ide.mcu.externaltools.gnu-tools-for-stm32.10.3-2021.10.linux64_1.0.0.202111181127/tools/arm-none-eabi/include/c++/10.3.1/bits/stl_deque.h:1235:7:std::deque<_Tp, _Alloc>::size_type std::deque<_Tp, _Alloc>::max_size() const [with _Tp = BHYWrapper::BHYFrame; _Alloc = std::allocator<BHYWrapper::BHYFrame>]	16	static
/home/tndrd/st/stm32cubeide_1.10.1_2/plugins/com.st.stm32cube.ide.mcu.externaltools.gnu-tools-for-stm32.10.3-2021.10.linux64_1.0.0.202111181127/tools/arm-none-eabi/include/c++/10.3.1/bits/stl_deque.h:2131:7:void std::deque<_Tp, _Alloc>::_M_reserve_map_at_front(std::deque<_Tp, _Alloc>::size_type) [with _Tp = BHYWrapper::BHYFrame; _Alloc = std::allocator<BHYWrapper::BHYFrame>]	16	static
/home/tndrd/st/stm32cubeide_1.10.1_2/plugins/com.st.stm32cube.ide.mcu.externaltools.gnu-tools-for-stm32.10.3-2021.10.linux64_1.0.0.202111181127/tools/arm-none-eabi/include/c++/10.3.1/bits/stl_deque.h:556:7:std::_Deque_base<_Tp, _Alloc>::_Ptr std::_Deque_base<_Tp, _Alloc>::_M_allocate_node() [with _Tp = BHYWrapper::BHYFrame; _Alloc = std::allocator<BHYWrapper::BHYFrame>]	24	static
/home/tndrd/st/stm32cubeide_1.10.1_2/plugins/com.st.stm32cube.ide.mcu.externaltools.gnu-tools-for-stm32.10.3-2021.10.linux64_1.0.0.202111181127/tools/arm-none-eabi/include/c++/10.3.1/bits/stl_deque.h:260:7:void std::_Deque_iterator<_Tp, _Ref, _Ptr>::_M_set_node(std::_Deque_iterator<_Tp, _Ref, _Ptr>::_Map_pointer) [with _Tp = BHYWrapper::BHYFrame; _Ref = BHYWrapper::BHYFrame&; _Ptr = BHYWrapper::BHYFrame*]	24	static
/home/tndrd/st/stm32cubeide_1.10.1_2/plugins/com.st.stm32cube.ide.mcu.externaltools.gnu-tools-for-stm32.10.3-2021.10.linux64_1.0.0.202111181127/tools/arm-none-eabi/include/c++/10.3.1/bits/stl_deque.h:563:7:void std::_Deque_base<_Tp, _Alloc>::_M_deallocate_node(std::_Deque_base<_Tp, _Alloc>::_Ptr) [with _Tp = BHYWrapper::BHYFrame; _Alloc = std::allocator<BHYWrapper::BHYFrame>]	24	static
/home/tndrd/st/stm32cubeide_1.10.1_2/plugins/com.st.stm32cube.ide.mcu.externaltools.gnu-tools-for-stm32.10.3-2021.10.linux64_1.0.0.202111181127/tools/arm-none-eabi/include/c++/10.3.1/bits/stl_deque.h:131:21:static std::size_t std::_Deque_iterator<_Tp, _Ref, _Ptr>::_S_buffer_size() [with _Tp = BHYWrapper::BHYFrame; _Ref = BHYWrapper::BHYFrame&; _Ptr = BHYWrapper::BHYFrame*]	8	static
/home/tndrd/st/stm32cubeide_1.10.1_2/plugins/com.st.stm32cube.ide.mcu.externaltools.gnu-tools-for-stm32.10.3-2021.10.linux64_1.0.0.202111181127/tools/arm-none-eabi/include/c++/10.3.1/ext/new_allocator.h:160:2:void __gnu_cxx::new_allocator<_Tp>::destroy(_Up*) [with _Up = BHYWrapper::BHYFrame; _Tp = BHYWrapper::BHYFrame]	16	static
/home/tndrd/st/stm32cubeide_1.10.1_2/plugins/com.st.stm32cube.ide.mcu.externaltools.gnu-tools-for-stm32.10.3-2021.10.linux64_1.0.0.202111181127/tools/arm-none-eabi/include/c++/10.3.1/bits/stl_deque.h:164:8:std::_Deque_iterator<_Tp, _Ref, _Ptr>::_Deque_iterator(const _Iter&) [with _Iter = std::_Deque_iterator<BHYWrapper::BHYFrame, BHYWrapper::BHYFrame&, BHYWrapper::BHYFrame*>; <template-parameter-2-2> = void; _Tp = BHYWrapper::BHYFrame; _Ref = const BHYWrapper::BHYFrame&; _Ptr = const BHYWrapper::BHYFrame*]	16	static
/home/tndrd/st/stm32cubeide_1.10.1_2/plugins/com.st.stm32cube.ide.mcu.externaltools.gnu-tools-for-stm32.10.3-2021.10.linux64_1.0.0.202111181127/tools/arm-none-eabi/include/c++/10.3.1/bits/stl_deque.h:375:7:std::_Deque_iterator<BHYWrapper::BHYFrame, BHYWrapper::BHYFrame&, BHYWrapper::BHYFrame*>::_Self std::operator+(const _Self&, std::_Deque_iterator<BHYWrapper::BHYFrame, BHYWrapper::BHYFrame&, BHYWrapper::BHYFrame*>::difference_type)	24	static
/home/tndrd/st/stm32cubeide_1.10.1_2/plugins/com.st.stm32cube.ide.mcu.externaltools.gnu-tools-for-stm32.10.3-2021.10.linux64_1.0.0.202111181127/tools/arm-none-eabi/include/c++/10.3.1/bits/stl_deque.h:180:7:std::_Deque_iterator<_Tp, _Ref, _Ptr>::reference std::_Deque_iterator<_Tp, _Ref, _Ptr>::operator*() const [with _Tp = BHYWrapper::BHYFrame; _Ref = BHYWrapper::BHYFrame&; _Ptr = BHYWrapper::BHYFrame*]	16	static
/home/tndrd/st/stm32cubeide_1.10.1_2/plugins/com.st.stm32cube.ide.mcu.externaltools.gnu-tools-for-stm32.10.3-2021.10.linux64_1.0.0.202111181127/tools/arm-none-eabi/include/c++/10.3.1/bits/stl_deque.h:521:2:std::_Deque_base<_Tp, _Alloc>::_Deque_impl::_Deque_impl() [with _Tp = IMUFrame; _Alloc = std::allocator<IMUFrame>]	16	static
/home/tndrd/st/stm32cubeide_1.10.1_2/plugins/com.st.stm32cube.ide.mcu.externaltools.gnu-tools-for-stm32.10.3-2021.10.linux64_1.0.0.202111181127/tools/arm-none-eabi/include/c++/10.3.1/bits/allocator.h:182:7:std::allocator< <template-parameter-1-1> >::~allocator() [with _Tp = IMUFrame]	16	static
/home/tndrd/st/stm32cubeide_1.10.1_2/plugins/com.st.stm32cube.ide.mcu.externaltools.gnu-tools-for-stm32.10.3-2021.10.linux64_1.0.0.202111181127/tools/arm-none-eabi/include/c++/10.3.1/bits/stl_deque.h:614:5:void std::_Deque_base<_Tp, _Alloc>::_M_initialize_map(std::size_t) [with _Tp = IMUFrame; _Alloc = std::allocator<IMUFrame>]	48	static
/home/tndrd/st/stm32cubeide_1.10.1_2/plugins/com.st.stm32cube.ide.mcu.externaltools.gnu-tools-for-stm32.10.3-2021.10.linux64_1.0.0.202111181127/tools/arm-none-eabi/include/c++/10.3.1/bits/stl_deque.h:671:5:void std::_Deque_base<_Tp, _Alloc>::_M_destroy_nodes(std::_Deque_base<_Tp, _Alloc>::_Map_pointer, std::_Deque_base<_Tp, _Alloc>::_Map_pointer) [with _Tp = IMUFrame; _Alloc = std::allocator<IMUFrame>]	32	static
/home/tndrd/st/stm32cubeide_1.10.1_2/plugins/com.st.stm32cube.ide.mcu.externaltools.gnu-tools-for-stm32.10.3-2021.10.linux64_1.0.0.202111181127/tools/arm-none-eabi/include/c++/10.3.1/bits/stl_deque.h:577:7:void std::_Deque_base<_Tp, _Alloc>::_M_deallocate_map(std::_Deque_base<_Tp, _Alloc>::_Map_pointer, std::size_t) [with _Tp = IMUFrame; _Alloc = std::allocator<IMUFrame>]	32	static
/home/tndrd/st/stm32cubeide_1.10.1_2/plugins/com.st.stm32cube.ide.mcu.externaltools.gnu-tools-for-stm32.10.3-2021.10.linux64_1.0.0.202111181127/tools/arm-none-eabi/include/c++/10.3.1/bits/stl_deque.h:521:2:std::_Deque_base<_Tp, _Alloc>::_Deque_impl::_Deque_impl() [with _Tp = ServoDataFrame; _Alloc = std::allocator<ServoDataFrame>]	16	static
/home/tndrd/st/stm32cubeide_1.10.1_2/plugins/com.st.stm32cube.ide.mcu.externaltools.gnu-tools-for-stm32.10.3-2021.10.linux64_1.0.0.202111181127/tools/arm-none-eabi/include/c++/10.3.1/bits/allocator.h:182:7:std::allocator< <template-parameter-1-1> >::~allocator() [with _Tp = ServoDataFrame]	16	static
/home/tndrd/st/stm32cubeide_1.10.1_2/plugins/com.st.stm32cube.ide.mcu.externaltools.gnu-tools-for-stm32.10.3-2021.10.linux64_1.0.0.202111181127/tools/arm-none-eabi/include/c++/10.3.1/bits/stl_deque.h:614:5:void std::_Deque_base<_Tp, _Alloc>::_M_initialize_map(std::size_t) [with _Tp = ServoDataFrame; _Alloc = std::allocator<ServoDataFrame>]	48	static
/home/tndrd/st/stm32cubeide_1.10.1_2/plugins/com.st.stm32cube.ide.mcu.externaltools.gnu-tools-for-stm32.10.3-2021.10.linux64_1.0.0.202111181127/tools/arm-none-eabi/include/c++/10.3.1/bits/stl_deque.h:671:5:void std::_Deque_base<_Tp, _Alloc>::_M_destroy_nodes(std::_Deque_base<_Tp, _Alloc>::_Map_pointer, std::_Deque_base<_Tp, _Alloc>::_Map_pointer) [with _Tp = ServoDataFrame; _Alloc = std::allocator<ServoDataFrame>]	32	static
/home/tndrd/st/stm32cubeide_1.10.1_2/plugins/com.st.stm32cube.ide.mcu.externaltools.gnu-tools-for-stm32.10.3-2021.10.linux64_1.0.0.202111181127/tools/arm-none-eabi/include/c++/10.3.1/bits/stl_deque.h:577:7:void std::_Deque_base<_Tp, _Alloc>::_M_deallocate_map(std::_Deque_base<_Tp, _Alloc>::_Map_pointer, std::size_t) [with _Tp = ServoDataFrame; _Alloc = std::allocator<ServoDataFrame>]	32	static
/home/tndrd/st/stm32cubeide_1.10.1_2/plugins/com.st.stm32cube.ide.mcu.externaltools.gnu-tools-for-stm32.10.3-2021.10.linux64_1.0.0.202111181127/tools/arm-none-eabi/include/c++/10.3.1/bits/allocator.h:164:7:std::allocator< <template-parameter-1-1> >::allocator() [with _Tp = BHYWrapper::BHYFrame]	16	static
/home/tndrd/st/stm32cubeide_1.10.1_2/plugins/com.st.stm32cube.ide.mcu.externaltools.gnu-tools-for-stm32.10.3-2021.10.linux64_1.0.0.202111181127/tools/arm-none-eabi/include/c++/10.3.1/bits/stl_deque.h:492:2:std::_Deque_base<_Tp, _Alloc>::_Deque_impl_data::_Deque_impl_data() [with _Tp = BHYWrapper::BHYFrame; _Alloc = std::allocator<BHYWrapper::BHYFrame>]	16	static
/home/tndrd/st/stm32cubeide_1.10.1_2/plugins/com.st.stm32cube.ide.mcu.externaltools.gnu-tools-for-stm32.10.3-2021.10.linux64_1.0.0.202111181127/tools/arm-none-eabi/include/c++/10.3.1/ext/new_allocator.h:89:7:__gnu_cxx::new_allocator<_Tp>::~new_allocator() [with _Tp = BHYWrapper::BHYFrame]	16	static
/home/tndrd/st/stm32cubeide_1.10.1_2/plugins/com.st.stm32cube.ide.mcu.externaltools.gnu-tools-for-stm32.10.3-2021.10.linux64_1.0.0.202111181127/tools/arm-none-eabi/include/c++/10.3.1/bits/stl_algobase.h:254:5:constexpr const _Tp& std::max(const _Tp&, const _Tp&) [with _Tp = unsigned int]	16	static
/home/tndrd/st/stm32cubeide_1.10.1_2/plugins/com.st.stm32cube.ide.mcu.externaltools.gnu-tools-for-stm32.10.3-2021.10.linux64_1.0.0.202111181127/tools/arm-none-eabi/include/c++/10.3.1/bits/stl_deque.h:570:7:std::_Deque_base<_Tp, _Alloc>::_Map_pointer std::_Deque_base<_Tp, _Alloc>::_M_allocate_map(std::size_t) [with _Tp = BHYWrapper::BHYFrame; _Alloc = std::allocator<BHYWrapper::BHYFrame>]	32	static
/home/tndrd/st/stm32cubeide_1.10.1_2/plugins/com.st.stm32cube.ide.mcu.externaltools.gnu-tools-for-stm32.10.3-2021.10.linux64_1.0.0.202111181127/tools/arm-none-eabi/include/c++/10.3.1/bits/stl_deque.h:653:5:void std::_Deque_base<_Tp, _Alloc>::_M_create_nodes(std::_Deque_base<_Tp, _Alloc>::_Map_pointer, std::_Deque_base<_Tp, _Alloc>::_Map_pointer) [with _Tp = BHYWrapper::BHYFrame; _Alloc = std::allocator<BHYWrapper::BHYFrame>]	32	static
/home/tndrd/st/stm32cubeide_1.10.1_2/plugins/com.st.stm32cube.ide.mcu.externaltools.gnu-tools-for-stm32.10.3-2021.10.linux64_1.0.0.202111181127/tools/arm-none-eabi/include/c++/10.3.1/bits/stl_deque.h:552:7:std::_Deque_base<_Tp, _Alloc>::_Map_alloc_type std::_Deque_base<_Tp, _Alloc>::_M_get_map_allocator() const [with _Tp = BHYWrapper::BHYFrame; _Alloc = std::allocator<BHYWrapper::BHYFrame>]	16	static
/home/tndrd/st/stm32cubeide_1.10.1_2/plugins/com.st.stm32cube.ide.mcu.externaltools.gnu-tools-for-stm32.10.3-2021.10.linux64_1.0.0.202111181127/tools/arm-none-eabi/include/c++/10.3.1/bits/allocator.h:182:7:std::allocator< <template-parameter-1-1> >::~allocator() [with _Tp = BHYWrapper::BHYFrame*]	16	static
/home/tndrd/st/stm32cubeide_1.10.1_2/plugins/com.st.stm32cube.ide.mcu.externaltools.gnu-tools-for-stm32.10.3-2021.10.linux64_1.0.0.202111181127/tools/arm-none-eabi/include/c++/10.3.1/bits/alloc_traits.h:491:7:static void std::allocator_traits<std::allocator<_Tp1> >::deallocate(std::allocator_traits<std::allocator<_Tp1> >::allocator_type&, std::allocator_traits<std::allocator<_Tp1> >::pointer, std::allocator_traits<std::allocator<_Tp1> >::size_type) [with _Tp = BHYWrapper::BHYFrame*]	24	static
/home/tndrd/st/stm32cubeide_1.10.1_2/plugins/com.st.stm32cube.ide.mcu.externaltools.gnu-tools-for-stm32.10.3-2021.10.linux64_1.0.0.202111181127/tools/arm-none-eabi/include/c++/10.3.1/bits/stl_deque.h:521:2:std::_Deque_base<_Tp, _Alloc>::_Deque_impl::_Deque_impl() [with _Tp = unsigned int; _Alloc = std::allocator<unsigned int>]	16	static
/home/tndrd/st/stm32cubeide_1.10.1_2/plugins/com.st.stm32cube.ide.mcu.externaltools.gnu-tools-for-stm32.10.3-2021.10.linux64_1.0.0.202111181127/tools/arm-none-eabi/include/c++/10.3.1/bits/allocator.h:182:7:std::allocator< <template-parameter-1-1> >::~allocator() [with _Tp = unsigned int]	16	static
/home/tndrd/st/stm32cubeide_1.10.1_2/plugins/com.st.stm32cube.ide.mcu.externaltools.gnu-tools-for-stm32.10.3-2021.10.linux64_1.0.0.202111181127/tools/arm-none-eabi/include/c++/10.3.1/bits/stl_deque.h:614:5:void std::_Deque_base<_Tp, _Alloc>::_M_initialize_map(std::size_t) [with _Tp = unsigned int; _Alloc = std::allocator<unsigned int>]	48	static
/home/tndrd/st/stm32cubeide_1.10.1_2/plugins/com.st.stm32cube.ide.mcu.externaltools.gnu-tools-for-stm32.10.3-2021.10.linux64_1.0.0.202111181127/tools/arm-none-eabi/include/c++/10.3.1/bits/stl_deque.h:671:5:void std::_Deque_base<_Tp, _Alloc>::_M_destroy_nodes(std::_Deque_base<_Tp, _Alloc>::_Map_pointer, std::_Deque_base<_Tp, _Alloc>::_Map_pointer) [with _Tp = unsigned int; _Alloc = std::allocator<unsigned int>]	32	static
/home/tndrd/st/stm32cubeide_1.10.1_2/plugins/com.st.stm32cube.ide.mcu.externaltools.gnu-tools-for-stm32.10.3-2021.10.linux64_1.0.0.202111181127/tools/arm-none-eabi/include/c++/10.3.1/bits/stl_deque.h:577:7:void std::_Deque_base<_Tp, _Alloc>::_M_deallocate_map(std::_Deque_base<_Tp, _Alloc>::_Map_pointer, std::size_t) [with _Tp = unsigned int; _Alloc = std::allocator<unsigned int>]	32	static
/home/tndrd/st/stm32cubeide_1.10.1_2/plugins/com.st.stm32cube.ide.mcu.externaltools.gnu-tools-for-stm32.10.3-2021.10.linux64_1.0.0.202111181127/tools/arm-none-eabi/include/c++/10.3.1/initializer_list:75:7:constexpr const _E* std::initializer_list<_E>::begin() const [with _E = IMUFrame]	16	static
/home/tndrd/st/stm32cubeide_1.10.1_2/plugins/com.st.stm32cube.ide.mcu.externaltools.gnu-tools-for-stm32.10.3-2021.10.linux64_1.0.0.202111181127/tools/arm-none-eabi/include/c++/10.3.1/initializer_list:79:7:constexpr const _E* std::initializer_list<_E>::end() const [with _E = IMUFrame]	24	static
/home/tndrd/st/stm32cubeide_1.10.1_2/plugins/com.st.stm32cube.ide.mcu.externaltools.gnu-tools-for-stm32.10.3-2021.10.linux64_1.0.0.202111181127/tools/arm-none-eabi/include/c++/10.3.1/bits/stl_deque.h:1911:2:void std::deque<_Tp, _Alloc>::_M_assign_aux(_ForwardIterator, _ForwardIterator, std::forward_iterator_tag) [with _ForwardIterator = const IMUFrame*; _Tp = IMUFrame; _Alloc = std::allocator<IMUFrame>]	144	static
/home/tndrd/st/stm32cubeide_1.10.1_2/plugins/com.st.stm32cube.ide.mcu.externaltools.gnu-tools-for-stm32.10.3-2021.10.linux64_1.0.0.202111181127/tools/arm-none-eabi/include/c++/10.3.1/initializer_list:75:7:constexpr const _E* std::initializer_list<_E>::begin() const [with _E = ServoDataFrame]	16	static
/home/tndrd/st/stm32cubeide_1.10.1_2/plugins/com.st.stm32cube.ide.mcu.externaltools.gnu-tools-for-stm32.10.3-2021.10.linux64_1.0.0.202111181127/tools/arm-none-eabi/include/c++/10.3.1/initializer_list:79:7:constexpr const _E* std::initializer_list<_E>::end() const [with _E = ServoDataFrame]	24	static
/home/tndrd/st/stm32cubeide_1.10.1_2/plugins/com.st.stm32cube.ide.mcu.externaltools.gnu-tools-for-stm32.10.3-2021.10.linux64_1.0.0.202111181127/tools/arm-none-eabi/include/c++/10.3.1/bits/stl_deque.h:1911:2:void std::deque<_Tp, _Alloc>::_M_assign_aux(_ForwardIterator, _ForwardIterator, std::forward_iterator_tag) [with _ForwardIterator = const ServoDataFrame*; _Tp = ServoDataFrame; _Alloc = std::allocator<ServoDataFrame>]	144	static
/home/tndrd/st/stm32cubeide_1.10.1_2/plugins/com.st.stm32cube.ide.mcu.externaltools.gnu-tools-for-stm32.10.3-2021.10.linux64_1.0.0.202111181127/tools/arm-none-eabi/include/c++/10.3.1/bits/stl_deque.h:1308:7:bool std::deque<_Tp, _Alloc>::empty() const [with _Tp = IMUFrame; _Alloc = std::allocator<IMUFrame>]	16	static
/home/tndrd/st/stm32cubeide_1.10.1_2/plugins/com.st.stm32cube.ide.mcu.externaltools.gnu-tools-for-stm32.10.3-2021.10.linux64_1.0.0.202111181127/tools/arm-none-eabi/include/c++/10.3.1/bits/stl_deque.h:1342:7:std::deque<_Tp, _Alloc>::const_reference std::deque<_Tp, _Alloc>::operator[](std::deque<_Tp, _Alloc>::size_type) const [with _Tp = IMUFrame; _Alloc = std::allocator<IMUFrame>]	16	static
/home/tndrd/st/stm32cubeide_1.10.1_2/plugins/com.st.stm32cube.ide.mcu.externaltools.gnu-tools-for-stm32.10.3-2021.10.linux64_1.0.0.202111181127/tools/arm-none-eabi/include/c++/10.3.1/bits/stl_deque.h:1308:7:bool std::deque<_Tp, _Alloc>::empty() const [with _Tp = ServoDataFrame; _Alloc = std::allocator<ServoDataFrame>]	16	static
/home/tndrd/st/stm32cubeide_1.10.1_2/plugins/com.st.stm32cube.ide.mcu.externaltools.gnu-tools-for-stm32.10.3-2021.10.linux64_1.0.0.202111181127/tools/arm-none-eabi/include/c++/10.3.1/bits/stl_deque.h:1342:7:std::deque<_Tp, _Alloc>::const_reference std::deque<_Tp, _Alloc>::operator[](std::deque<_Tp, _Alloc>::size_type) const [with _Tp = ServoDataFrame; _Alloc = std::allocator<ServoDataFrame>]	16	static
/home/tndrd/st/stm32cubeide_1.10.1_2/plugins/com.st.stm32cube.ide.mcu.externaltools.gnu-tools-for-stm32.10.3-2021.10.linux64_1.0.0.202111181127/tools/arm-none-eabi/include/c++/10.3.1/bits/stl_deque.h:507:2:void std::_Deque_base<_Tp, _Alloc>::_Deque_impl_data::_M_swap_data(std::_Deque_base<_Tp, _Alloc>::_Deque_impl_data&) [with _Tp = IMUFrame; _Alloc = std::allocator<IMUFrame>]	16	static
/home/tndrd/st/stm32cubeide_1.10.1_2/plugins/com.st.stm32cube.ide.mcu.externaltools.gnu-tools-for-stm32.10.3-2021.10.linux64_1.0.0.202111181127/tools/arm-none-eabi/include/c++/10.3.1/bits/stl_deque.h:1790:7:void std::deque<_Tp, _Alloc>::clear() [with _Tp = IMUFrame; _Alloc = std::allocator<IMUFrame>]	32	static
/home/tndrd/st/stm32cubeide_1.10.1_2/plugins/com.st.stm32cube.ide.mcu.externaltools.gnu-tools-for-stm32.10.3-2021.10.linux64_1.0.0.202111181127/tools/arm-none-eabi/include/c++/10.3.1/bits/alloc_traits.h:608:5:constexpr void std::__alloc_on_move(_Alloc&, _Alloc&) [with _Alloc = std::allocator<IMUFrame>]	16	static
/home/tndrd/st/stm32cubeide_1.10.1_2/plugins/com.st.stm32cube.ide.mcu.externaltools.gnu-tools-for-stm32.10.3-2021.10.linux64_1.0.0.202111181127/tools/arm-none-eabi/include/c++/10.3.1/bits/stl_deque.h:507:2:void std::_Deque_base<_Tp, _Alloc>::_Deque_impl_data::_M_swap_data(std::_Deque_base<_Tp, _Alloc>::_Deque_impl_data&) [with _Tp = ServoDataFrame; _Alloc = std::allocator<ServoDataFrame>]	16	static
/home/tndrd/st/stm32cubeide_1.10.1_2/plugins/com.st.stm32cube.ide.mcu.externaltools.gnu-tools-for-stm32.10.3-2021.10.linux64_1.0.0.202111181127/tools/arm-none-eabi/include/c++/10.3.1/bits/stl_deque.h:1790:7:void std::deque<_Tp, _Alloc>::clear() [with _Tp = ServoDataFrame; _Alloc = std::allocator<ServoDataFrame>]	32	static
/home/tndrd/st/stm32cubeide_1.10.1_2/plugins/com.st.stm32cube.ide.mcu.externaltools.gnu-tools-for-stm32.10.3-2021.10.linux64_1.0.0.202111181127/tools/arm-none-eabi/include/c++/10.3.1/bits/alloc_traits.h:608:5:constexpr void std::__alloc_on_move(_Alloc&, _Alloc&) [with _Alloc = std::allocator<ServoDataFrame>]	16	static
/home/tndrd/st/stm32cubeide_1.10.1_2/plugins/com.st.stm32cube.ide.mcu.externaltools.gnu-tools-for-stm32.10.3-2021.10.linux64_1.0.0.202111181127/tools/arm-none-eabi/include/c++/10.3.1/bits/stl_deque.h:507:2:void std::_Deque_base<_Tp, _Alloc>::_Deque_impl_data::_M_swap_data(std::_Deque_base<_Tp, _Alloc>::_Deque_impl_data&) [with _Tp = BHYWrapper::BHYFrame; _Alloc = std::allocator<BHYWrapper::BHYFrame>]	16	static
/home/tndrd/st/stm32cubeide_1.10.1_2/plugins/com.st.stm32cube.ide.mcu.externaltools.gnu-tools-for-stm32.10.3-2021.10.linux64_1.0.0.202111181127/tools/arm-none-eabi/include/c++/10.3.1/bits/stl_deque.h:1790:7:void std::deque<_Tp, _Alloc>::clear() [with _Tp = BHYWrapper::BHYFrame; _Alloc = std::allocator<BHYWrapper::BHYFrame>]	32	static
/home/tndrd/st/stm32cubeide_1.10.1_2/plugins/com.st.stm32cube.ide.mcu.externaltools.gnu-tools-for-stm32.10.3-2021.10.linux64_1.0.0.202111181127/tools/arm-none-eabi/include/c++/10.3.1/bits/alloc_traits.h:608:5:constexpr void std::__alloc_on_move(_Alloc&, _Alloc&) [with _Alloc = std::allocator<BHYWrapper::BHYFrame>]	16	static
/home/tndrd/st/stm32cubeide_1.10.1_2/plugins/com.st.stm32cube.ide.mcu.externaltools.gnu-tools-for-stm32.10.3-2021.10.linux64_1.0.0.202111181127/tools/arm-none-eabi/include/c++/10.3.1/bits/stl_deque.h:507:2:void std::_Deque_base<_Tp, _Alloc>::_Deque_impl_data::_M_swap_data(std::_Deque_base<_Tp, _Alloc>::_Deque_impl_data&) [with _Tp = unsigned int; _Alloc = std::allocator<unsigned int>]	16	static
/home/tndrd/st/stm32cubeide_1.10.1_2/plugins/com.st.stm32cube.ide.mcu.externaltools.gnu-tools-for-stm32.10.3-2021.10.linux64_1.0.0.202111181127/tools/arm-none-eabi/include/c++/10.3.1/bits/stl_deque.h:1790:7:void std::deque<_Tp, _Alloc>::clear() [with _Tp = unsigned int; _Alloc = std::allocator<unsigned int>]	32	static
/home/tndrd/st/stm32cubeide_1.10.1_2/plugins/com.st.stm32cube.ide.mcu.externaltools.gnu-tools-for-stm32.10.3-2021.10.linux64_1.0.0.202111181127/tools/arm-none-eabi/include/c++/10.3.1/bits/alloc_traits.h:608:5:constexpr void std::__alloc_on_move(_Alloc&, _Alloc&) [with _Alloc = std::allocator<unsigned int>]	16	static
/home/tndrd/st/stm32cubeide_1.10.1_2/plugins/com.st.stm32cube.ide.mcu.externaltools.gnu-tools-for-stm32.10.3-2021.10.linux64_1.0.0.202111181127/tools/arm-none-eabi/include/c++/10.3.1/bits/deque.tcc:164:7:) [with _Args = {unsigned int}; _Tp = unsigned int; _Alloc = std::allocator<unsigned int>]	24	static
/home/tndrd/st/stm32cubeide_1.10.1_2/plugins/com.st.stm32cube.ide.mcu.externaltools.gnu-tools-for-stm32.10.3-2021.10.linux64_1.0.0.202111181127/tools/arm-none-eabi/include/c++/10.3.1/bits/stl_deque.h:180:7:std::_Deque_iterator<_Tp, _Ref, _Ptr>::reference std::_Deque_iterator<_Tp, _Ref, _Ptr>::operator*() const [with _Tp = unsigned int; _Ref = unsigned int&; _Ptr = unsigned int*]	16	static
/home/tndrd/st/stm32cubeide_1.10.1_2/plugins/com.st.stm32cube.ide.mcu.externaltools.gnu-tools-for-stm32.10.3-2021.10.linux64_1.0.0.202111181127/tools/arm-none-eabi/include/c++/10.3.1/bits/alloc_traits.h:507:2:) [with _Up = IMUFrame; _Args = {const IMUFrame&}; _Tp = IMUFrame]	24	static
/home/tndrd/st/stm32cubeide_1.10.1_2/plugins/com.st.stm32cube.ide.mcu.externaltools.gnu-tools-for-stm32.10.3-2021.10.linux64_1.0.0.202111181127/tools/arm-none-eabi/include/c++/10.3.1/bits/deque.tcc:520:7:) [with _Args = {const IMUFrame&}; _Tp = IMUFrame; _Alloc = std::allocator<IMUFrame>]	24	static
/home/tndrd/st/stm32cubeide_1.10.1_2/plugins/com.st.stm32cube.ide.mcu.externaltools.gnu-tools-for-stm32.10.3-2021.10.linux64_1.0.0.202111181127/tools/arm-none-eabi/include/c++/10.3.1/bits/stl_deque.h:353:7:std::_Deque_iterator<IMUFrame, IMUFrame&, IMUFrame*>::difference_type std::operator-(const _Self&, const _Self&)	16	static
/home/tndrd/st/stm32cubeide_1.10.1_2/plugins/com.st.stm32cube.ide.mcu.externaltools.gnu-tools-for-stm32.10.3-2021.10.linux64_1.0.0.202111181127/tools/arm-none-eabi/include/c++/10.3.1/bits/stl_deque.h:1552:7:void std::deque<_Tp, _Alloc>::pop_back() [with _Tp = IMUFrame; _Alloc = std::allocator<IMUFrame>]	16	static
/home/tndrd/st/stm32cubeide_1.10.1_2/plugins/com.st.stm32cube.ide.mcu.externaltools.gnu-tools-for-stm32.10.3-2021.10.linux64_1.0.0.202111181127/tools/arm-none-eabi/include/c++/10.3.1/bits/alloc_traits.h:507:2:) [with _Up = ServoDataFrame; _Args = {const ServoDataFrame&}; _Tp = ServoDataFrame]	24	static
/home/tndrd/st/stm32cubeide_1.10.1_2/plugins/com.st.stm32cube.ide.mcu.externaltools.gnu-tools-for-stm32.10.3-2021.10.linux64_1.0.0.202111181127/tools/arm-none-eabi/include/c++/10.3.1/bits/deque.tcc:520:7:) [with _Args = {const ServoDataFrame&}; _Tp = ServoDataFrame; _Alloc = std::allocator<ServoDataFrame>]	24	static
/home/tndrd/st/stm32cubeide_1.10.1_2/plugins/com.st.stm32cube.ide.mcu.externaltools.gnu-tools-for-stm32.10.3-2021.10.linux64_1.0.0.202111181127/tools/arm-none-eabi/include/c++/10.3.1/bits/stl_deque.h:353:7:std::_Deque_iterator<ServoDataFrame, ServoDataFrame&, ServoDataFrame*>::difference_type std::operator-(const _Self&, const _Self&)	16	static
/home/tndrd/st/stm32cubeide_1.10.1_2/plugins/com.st.stm32cube.ide.mcu.externaltools.gnu-tools-for-stm32.10.3-2021.10.linux64_1.0.0.202111181127/tools/arm-none-eabi/include/c++/10.3.1/bits/stl_deque.h:1552:7:void std::deque<_Tp, _Alloc>::pop_back() [with _Tp = ServoDataFrame; _Alloc = std::allocator<ServoDataFrame>]	16	static
/home/tndrd/st/stm32cubeide_1.10.1_2/plugins/com.st.stm32cube.ide.mcu.externaltools.gnu-tools-for-stm32.10.3-2021.10.linux64_1.0.0.202111181127/tools/arm-none-eabi/include/c++/10.3.1/bits/move.h:76:5:constexpr _Tp&& std::forward(typename std::remove_reference<_Tp>::type&) [with _Tp = const unsigned int&]	16	static
/home/tndrd/st/stm32cubeide_1.10.1_2/plugins/com.st.stm32cube.ide.mcu.externaltools.gnu-tools-for-stm32.10.3-2021.10.linux64_1.0.0.202111181127/tools/arm-none-eabi/include/c++/10.3.1/ext/new_allocator.h:154:2:) [with _Up = unsigned int; _Args = {const unsigned int&}; _Tp = unsigned int]	32	static
/home/tndrd/st/stm32cubeide_1.10.1_2/plugins/com.st.stm32cube.ide.mcu.externaltools.gnu-tools-for-stm32.10.3-2021.10.linux64_1.0.0.202111181127/tools/arm-none-eabi/include/c++/10.3.1/bits/stl_deque.h:1230:7:std::deque<_Tp, _Alloc>::size_type std::deque<_Tp, _Alloc>::size() const [with _Tp = unsigned int; _Alloc = std::allocator<unsigned int>]	16	static
/home/tndrd/st/stm32cubeide_1.10.1_2/plugins/com.st.stm32cube.ide.mcu.externaltools.gnu-tools-for-stm32.10.3-2021.10.linux64_1.0.0.202111181127/tools/arm-none-eabi/include/c++/10.3.1/bits/stl_deque.h:1235:7:std::deque<_Tp, _Alloc>::size_type std::deque<_Tp, _Alloc>::max_size() const [with _Tp = unsigned int; _Alloc = std::allocator<unsigned int>]	16	static
[...]
/home/tndrd/st/stm32cubeide_1.10.1_2/plugins/com.st.stm32cube.ide.mcu.externaltools.gnu-tools-for-stm32.10.3-2021.10.linux64_1.0.0.202111181127/tools/arm-none-eabi/include/c++/10.3.1/bits/stl_algobase.h:330:5:_Iterator std::__niter_wrap(const _Iterator&, _Iterator) [with _Iterator = ServoDataFrame**]	16	static
/home/tndrd/st/stm32cubeide_1.10.1_2/plugins/com.st.stm32cube.ide.mcu.externaltools.gnu-tools-for-stm32.10.3-2021.10.linux64_1.0.0.202111181127/tools/arm-none-eabi/include/c++/10.3.1/bits/stl_algobase.h:717:5:_BI2 std::__copy_move_backward_a1(_BI1, _BI1, _BI2) [with bool _IsMove = false; _BI1 = ServoDataFrame**; _BI2 = ServoDataFrame**]	24	static
/home/tndrd/st/stm32cubeide_1.10.1_2/plugins/com.st.stm32cube.ide.mcu.externaltools.gnu-tools-for-stm32.10.3-2021.10.linux64_1.0.0.202111181127/tools/arm-none-eabi/include/c++/10.3.1/bits/stl_algobase.h:463:5:_OI std::__copy_move_a2(_II, _II, _OI) [with bool _IsMove = false; _II = unsigned int**; _OI = unsigned int**]	24	static
/home/tndrd/st/stm32cubeide_1.10.1_2/plugins/com.st.stm32cube.ide.mcu.externaltools.gnu-tools-for-stm32.10.3-2021.10.linux64_1.0.0.202111181127/tools/arm-none-eabi/include/c++/10.3.1/bits/stl_algobase.h:699:5:_BI2 std::__copy_move_backward_a2(_BI1, _BI1, _BI2) [with bool _IsMove = false; _BI1 = unsigned int**; _BI2 = unsigned int**]	24	static
/home/tndrd/st/stm32cubeide_1.10.1_2/plugins/com.st.stm32cube.ide.mcu.externaltools.gnu-tools-for-stm32.10.3-2021.10.linux64_1.0.0.202111181127/tools/arm-none-eabi/include/c++/10.3.1/bits/stl_algobase.h:415:2:static _Tp* std::__copy_move<_IsMove, true, std::random_access_iterator_tag>::__copy_m(const _Tp*, const _Tp*, _Tp*) [with _Tp = BHYWrapper::BHYFrame*; bool _IsMove = false]	32	static
/home/tndrd/st/stm32cubeide_1.10.1_2/plugins/com.st.stm32cube.ide.mcu.externaltools.gnu-tools-for-stm32.10.3-2021.10.linux64_1.0.0.202111181127/tools/arm-none-eabi/include/c++/10.3.1/bits/stl_algobase.h:680:2:static _Tp* std::__copy_move_backward<_IsMove, true, std::random_access_iterator_tag>::__copy_move_b(const _Tp*, const _Tp*, _Tp*) [with _Tp = BHYWrapper::BHYFrame*; bool _IsMove = false]	32	static
/home/tndrd/st/stm32cubeide_1.10.1_2/plugins/com.st.stm32cube.ide.mcu.externaltools.gnu-tools-for-stm32.10.3-2021.10.linux64_1.0.0.202111181127/tools/arm-none-eabi/include/c++/10.3.1/bits/stl_algobase.h:415:2:static _Tp* std::__copy_move<_IsMove, true, std::random_access_iterator_tag>::__copy_m(const _Tp*, const _Tp*, _Tp*) [with _Tp = IMUFrame; bool _IsMove = false]	32	static
/home/tndrd/st/stm32cubeide_1.10.1_2/plugins/com.st.stm32cube.ide.mcu.externaltools.gnu-tools-for-stm32.10.3-2021.10.linux64_1.0.0.202111181127/tools/arm-none-eabi/include/c++/10.3.1/bits/stl_uninitialized.h:84:9:static _ForwardIterator std::__uninitialized_copy<_TrivialValueTypes>::__uninit_copy(_InputIterator, _InputIterator, _ForwardIterator) [with _InputIterator = std::move_iterator<std::_Deque_iterator<IMUFrame, IMUFrame&, IMUFrame*> >; _ForwardIterator = std::_Deque_iterator<IMUFrame, IMUFrame&, IMUFrame*>; bool _TrivialValueTypes = false]	64	static
/home/tndrd/st/stm32cubeide_1.10.1_2/plugins/com.st.stm32cube.ide.mcu.externaltools.gnu-tools-for-stm32.10.3-2021.10.linux64_1.0.0.202111181127/tools/arm-none-eabi/include/c++/10.3.1/bits/deque.tcc:1000:5:_OI std::__copy_move_dit(std::_Deque_iterator<_Tp, _Ref, _Ptr>, std::_Deque_iterator<_Tp, _Ref, _Ptr>, _OI) [with bool _IsMove = true; _Tp = IMUFrame; _Ref = IMUFrame&; _Ptr = IMUFrame*; _OI = std::_Deque_iterator<IMUFrame, IMUFrame&, IMUFrame*>]	136	static
/home/tndrd/st/stm32cubeide_1.10.1_2/plugins/com.st.stm32cube.ide.mcu.externaltools.gnu-tools-for-stm32.10.3-2021.10.linux64_1.0.0.202111181127/tools/arm-none-eabi/include/c++/10.3.1/bits/deque.tcc:1071:5:_OI std::__copy_move_backward_dit(std::_Deque_iterator<_Tp, _Ref, _Ptr>, std::_Deque_iterator<_Tp, _Ref, _Ptr>, _OI) [with bool _IsMove = true; _Tp = IMUFrame; _Ref = IMUFrame&; _Ptr = IMUFrame*; _OI = std::_Deque_iterator<IMUFrame, IMUFrame&, IMUFrame*>]	136	static
/home/tndrd/st/stm32cubeide_1.10.1_2/plugins/com.st.stm32cube.ide.mcu.externaltools.gnu-tools-for-stm32.10.3-2021.10.linux64_1.0.0.202111181127/tools/arm-none-eabi/include/c++/10.3.1/bits/stl_algobase.h:415:2:static _Tp* std::__copy_move<_IsMove, true, std::random_access_iterator_tag>::__copy_m(const _Tp*, const _Tp*, _Tp*) [with _Tp = ServoDataFrame; bool _IsMove = false]	32	static
/home/tndrd/st/stm32cubeide_1.10.1_2/plugins/com.st.stm32cube.ide.mcu.externaltools.gnu-tools-for-stm32.10.3-2021.10.linux64_1.0.0.202111181127/tools/arm-none-eabi/include/c++/10.3.1/bits/stl_uninitialized.h:107:9:static _ForwardIterator std::__uninitialized_copy<true>::__uninit_copy(_InputIterator, _InputIterator, _ForwardIterator) [with _InputIterator = std::move_iterator<std::_Deque_iterator<ServoDataFrame, ServoDataFrame&, ServoDataFrame*> >; _ForwardIterator = std::_Deque_iterator<ServoDataFrame, ServoDataFrame&, ServoDataFrame*>]	72	static
/home/tndrd/st/stm32cubeide_1.10.1_2/plugins/com.st.stm32cube.ide.mcu.externaltools.gnu-tools-for-stm32.10.3-2021.10.linux64_1.0.0.202111181127/tools/arm-none-eabi/include/c++/10.3.1/bits/deque.tcc:1000:5:_OI std::__copy_move_dit(std::_Deque_iterator<_Tp, _Ref, _Ptr>, std::_Deque_iterator<_Tp, _Ref, _Ptr>, _OI) [with bool _IsMove = true; _Tp = ServoDataFrame; _Ref = ServoDataFrame&; _Ptr = ServoDataFrame*; _OI = std::_Deque_iterator<ServoDataFrame, ServoDataFrame&, ServoDataFrame*>]	136	static
/home/tndrd/st/stm32cubeide_1.10.1_2/plugins/com.st.stm32cube.ide.mcu.externaltools.gnu-tools-for-stm32.10.3-2021.10.linux64_1.0.0.202111181127/tools/arm-none-eabi/include/c++/10.3.1/bits/deque.tcc:1071:5:_OI std::__copy_move_backward_dit(std::_Deque_iterator<_Tp, _Ref, _Ptr>, std::_Deque_iterator<_Tp, _Ref, _Ptr>, _OI) [with bool _IsMove = true; _Tp = ServoDataFrame; _Ref = ServoDataFrame&; _Ptr = ServoDataFrame*; _OI = std::_Deque_iterator<ServoDataFrame, ServoDataFrame&, ServoDataFrame*>]	136	static
/home/tndrd/st/stm32cubeide_1.10.1_2/plugins/com.st.stm32cube.ide.mcu.externaltools.gnu-tools-for-stm32.10.3-2021.10.linux64_1.0.0.202111181127/tools/arm-none-eabi/include/c++/10.3.1/bits/stl_algobase.h:463:5:_OI std::__copy_move_a2(_II, _II, _OI) [with bool _IsMove = false; _II = IMUFrame**; _OI = IMUFrame**]	24	static
/home/tndrd/st/stm32cubeide_1.10.1_2/plugins/com.st.stm32cube.ide.mcu.externaltools.gnu-tools-for-stm32.10.3-2021.10.linux64_1.0.0.202111181127/tools/arm-none-eabi/include/c++/10.3.1/bits/stl_algobase.h:699:5:_BI2 std::__copy_move_backward_a2(_BI1, _BI1, _BI2) [with bool _IsMove = false; _BI1 = IMUFrame**; _BI2 = IMUFrame**]	24	static
/home/tndrd/st/stm32cubeide_1.10.1_2/plugins/com.st.stm32cube.ide.mcu.externaltools.gnu-tools-for-stm32.10.3-2021.10.linux64_1.0.0.202111181127/tools/arm-none-eabi/include/c++/10.3.1/bits/stl_algobase.h:463:5:_OI std::__copy_move_a2(_II, _II, _OI) [with bool _IsMove = false; _II = ServoDataFrame**; _OI = ServoDataFrame**]	24	static
/home/tndrd/st/stm32cubeide_1.10.1_2/plugins/com.st.stm32cube.ide.mcu.externaltools.gnu-tools-for-stm32.10.3-2021.10.linux64_1.0.0.202111181127/tools/arm-none-eabi/include/c++/10.3.1/bits/stl_algobase.h:699:5:_BI2 std::__copy_move_backward_a2(_BI1, _BI1, _BI2) [with bool _IsMove = false; _BI1 = ServoDataFrame**; _BI2 = ServoDataFrame**]	24	static
/home/tndrd/st/stm32cubeide_1.10.1_2/plugins/com.st.stm32cube.ide.mcu.externaltools.gnu-tools-for-stm32.10.3-2021.10.linux64_1.0.0.202111181127/tools/arm-none-eabi/include/c++/10.3.1/bits/stl_algobase.h:415:2:static _Tp* std::__copy_move<_IsMove, true, std::random_access_iterator_tag>::__copy_m(const _Tp*, const _Tp*, _Tp*) [with _Tp = unsigned int*; bool _IsMove = false]	32	static
/home/tndrd/st/stm32cubeide_1.10.1_2/plugins/com.st.stm32cube.ide.mcu.externaltools.gnu-tools-for-stm32.10.3-2021.10.linux64_1.0.0.202111181127/tools/arm-none-eabi/include/c++/10.3.1/bits/stl_algobase.h:680:2:static _Tp* std::__copy_move_backward<_IsMove, true, std::random_access_iterator_tag>::__copy_move_b(const _Tp*, const _Tp*, _Tp*) [with _Tp = unsigned int*; bool _IsMove = false]	32	static
/home/tndrd/st/stm32cubeide_1.10.1_2/plugins/com.st.stm32cube.ide.mcu.externaltools.gnu-tools-for-stm32.10.3-2021.10.linux64_1.0.0.202111181127/tools/arm-none-eabi/include/c++/10.3.1/bits/stl_iterator.h:1557:5:bool std::operator!=(const std::move_iterator<_IteratorL>&, const std::move_iterator<_IteratorL>&) [with _Iterator = std::_Deque_iterator<IMUFrame, IMUFrame&, IMUFrame*>]	16	static
/home/tndrd/st/stm32cubeide_1.10.1_2/plugins/com.st.stm32cube.ide.mcu.externaltools.gnu-tools-for-stm32.10.3-2021.10.linux64_1.0.0.202111181127/tools/arm-none-eabi/include/c++/10.3.1/bits/stl_iterator.h:1387:7:std::move_iterator<_Iterator>& std::move_iterator<_Iterator>::operator++() [with _Iterator = std::_Deque_iterator<IMUFrame, IMUFrame&, IMUFrame*>]	16	static
/home/tndrd/st/stm32cubeide_1.10.1_2/plugins/com.st.stm32cube.ide.mcu.externaltools.gnu-tools-for-stm32.10.3-2021.10.linux64_1.0.0.202111181127/tools/arm-none-eabi/include/c++/10.3.1/bits/stl_iterator.h:1375:7:std::move_iterator<_Iterator>::reference std::move_iterator<_Iterator>::operator*() const [with _Iterator = std::_Deque_iterator<IMUFrame, IMUFrame&, IMUFrame*>]	16	static
/home/tndrd/st/stm32cubeide_1.10.1_2/plugins/com.st.stm32cube.ide.mcu.externaltools.gnu-tools-for-stm32.10.3-2021.10.linux64_1.0.0.202111181127/tools/arm-none-eabi/include/c++/10.3.1/bits/stl_construct.h:108:5:) [with _Tp = IMUFrame; _Args = {IMUFrame}]	24	static
/home/tndrd/st/stm32cubeide_1.10.1_2/plugins/com.st.stm32cube.ide.mcu.externaltools.gnu-tools-for-stm32.10.3-2021.10.linux64_1.0.0.202111181127/tools/arm-none-eabi/include/c++/10.3.1/bits/deque.tcc:1046:5:typename __gnu_cxx::__enable_if<std::__is_random_access_iter<_II>::__value, std::_Deque_iterator<_Tp, _Tp&, _Tp*> >::__type std::__copy_move_a1(_II, _II, std::_Deque_iterator<_Tp, _Tp&, _Tp*>) [with bool _IsMove = true; _II = IMUFrame*; _Tp = IMUFrame]	40	static
/home/tndrd/st/stm32cubeide_1.10.1_2/plugins/com.st.stm32cube.ide.mcu.externaltools.gnu-tools-for-stm32.10.3-2021.10.linux64_1.0.0.202111181127/tools/arm-none-eabi/include/c++/10.3.1/bits/deque.tcc:1117:5:typename __gnu_cxx::__enable_if<std::__is_random_access_iter<_II>::__value, std::_Deque_iterator<_Tp, _Tp&, _Tp*> >::__type std::__copy_move_backward_a1(_II, _II, std::_Deque_iterator<_Tp, _Tp&, _Tp*>) [with bool _IsMove = true; _II = IMUFrame*; _Tp = IMUFrame]	40	static
/home/tndrd/st/stm32cubeide_1.10.1_2/plugins/com.st.stm32cube.ide.mcu.externaltools.gnu-tools-for-stm32.10.3-2021.10.linux64_1.0.0.202111181127/tools/arm-none-eabi/include/c++/10.3.1/bits/stl_algobase.h:560:5:_OI std::copy(_II, _II, _OI) [with _II = std::move_iterator<std::_Deque_iterator<ServoDataFrame, ServoDataFrame&, ServoDataFrame*> >; _OI = std::_Deque_iterator<ServoDataFrame, ServoDataFrame&, ServoDataFrame*>]	104	static
/home/tndrd/st/stm32cubeide_1.10.1_2/plugins/com.st.stm32cube.ide.mcu.externaltools.gnu-tools-for-stm32.10.3-2021.10.linux64_1.0.0.202111181127/tools/arm-none-eabi/include/c++/10.3.1/bits/deque.tcc:1046:5:typename __gnu_cxx::__enable_if<std::__is_random_access_iter<_II>::__value, std::_Deque_iterator<_Tp, _Tp&, _Tp*> >::__type std::__copy_move_a1(_II, _II, std::_Deque_iterator<_Tp, _Tp&, _Tp*>) [with bool _IsMove = true; _II = ServoDataFrame*; _Tp = ServoDataFrame]	40	static
/home/tndrd/st/stm32cubeide_1.10.1_2/plugins/com.st.stm32cube.ide.mcu.externaltools.gnu-tools-for-stm32.10.3-2021.10.linux64_1.0.0.202111181127/tools/arm-none-eabi/include/c++/10.3.1/bits/deque.tcc:1117:5:typename __gnu_cxx::__enable_if<std::__is_random_access_iter<_II>::__value, std::_Deque_iterator<_Tp, _Tp&, _Tp*> >::__type std::__copy_move_backward_a1(_II, _II, std::_Deque_iterator<_Tp, _Tp&, _Tp*>) [with bool _IsMove = true; _II = ServoDataFrame*; _Tp = ServoDataFrame]	40	static
/home/tndrd/st/stm32cubeide_1.10.1_2/plugins/com.st.stm32cube.ide.mcu.externaltools.gnu-tools-for-stm32.10.3-2021.10.linux64_1.0.0.202111181127/tools/arm-none-eabi/include/c++/10.3.1/bits/stl_algobase.h:415:2:static _Tp* std::__copy_move<_IsMove, true, std::random_access_iterator_tag>::__copy_m(const _Tp*, const _Tp*, _Tp*) [with _Tp = IMUFrame*; bool _IsMove = false]	32	static
/home/tndrd/st/stm32cubeide_1.10.1_2/plugins/com.st.stm32cube.ide.mcu.externaltools.gnu-tools-for-stm32.10.3-2021.10.linux64_1.0.0.202111181127/tools/arm-none-eabi/include/c++/10.3.1/bits/stl_algobase.h:680:2:static _Tp* std::__copy_move_backward<_IsMove, true, std::random_access_iterator_tag>::__copy_move_b(const _Tp*, const _Tp*, _Tp*) [with _Tp = IMUFrame*; bool _IsMove = false]	32	static
/home/tndrd/st/stm32cubeide_1.10.1_2/plugins/com.st.stm32cube.ide.mcu.externaltools.gnu-tools-for-stm32.10.3-2021.10.linux64_1.0.0.202111181127/tools/arm-none-eabi/include/c++/10.3.1/bits/stl_algobase.h:415:2:static _Tp* std::__copy_move<_IsMove, true, std::random_access_iterator_tag>::__copy_m(const _Tp*, const _Tp*, _Tp*) [with _Tp = ServoDataFrame*; bool _IsMove = false]	32	static
/home/tndrd/st/stm32cubeide_1.10.1_2/plugins/com.st.stm32cube.ide.mcu.externaltools.gnu-tools-for-stm32.10.3-2021.10.linux64_1.0.0.202111181127/tools/arm-none-eabi/include/c++/10.3.1/bits/stl_algobase.h:680:2:static _Tp* std::__copy_move_backward<_IsMove, true, std::random_access_iterator_tag>::__copy_move_b(const _Tp*, const _Tp*, _Tp*) [with _Tp = ServoDataFrame*; bool _IsMove = false]	32	static
/home/tndrd/st/stm32cubeide_1.10.1_2/plugins/com.st.stm32cube.ide.mcu.externaltools.gnu-tools-for-stm32.10.3-2021.10.linux64_1.0.0.202111181127/tools/arm-none-eabi/include/c++/10.3.1/bits/stl_iterator.h:1551:5:bool std::operator==(const std::move_iterator<_IteratorL>&, const std::move_iterator<_IteratorL>&) [with _Iterator = std::_Deque_iterator<IMUFrame, IMUFrame&, IMUFrame*>]	48	static
/home/tndrd/st/stm32cubeide_1.10.1_2/plugins/com.st.stm32cube.ide.mcu.externaltools.gnu-tools-for-stm32.10.3-2021.10.linux64_1.0.0.202111181127/tools/arm-none-eabi/include/c++/10.3.1/bits/move.h:76:5:constexpr _Tp&& std::forward(typename std::remove_reference<_Tp>::type&) [with _Tp = IMUFrame]	16	static
/home/tndrd/st/stm32cubeide_1.10.1_2/plugins/com.st.stm32cube.ide.mcu.externaltools.gnu-tools-for-stm32.10.3-2021.10.linux64_1.0.0.202111181127/tools/arm-none-eabi/include/c++/10.3.1/bits/stl_algobase.h:505:5:_OI std::__copy_move_a1(_II, _II, _OI) [with bool _IsMove = true; _II = IMUFrame*; _OI = IMUFrame*]	24	static
/home/tndrd/st/stm32cubeide_1.10.1_2/plugins/com.st.stm32cube.ide.mcu.externaltools.gnu-tools-for-stm32.10.3-2021.10.linux64_1.0.0.202111181127/tools/arm-none-eabi/include/c++/10.3.1/bits/stl_algobase.h:717:5:_BI2 std::__copy_move_backward_a1(_BI1, _BI1, _BI2) [with bool _IsMove = true; _BI1 = IMUFrame*; _BI2 = IMUFrame*]	24	static
/home/tndrd/st/stm32cubeide_1.10.1_2/plugins/com.st.stm32cube.ide.mcu.externaltools.gnu-tools-for-stm32.10.3-2021.10.linux64_1.0.0.202111181127/tools/arm-none-eabi/include/c++/10.3.1/bits/stl_iterator.h:2291:5:base())) std::__miter_base(std::move_iterator<_IteratorL>) [with _Iterator = std::_Deque_iterator<ServoDataFrame, ServoDataFrame&, ServoDataFrame*>]	32	static
/home/tndrd/st/stm32cubeide_1.10.1_2/plugins/com.st.stm32cube.ide.mcu.externaltools.gnu-tools-for-stm32.10.3-2021.10.linux64_1.0.0.202111181127/tools/arm-none-eabi/include/c++/10.3.1/bits/stl_algobase.h:505:5:_OI std::__copy_move_a1(_II, _II, _OI) [with bool _IsMove = true; _II = ServoDataFrame*; _OI = ServoDataFrame*]	24	static
/home/tndrd/st/stm32cubeide_1.10.1_2/plugins/com.st.stm32cube.ide.mcu.externaltools.gnu-tools-for-stm32.10.3-2021.10.linux64_1.0.0.202111181127/tools/arm-none-eabi/include/c++/10.3.1/bits/stl_algobase.h:717:5:_BI2 std::__copy_move_backward_a1(_BI1, _BI1, _BI2) [with bool _IsMove = true; _BI1 = ServoDataFrame*; _BI2 = ServoDataFrame*]	24	static
/home/tndrd/st/stm32cubeide_1.10.1_2/plugins/com.st.stm32cube.ide.mcu.externaltools.gnu-tools-for-stm32.10.3-2021.10.linux64_1.0.0.202111181127/tools/arm-none-eabi/include/c++/10.3.1/bits/stl_iterator.h:1362:7:std::move_iterator<_Iterator>::iterator_type std::move_iterator<_Iterator>::base() const [with _Iterator = std::_Deque_iterator<IMUFrame, IMUFrame&, IMUFrame*>]	16	static
/home/tndrd/st/stm32cubeide_1.10.1_2/plugins/com.st.stm32cube.ide.mcu.externaltools.gnu-tools-for-stm32.10.3-2021.10.linux64_1.0.0.202111181127/tools/arm-none-eabi/include/c++/10.3.1/bits/stl_algobase.h:463:5:_OI std::__copy_move_a2(_II, _II, _OI) [with bool _IsMove = true; _II = IMUFrame*; _OI = IMUFrame*]	24	static
/home/tndrd/st/stm32cubeide_1.10.1_2/plugins/com.st.stm32cube.ide.mcu.externaltools.gnu-tools-for-stm32.10.3-2021.10.linux64_1.0.0.202111181127/tools/arm-none-eabi/include/c++/10.3.1/bits/stl_algobase.h:699:5:_BI2 std::__copy_move_backward_a2(_BI1, _BI1, _BI2) [with bool _IsMove = true; _BI1 = IMUFrame*; _BI2 = IMUFrame*]	24	static
/home/tndrd/st/stm32cubeide_1.10.1_2/plugins/com.st.stm32cube.ide.mcu.externaltools.gnu-tools-for-stm32.10.3-2021.10.linux64_1.0.0.202111181127/tools/arm-none-eabi/include/c++/10.3.1/bits/stl_iterator.h:1362:7:std::move_iterator<_Iterator>::iterator_type std::move_iterator<_Iterator>::base() const [with _Iterator = std::_Deque_iterator<ServoDataFrame, ServoDataFrame&, ServoDataFrame*>]	16	static
/home/tndrd/st/stm32cubeide_1.10.1_2/plugins/com.st.stm32cube.ide.mcu.externaltools.gnu-tools-for-stm32.10.3-2021.10.linux64_1.0.0.202111181127/tools/arm-none-eabi/include/c++/10.3.1/bits/stl_algobase.h:463:5:_OI std::__copy_move_a2(_II, _II, _OI) [with bool _IsMove = true; _II = ServoDataFrame*; _OI = ServoDataFrame*]	24	static
/home/tndrd/st/stm32cubeide_1.10.1_2/plugins/com.st.stm32cube.ide.mcu.externaltools.gnu-tools-for-stm32.10.3-2021.10.linux64_1.0.0.202111181127/tools/arm-none-eabi/include/c++/10.3.1/bits/stl_algobase.h:699:5:_BI2 std::__copy_move_backward_a2(_BI1, _BI1, _BI2) [with bool _IsMove = true; _BI1 = ServoDataFrame*; _BI2 = ServoDataFrame*]	24	static
/home/tndrd/st/stm32cubeide_1.10.1_2/plugins/com.st.stm32cube.ide.mcu.externaltools.gnu-tools-for-stm32.10.3-2021.10.linux64_1.0.0.202111181127/tools/arm-none-eabi/include/c++/10.3.1/bits/stl_algobase.h:415:2:static _Tp* std::__copy_move<_IsMove, true, std::random_access_iterator_tag>::__copy_m(const _Tp*, const _Tp*, _Tp*) [with _Tp = IMUFrame; bool _IsMove = true]	32	static
/home/tndrd/st/stm32cubeide_1.10.1_2/plugins/com.st.stm32cube.ide.mcu.externaltools.gnu-tools-for-stm32.10.3-2021.10.linux64_1.0.0.202111181127/tools/arm-none-eabi/include/c++/10.3.1/bits/stl_algobase.h:680:2:static _Tp* std::__copy_move_backward<_IsMove, true, std::random_access_iterator_tag>::__copy_move_b(const _Tp*, const _Tp*, _Tp*) [with _Tp = IMUFrame; bool _IsMove = true]	32	static
/home/tndrd/st/stm32cubeide_1.10.1_2/plugins/com.st.stm32cube.ide.mcu.externaltools.gnu-tools-for-stm32.10.3-2021.10.linux64_1.0.0.202111181127/tools/arm-none-eabi/include/c++/10.3.1/bits/stl_algobase.h:415:2:static _Tp* std::__copy_move<_IsMove, true, std::random_access_iterator_tag>::__copy_m(const _Tp*, const _Tp*, _Tp*) [with _Tp = ServoDataFrame; bool _IsMove = true]	32	static
/home/tndrd/st/stm32cubeide_1.10.1_2/plugins/com.st.stm32cube.ide.mcu.externaltools.gnu-tools-for-stm32.10.3-2021.10.linux64_1.0.0.202111181127/tools/arm-none-eabi/include/c++/10.3.1/bits/stl_algobase.h:680:2:static _Tp* std::__copy_move_backward<_IsMove, true, std::random_access_iterator_tag>::__copy_move_b(const _Tp*, const _Tp*, _Tp*) [with _Tp = ServoDataFrame; bool _IsMove = true]	32	static
../Core/Src/MotherboardMain.cpp:104:1:void __static_initialization_and_destruction_0(int, int)	16	static
../Core/Src/MotherboardMain.cpp:104:1:cpp)	8	static
../Core/Src/MotherboardMain.cpp:104:1:cpp)	8	static
