/home/tndrd/st/stm32cubeide_1.10.1_2/plugins/com.st.stm32cube.ide.mcu.externaltools.gnu-tools-for-stm32.10.3-2021.10.linux64_1.0.0.202111181127/tools/arm-none-eabi/include/c++/10.3.1/bits/std_abs.h:56:3:long int std::abs(long int)	16	static
/home/tndrd/STM32CubeIDE/workspace_1.10.1/StarkitMotherboard/roki-mb-firmware/Inc/BodyClient.hpp:28:9:BodyClient::Status BodyClient::TrySynchronize()	32	static
/home/tndrd/STM32CubeIDE/workspace_1.10.1/StarkitMotherboard/roki-mb-firmware/Inc/BodyClient.hpp:52:7:bool BodyClient::RxIsNack() const	16	static
/home/tndrd/STM32CubeIDE/workspace_1.10.1/StarkitMotherboard/roki-mb-firmware/Inc/BodyMsgs.hpp:15:10:constexpr BodyMsgs::Responces::KondoNACK::KondoNACK()	16	static
/home/tndrd/STM32CubeIDE/workspace_1.10.1/StarkitMotherboard/roki-mb-firmware/Inc/BodyClient.hpp:57:11:BodyClient::BodyClient(UART_HandleTypeDef*, size_t, size_t)	24	static
/home/tndrd/STM32CubeIDE/workspace_1.10.1/StarkitMotherboard/roki-mb-firmware/Inc/BodyClient.hpp:63:9:BodyClient::Status BodyClient::Synchronize(const uint8_t*, uint8_t, uint8_t*, uint8_t)	32	static
/home/tndrd/STM32CubeIDE/workspace_1.10.1/StarkitMotherboard/roki-mb-firmware/Inc/IMUDevice.hpp:36:7:void IMUDevice::Callback()	16	static
/home/tndrd/STM32CubeIDE/workspace_1.10.1/StarkitMotherboard/roki-mb-firmware/Inc/IMUDevice.hpp:40:7:void IMUDevice::Update()	32	static
/home/tndrd/STM32CubeIDE/workspace_1.10.1/StarkitMotherboard/roki-mb-firmware/Inc/IMUDevice.hpp:61:14:static void IMUDevice::ParseFrame(const bhy2_fifo_parse_data_info*, void*)	88	static
/home/tndrd/STM32CubeIDE/workspace_1.10.1/StarkitMotherboard/roki-mb-firmware/Inc/IMUDevice.hpp:91:6:int IMUDevice::InitInternal()	48	static
/home/tndrd/STM32CubeIDE/workspace_1.10.1/StarkitMotherboard/roki-mb-firmware/Inc/IMUDevice.hpp:176:2:IMUDevice::IMUDevice(SPI_HandleTypeDef*, float, uint32_t)	24	static
/home/tndrd/STM32CubeIDE/workspace_1.10.1/StarkitMotherboard/roki-mb-firmware/Inc/IMUDevice.hpp:184:7:void IMUDevice::Init()	16	static
/home/tndrd/STM32CubeIDE/workspace_1.10.1/StarkitMotherboard/roki-mb-firmware/Inc/IMUDevice.hpp:188:7:void IMUDevice::CheckTimer()	16	static
/home/tndrd/STM32CubeIDE/workspace_1.10.1/StarkitMotherboard/roki-mb-firmware/Inc/IMUDevice.hpp:192:8:IMUDevice::Frame IMUDevice::GetFrame() const	24	static
/home/tndrd/STM32CubeIDE/workspace_1.10.1/StarkitMotherboard/roki-mb-firmware/Inc/IMUDevice.hpp:196:9:size_t IMUDevice::GetSeq() const	16	static
/home/tndrd/STM32CubeIDE/workspace_1.10.1/StarkitMotherboard/roki-mb-firmware/Inc/IMUDevice.hpp:200:7:void IMUDevice::TimCallback()	16	static
/home/tndrd/STM32CubeIDE/workspace_1.10.1/StarkitMotherboard/roki-mb-firmware/Inc/HeadIO.hpp:22:8:bool HeadIO::Request::IsBad() const	16	static
/home/tndrd/STM32CubeIDE/workspace_1.10.1/StarkitMotherboard/roki-mb-firmware/Inc/HeadIO.hpp:51:8:void HeadIO::Listener::Receive1()	16	static
/home/tndrd/STM32CubeIDE/workspace_1.10.1/StarkitMotherboard/roki-mb-firmware/Inc/HeadIO.hpp:55:8:void HeadIO::Listener::ReceiveData()	24	static
/home/tndrd/STM32CubeIDE/workspace_1.10.1/StarkitMotherboard/roki-mb-firmware/Inc/HeadIO.hpp:60:8:void HeadIO::Listener::Reset()	16	static
/home/tndrd/STM32CubeIDE/workspace_1.10.1/StarkitMotherboard/roki-mb-firmware/Inc/HeadIO.hpp:65:11:uint8_t HeadIO::Listener::Get1()	16	static
/home/tndrd/STM32CubeIDE/workspace_1.10.1/StarkitMotherboard/roki-mb-firmware/Inc/HeadIO.hpp:69:8:void HeadIO::Listener::HandleBadRequest()	280	static
/home/tndrd/STM32CubeIDE/workspace_1.10.1/StarkitMotherboard/roki-mb-firmware/Inc/HeadIO.hpp:77:8:void HeadIO::Listener::Callback()	16	static
/home/tndrd/STM32CubeIDE/workspace_1.10.1/StarkitMotherboard/roki-mb-firmware/Inc/FixedQueue.hpp:9:7:FixedQueue<HeadIO::Request, 4>::FixedQueue()	16	static
/home/tndrd/STM32CubeIDE/workspace_1.10.1/StarkitMotherboard/roki-mb-firmware/Inc/HeadIO.hpp:125:12:HeadIO::Listener::Listener(UART_HandleTypeDef*)	16	static
/home/tndrd/STM32CubeIDE/workspace_1.10.1/StarkitMotherboard/roki-mb-firmware/Inc/HeadIO.hpp:130:8:void HeadIO::Listener::Init()	16	static
/home/tndrd/STM32CubeIDE/workspace_1.10.1/StarkitMotherboard/roki-mb-firmware/Inc/HeadIO.hpp:134:8:bool HeadIO::Listener::HasRequest()	16	static
/home/tndrd/STM32CubeIDE/workspace_1.10.1/StarkitMotherboard/roki-mb-firmware/Inc/HeadIO.hpp:138:11:HeadIO::Request HeadIO::Listener::GetRequest()	16	static
/home/tndrd/STM32CubeIDE/workspace_1.10.1/StarkitMotherboard/roki-mb-firmware/Inc/HeadIO.hpp:145:8:void HeadIO::Listener::RxCpltCallback()	16	static
/home/tndrd/STM32CubeIDE/workspace_1.10.1/StarkitMotherboard/roki-mb-firmware/Inc/HeadIO.hpp:158:8:void HeadIO::Sender::Send(const HeadIO::Responce&)	32	static
/home/tndrd/STM32CubeIDE/workspace_1.10.1/StarkitMotherboard/roki-mb-firmware/Inc/HeadIO.hpp:176:8:void HeadIO::Sender::Callback()	16	static
/home/tndrd/STM32CubeIDE/workspace_1.10.1/StarkitMotherboard/roki-mb-firmware/Inc/FixedQueue.hpp:9:7:FixedQueue<HeadIO::Responce, 4>::FixedQueue()	16	static
/home/tndrd/STM32CubeIDE/workspace_1.10.1/StarkitMotherboard/roki-mb-firmware/Inc/HeadIO.hpp:181:12:HeadIO::Sender::Sender(UART_HandleTypeDef*)	16	static
/home/tndrd/STM32CubeIDE/workspace_1.10.1/StarkitMotherboard/roki-mb-firmware/Inc/HeadIO.hpp:186:8:void HeadIO::Sender::AddResponce(const HeadIO::Responce&)	16	static
/home/tndrd/STM32CubeIDE/workspace_1.10.1/StarkitMotherboard/roki-mb-firmware/Inc/HeadIO.hpp:190:8:void HeadIO::Sender::CheckTimer()	16	static
/home/tndrd/STM32CubeIDE/workspace_1.10.1/StarkitMotherboard/roki-mb-firmware/Inc/HeadIO.hpp:200:8:void HeadIO::Sender::TxCpltCallback()	16	static
/home/tndrd/STM32CubeIDE/workspace_1.10.1/StarkitMotherboard/roki-mb-firmware/Inc/HeadIO.hpp:208:11:HeadIO::HeadIO(UART_HandleTypeDef*)	16	static
/home/tndrd/STM32CubeIDE/workspace_1.10.1/StarkitMotherboard/roki-mb-firmware/Inc/BodyQueue.hpp:22:7:void BodyQueue::Callback()	16	static
/home/tndrd/STM32CubeIDE/workspace_1.10.1/StarkitMotherboard/roki-mb-firmware/Inc/FixedQueue.hpp:9:7:FixedQueue<BodyQueue::Request, 500>::FixedQueue()	16	static
/home/tndrd/STM32CubeIDE/workspace_1.10.1/StarkitMotherboard/roki-mb-firmware/Inc/BodyQueue.hpp:29:2:BodyQueue::BodyQueue(size_t)	16	static
/home/tndrd/STM32CubeIDE/workspace_1.10.1/StarkitMotherboard/roki-mb-firmware/Inc/BodyQueue.hpp:34:7:bool BodyQueue::IsReady() const	16	static
/home/tndrd/STM32CubeIDE/workspace_1.10.1/StarkitMotherboard/roki-mb-firmware/Inc/BodyQueue.hpp:38:10:BodyQueue::Request BodyQueue::GetRequest()	16	static
/home/tndrd/STM32CubeIDE/workspace_1.10.1/StarkitMotherboard/roki-mb-firmware/Inc/BodyQueue.hpp:46:7:bool BodyQueue::IsFull() const	16	static
/home/tndrd/STM32CubeIDE/workspace_1.10.1/StarkitMotherboard/roki-mb-firmware/Inc/BodyQueue.hpp:50:7:void BodyQueue::AddRequest(const BodyQueue::Request&)	16	static
/home/tndrd/STM32CubeIDE/workspace_1.10.1/StarkitMotherboard/roki-mb-firmware/Inc/BodyQueue.hpp:55:7:void BodyQueue::SetPeriod(size_t)	16	static
/home/tndrd/STM32CubeIDE/workspace_1.10.1/StarkitMotherboard/roki-mb-firmware/Inc/BodyQueue.hpp:60:9:size_t BodyQueue::GetSize() const	16	static
/home/tndrd/STM32CubeIDE/workspace_1.10.1/StarkitMotherboard/roki-mb-firmware/Inc/BodyQueue.hpp:64:7:void BodyQueue::TimCallback()	16	static
/home/tndrd/st/stm32cubeide_1.10.1_2/plugins/com.st.stm32cube.ide.mcu.externaltools.gnu-tools-for-stm32.10.3-2021.10.linux64_1.0.0.202111181127/tools/arm-none-eabi/include/c++/10.3.1/new:174:33:void* operator new(std::size_t, void*)	16	static
/home/tndrd/st/stm32cubeide_1.10.1_2/plugins/com.st.stm32cube.ide.mcu.externaltools.gnu-tools-for-stm32.10.3-2021.10.linux64_1.0.0.202111181127/tools/arm-none-eabi/include/c++/10.3.1/bits/stl_deque.h:96:3:constexpr std::size_t std::__deque_buf_size(std::size_t)	16	static
/home/tndrd/STM32CubeIDE/workspace_1.10.1/StarkitMotherboard/roki-mb-firmware/Inc/StrobeFilter.hpp:30:7:void StrobeFilter::Callback()	32	static
/home/tndrd/st/stm32cubeide_1.10.1_2/plugins/com.st.stm32cube.ide.mcu.externaltools.gnu-tools-for-stm32.10.3-2021.10.linux64_1.0.0.202111181127/tools/arm-none-eabi/include/c++/10.3.1/bits/stl_queue.h:96:11:std::queue<unsigned int>::~queue()	16	static
/home/tndrd/STM32CubeIDE/workspace_1.10.1/StarkitMotherboard/roki-mb-firmware/Inc/StrobeFilter.hpp:63:2:StrobeFilter::StrobeFilter(uint8_t, uint8_t, const IMUDevice*)	24	static
/home/tndrd/STM32CubeIDE/workspace_1.10.1/StarkitMotherboard/roki-mb-firmware/Inc/StrobeFilter.hpp:70:7:void StrobeFilter::Configure(uint8_t, uint8_t)	16	static
/home/tndrd/STM32CubeIDE/workspace_1.10.1/StarkitMotherboard/roki-mb-firmware/Inc/StrobeFilter.hpp:75:8:float StrobeFilter::GetStrobeDuration() const	16	static
/home/tndrd/STM32CubeIDE/workspace_1.10.1/StarkitMotherboard/roki-mb-firmware/Inc/StrobeFilter.hpp:79:7:bool StrobeFilter::HasStrobe() const	16	static
/home/tndrd/STM32CubeIDE/workspace_1.10.1/StarkitMotherboard/roki-mb-firmware/Inc/StrobeFilter.hpp:83:9:size_t StrobeFilter::GetStrobe()	24	static
/home/tndrd/STM32CubeIDE/workspace_1.10.1/StarkitMotherboard/roki-mb-firmware/Inc/StrobeFilter.hpp:90:7:void StrobeFilter::CompCallback()	16	static
/home/tndrd/STM32CubeIDE/workspace_1.10.1/StarkitMotherboard/roki-mb-firmware/Inc/StrobeObservers.hpp:18:11:StrobeObserver::StrobeObserver(uint8_t, StrobeObserver::CallbackT)	24	static
/home/tndrd/STM32CubeIDE/workspace_1.10.1/StarkitMotherboard/roki-mb-firmware/Inc/StrobeObservers.hpp:23:7:void StrobeObserver::SetOffset(uint8_t)	16	static
/home/tndrd/STM32CubeIDE/workspace_1.10.1/StarkitMotherboard/roki-mb-firmware/Inc/StrobeObservers.hpp:27:7:void StrobeObserver::AddStrobe(size_t)	24	static
/home/tndrd/STM32CubeIDE/workspace_1.10.1/StarkitMotherboard/roki-mb-firmware/Inc/StrobeObservers.hpp:31:7:void StrobeObserver::TryProcess(MotherboardContext&, size_t)	24	static
/home/tndrd/STM32CubeIDE/workspace_1.10.1/StarkitMotherboard/roki-mb-firmware/Inc/StrobeObservers.hpp:50:7:void StrobeObservers::SetOffset(size_t, uint8_t)	24	static
/home/tndrd/STM32CubeIDE/workspace_1.10.1/StarkitMotherboard/roki-mb-firmware/Inc/StrobeObservers.hpp:54:7:void StrobeObservers::RegisterObserver(uint8_t, StrobeObserver::CallbackT)	24	static
/home/tndrd/STM32CubeIDE/workspace_1.10.1/StarkitMotherboard/roki-mb-firmware/Inc/StrobeObservers.hpp:58:7:void StrobeObservers::AddStrobe(size_t)	32	static
/home/tndrd/STM32CubeIDE/workspace_1.10.1/StarkitMotherboard/roki-mb-firmware/Inc/StrobeObservers.hpp:63:7:void StrobeObservers::TryProcess(MotherboardContext&, size_t)	40	static
/home/tndrd/STM32CubeIDE/workspace_1.10.1/StarkitMotherboard/roki-mb-firmware/Inc/MotherboardContext.hpp:26:7:void FrameQueues::Clear()	16	static
/home/tndrd/st/stm32cubeide_1.10.1_2/plugins/com.st.stm32cube.ide.mcu.externaltools.gnu-tools-for-stm32.10.3-2021.10.linux64_1.0.0.202111181127/tools/arm-none-eabi/include/c++/10.3.1/bits/stl_vector.h:288:7:std::_Vector_base<_Tp, _Alloc>::_Vector_base() [with _Tp = StrobeObserver; _Alloc = std::allocator<StrobeObserver>]	16	static
/home/tndrd/st/stm32cubeide_1.10.1_2/plugins/com.st.stm32cube.ide.mcu.externaltools.gnu-tools-for-stm32.10.3-2021.10.linux64_1.0.0.202111181127/tools/arm-none-eabi/include/c++/10.3.1/bits/stl_vector.h:487:7:std::vector<_Tp, _Alloc>::vector() [with _Tp = StrobeObserver; _Alloc = std::allocator<StrobeObserver>]	16	static
/home/tndrd/STM32CubeIDE/workspace_1.10.1/StarkitMotherboard/roki-mb-firmware/Inc/StrobeObservers.hpp:48:2:StrobeObservers::StrobeObservers()	16	static
/home/tndrd/STM32CubeIDE/workspace_1.10.1/StarkitMotherboard/roki-mb-firmware/Inc/FixedQueue.hpp:9:7:FixedQueue<FrameQueues::BodyResponce, 300>::FixedQueue()	16	static
/home/tndrd/STM32CubeIDE/workspace_1.10.1/StarkitMotherboard/roki-mb-firmware/Inc/FrameQueue.hpp:13:2:FrameQueue<T, Capacity>::FrameQueue() [with T = FrameQueues::BodyResponce; unsigned int Capacity = 300]	16	static
/home/tndrd/STM32CubeIDE/workspace_1.10.1/StarkitMotherboard/roki-mb-firmware/Inc/FixedQueue.hpp:9:7:FixedQueue<Roki::Messages::IMUFrameMsg, 300>::FixedQueue()	16	static
/home/tndrd/STM32CubeIDE/workspace_1.10.1/StarkitMotherboard/roki-mb-firmware/Inc/FrameQueue.hpp:13:2:FrameQueue<T, Capacity>::FrameQueue() [with T = Roki::Messages::IMUFrameMsg; unsigned int Capacity = 300]	16	static
/home/tndrd/STM32CubeIDE/workspace_1.10.1/StarkitMotherboard/roki-mb-firmware/Inc/MotherboardContext.hpp:13:8:FrameQueues::FrameQueues()	16	static
/home/tndrd/STM32CubeIDE/workspace_1.10.1/StarkitMotherboard/roki-mb-firmware/Inc/MotherboardContext.hpp:48:2:MotherboardContext::MotherboardContext(MotherboardConfig)	24	static
/home/tndrd/STM32CubeIDE/workspace_1.10.1/StarkitMotherboard/roki-mb-firmware/Inc/RequestHandler.hpp:23:15:Roki::MbService::ErrorCodes::Type RequestHandler::ConvertBodyError(BodyClient::Status)	16	static
/home/tndrd/STM32CubeIDE/workspace_1.10.1/StarkitMotherboard/roki-mb-firmware/Inc/RequestHandler.hpp:43:11:RequestHandler::Responce RequestHandler::CreateError(Roki::MbService::ErrorCodes::Type)	24	static
/home/tndrd/STM32CubeIDE/workspace_1.10.1/StarkitMotherboard/roki-mb-firmware/Inc/RequestHandler.hpp:77:11:RequestHandler::Responce RequestHandler::Handle(MotherboardContext&, const Request&)	32	static
/home/tndrd/STM32CubeIDE/workspace_1.10.1/StarkitMotherboard/roki-mb-firmware/Inc/RequestHandler.hpp:124:1:Roki::MbService::ErrorCodes::Type RequestHandler::Handler(MotherboardContext&, const typename Procedure::RequestType&, typename Procedure::ResponceType&) [with Procedure = Roki::MbService::Procedures::GetIMUFrame]	64	static
/home/tndrd/STM32CubeIDE/workspace_1.10.1/StarkitMotherboard/roki-mb-firmware/Inc/RequestHandler.hpp:136:1:Roki::MbService::ErrorCodes::Type RequestHandler::Handler(MotherboardContext&, const typename Procedure::RequestType&, typename Procedure::ResponceType&) [with Procedure = Roki::MbService::Procedures::GetBodyFrame]	304	static
/home/tndrd/STM32CubeIDE/workspace_1.10.1/StarkitMotherboard/roki-mb-firmware/Inc/RequestHandler.hpp:155:1:Roki::MbService::ErrorCodes::Type RequestHandler::Handler(MotherboardContext&, const typename Procedure::RequestType&, typename Procedure::ResponceType&) [with Procedure = Roki::MbService::Procedures::GetIMUContainerInfo]	40	static
/home/tndrd/STM32CubeIDE/workspace_1.10.1/StarkitMotherboard/roki-mb-firmware/Inc/RequestHandler.hpp:160:1:Roki::MbService::ErrorCodes::Type RequestHandler::Handler(MotherboardContext&, const typename Procedure::RequestType&, typename Procedure::ResponceType&) [with Procedure = Roki::MbService::Procedures::GetBodyContainerInfo]	40	static
/home/tndrd/STM32CubeIDE/workspace_1.10.1/StarkitMotherboard/roki-mb-firmware/Inc/RequestHandler.hpp:165:1:Roki::MbService::ErrorCodes::Type RequestHandler::Handler(MotherboardContext&, const typename Procedure::RequestType&, typename Procedure::ResponceType&) [with Procedure = Roki::MbService::Procedures::GetIMULatest]	56	static
/home/tndrd/STM32CubeIDE/workspace_1.10.1/StarkitMotherboard/roki-mb-firmware/Inc/RequestHandler.hpp:170:1:Roki::MbService::ErrorCodes::Type RequestHandler::Handler(MotherboardContext&, const typename Procedure::RequestType&, typename Procedure::ResponceType&) [with Procedure = Roki::MbService::Procedures::ResetStrobeContainers]	24	static
/home/tndrd/STM32CubeIDE/workspace_1.10.1/StarkitMotherboard/roki-mb-firmware/Inc/RequestHandler.hpp:175:1:Roki::MbService::ErrorCodes::Type RequestHandler::Handler(MotherboardContext&, const typename Procedure::RequestType&, typename Procedure::ResponceType&) [with Procedure = Roki::MbService::Procedures::SetIMUStrobeOffset]	24	static
/home/tndrd/STM32CubeIDE/workspace_1.10.1/StarkitMotherboard/roki-mb-firmware/Inc/RequestHandler.hpp:180:1:Roki::MbService::ErrorCodes::Type RequestHandler::Handler(MotherboardContext&, const typename Procedure::RequestType&, typename Procedure::ResponceType&) [with Procedure = Roki::MbService::Procedures::SetBodyStrobeOffset]	24	static
/home/tndrd/STM32CubeIDE/workspace_1.10.1/StarkitMotherboard/roki-mb-firmware/Inc/RequestHandler.hpp:185:1:Roki::MbService::ErrorCodes::Type RequestHandler::Handler(MotherboardContext&, const typename Procedure::RequestType&, typename Procedure::ResponceType&) [with Procedure = Roki::MbService::Procedures::GetStrobeWidth]	32	static
/home/tndrd/STM32CubeIDE/workspace_1.10.1/StarkitMotherboard/roki-mb-firmware/Inc/RequestHandler.hpp:190:1:Roki::MbService::ErrorCodes::Type RequestHandler::Handler(MotherboardContext&, const typename Procedure::RequestType&, typename Procedure::ResponceType&) [with Procedure = Roki::MbService::Procedures::ConfigureStrobeFilter]	24	static
/home/tndrd/STM32CubeIDE/workspace_1.10.1/StarkitMotherboard/roki-mb-firmware/Inc/RequestHandler.hpp:195:1:Roki::MbService::ErrorCodes::Type RequestHandler::Handler(MotherboardContext&, const typename Procedure::RequestType&, typename Procedure::ResponceType&) [with Procedure = Roki::MbService::Procedures::GetVersion]	24	static
/home/tndrd/STM32CubeIDE/workspace_1.10.1/StarkitMotherboard/roki-mb-firmware/Inc/RequestHandler.hpp:201:1:Roki::MbService::ErrorCodes::Type RequestHandler::Handler(MotherboardContext&, const typename Procedure::RequestType&, typename Procedure::ResponceType&) [with Procedure = Roki::MbService::Procedures::BodySendForward]	56	static
/home/tndrd/STM32CubeIDE/workspace_1.10.1/StarkitMotherboard/roki-mb-firmware/Inc/RequestHandler.hpp:218:1:Roki::MbService::ErrorCodes::Type RequestHandler::Handler(MotherboardContext&, const typename Procedure::RequestType&, typename Procedure::ResponceType&) [with Procedure = Roki::MbService::Procedures::BodySendQueue]	296	static
/home/tndrd/STM32CubeIDE/workspace_1.10.1/StarkitMotherboard/roki-mb-firmware/Inc/RequestHandler.hpp:233:1:Roki::MbService::ErrorCodes::Type RequestHandler::Handler(MotherboardContext&, const typename Procedure::RequestType&, typename Procedure::ResponceType&) [with Procedure = Roki::MbService::Procedures::GetBodyQueueInfo]	24	static
/home/tndrd/STM32CubeIDE/workspace_1.10.1/StarkitMotherboard/roki-mb-firmware/Inc/RequestHandler.hpp:239:1:Roki::MbService::ErrorCodes::Type RequestHandler::Handler(MotherboardContext&, const typename Procedure::RequestType&, typename Procedure::ResponceType&) [with Procedure = Roki::MbService::Procedures::SetBodyQueuePeriod]	24	static
/home/tndrd/STM32CubeIDE/workspace_1.10.1/StarkitMotherboard/roki-mb-firmware/Inc/Motherboard.hpp:13:14:static void Motherboard::BodyStrobeCallback(MotherboardContext&)	336	static
/home/tndrd/STM32CubeIDE/workspace_1.10.1/StarkitMotherboard/roki-mb-firmware/Inc/Motherboard.hpp:34:14:static void Motherboard::ImuStrobeCallback(MotherboardContext&)	48	static
/home/tndrd/STM32CubeIDE/workspace_1.10.1/StarkitMotherboard/roki-mb-firmware/Inc/Motherboard.hpp:38:7:void Motherboard::RegisterObservers()	16	static
/home/tndrd/STM32CubeIDE/workspace_1.10.1/StarkitMotherboard/roki-mb-firmware/Inc/Motherboard.hpp:43:7:void Motherboard::UpdateTimers()	16	static
/home/tndrd/STM32CubeIDE/workspace_1.10.1/StarkitMotherboard/roki-mb-firmware/Inc/Motherboard.hpp:48:7:void Motherboard::HandleRequests()	536	static
/home/tndrd/STM32CubeIDE/workspace_1.10.1/StarkitMotherboard/roki-mb-firmware/Inc/Motherboard.hpp:58:7:void Motherboard::UpdateBodyQueue()	296	static
/home/tndrd/STM32CubeIDE/workspace_1.10.1/StarkitMotherboard/roki-mb-firmware/Inc/Motherboard.hpp:71:7:void Motherboard::UpdateStrobes()	24	static
/home/tndrd/STM32CubeIDE/workspace_1.10.1/StarkitMotherboard/roki-mb-firmware/Inc/Motherboard.hpp:78:7:void Motherboard::Init()	16	static
/home/tndrd/STM32CubeIDE/workspace_1.10.1/StarkitMotherboard/roki-mb-firmware/Inc/Motherboard.hpp:83:7:void Motherboard::Run()	16	static
/home/tndrd/STM32CubeIDE/workspace_1.10.1/StarkitMotherboard/roki-mb-firmware/Inc/Motherboard.hpp:92:2:Motherboard::Motherboard(const MotherboardConfig&)	64	static
/home/tndrd/STM32CubeIDE/workspace_1.10.1/StarkitMotherboard/roki-mb-firmware/Inc/Motherboard.hpp:98:7:void Motherboard::HeadRxCallback()	16	static
/home/tndrd/STM32CubeIDE/workspace_1.10.1/StarkitMotherboard/roki-mb-firmware/Inc/Motherboard.hpp:102:7:void Motherboard::HeadTxCallback()	16	static
/home/tndrd/STM32CubeIDE/workspace_1.10.1/StarkitMotherboard/roki-mb-firmware/Inc/Motherboard.hpp:106:7:void Motherboard::BQueueTimCallback()	16	static
/home/tndrd/STM32CubeIDE/workspace_1.10.1/StarkitMotherboard/roki-mb-firmware/Inc/Motherboard.hpp:110:7:void Motherboard::IMUTimCallback()	16	static
/home/tndrd/STM32CubeIDE/workspace_1.10.1/StarkitMotherboard/roki-mb-firmware/Inc/Motherboard.hpp:114:7:void Motherboard::SFCompCallback()	16	static
../roki-mb-firmware/Src/MotherboardMain.cpp:10:6:void MotherboardInit(MotherboardConfig)	8	static
../roki-mb-firmware/Src/MotherboardMain.cpp:16:6:void MotherboardRun()	8	static
../roki-mb-firmware/Src/MotherboardMain.cpp:21:6:void HeadRxCallback()	8	static
../roki-mb-firmware/Src/MotherboardMain.cpp:26:6:void HeadTxCallback()	8	static
../roki-mb-firmware/Src/MotherboardMain.cpp:31:6:void BQueueTimCallback()	8	static
../roki-mb-firmware/Src/MotherboardMain.cpp:36:6:void IMUTimCallback()	8	static
../roki-mb-firmware/Src/MotherboardMain.cpp:41:6:void SFCompCallback()	8	static
/home/tndrd/st/stm32cubeide_1.10.1_2/plugins/com.st.stm32cube.ide.mcu.externaltools.gnu-tools-for-stm32.10.3-2021.10.linux64_1.0.0.202111181127/tools/arm-none-eabi/include/c++/10.3.1/array:234:7:std::array<_Tp, _Nm>::value_type* std::array<_Tp, _Nm>::data() [with _Tp = unsigned char; unsigned int _Nm = 2048]	16	static
/home/tndrd/st/stm32cubeide_1.10.1_2/plugins/com.st.stm32cube.ide.mcu.externaltools.gnu-tools-for-stm32.10.3-2021.10.linux64_1.0.0.202111181127/tools/arm-none-eabi/include/c++/10.3.1/array:175:7:constexpr std::array<_Tp, _Nm>::size_type std::array<_Tp, _Nm>::size() const [with _Tp = unsigned char; unsigned int _Nm = 2048]	16	static
/home/tndrd/st/stm32cubeide_1.10.1_2/plugins/com.st.stm32cube.ide.mcu.externaltools.gnu-tools-for-stm32.10.3-2021.10.linux64_1.0.0.202111181127/tools/arm-none-eabi/include/c++/10.3.1/array:234:7:std::array<_Tp, _Nm>::value_type* std::array<_Tp, _Nm>::data() [with _Tp = unsigned char; unsigned int _Nm = 256]	16	static
/home/tndrd/STM32CubeIDE/workspace_1.10.1/StarkitMotherboard/roki-mb-firmware/Inc/FixedQueue.hpp:17:7:void FixedQueue<T, Capacity>::Push(const T&) [with T = HeadIO::Request; unsigned int Capacity = 4]	16	static
/home/tndrd/STM32CubeIDE/workspace_1.10.1/StarkitMotherboard/roki-mb-firmware/Inc/FixedQueue.hpp:43:7:bool FixedQueue<T, Capacity>::Empty() const [with T = HeadIO::Request; unsigned int Capacity = 4]	16	static
/home/tndrd/STM32CubeIDE/workspace_1.10.1/StarkitMotherboard/roki-mb-firmware/Inc/FixedQueue.hpp:38:11:const T& FixedQueue<T, Capacity>::Front() const [with T = HeadIO::Request; unsigned int Capacity = 4]	16	static
/home/tndrd/STM32CubeIDE/workspace_1.10.1/StarkitMotherboard/roki-mb-firmware/Inc/FixedQueue.hpp:25:7:void FixedQueue<T, Capacity>::Pop() [with T = HeadIO::Request; unsigned int Capacity = 4]	16	static
/home/tndrd/st/stm32cubeide_1.10.1_2/plugins/com.st.stm32cube.ide.mcu.externaltools.gnu-tools-for-stm32.10.3-2021.10.linux64_1.0.0.202111181127/tools/arm-none-eabi/include/c++/10.3.1/array:185:7:std::array<_Tp, _Nm>::value_type& std::array<_Tp, _Nm>::operator[](std::array<_Tp, _Nm>::size_type) [with _Tp = unsigned char; unsigned int _Nm = 256]	16	static
/home/tndrd/st/stm32cubeide_1.10.1_2/plugins/com.st.stm32cube.ide.mcu.externaltools.gnu-tools-for-stm32.10.3-2021.10.linux64_1.0.0.202111181127/tools/arm-none-eabi/include/c++/10.3.1/array:238:7:const value_type* std::array<_Tp, _Nm>::data() const [with _Tp = unsigned char; unsigned int _Nm = 256]	16	static
/home/tndrd/st/stm32cubeide_1.10.1_2/plugins/com.st.stm32cube.ide.mcu.externaltools.gnu-tools-for-stm32.10.3-2021.10.linux64_1.0.0.202111181127/tools/arm-none-eabi/include/c++/10.3.1/array:175:7:constexpr std::array<_Tp, _Nm>::size_type std::array<_Tp, _Nm>::size() const [with _Tp = unsigned char; unsigned int _Nm = 256]	16	static
/home/tndrd/STM32CubeIDE/workspace_1.10.1/StarkitMotherboard/roki-mb-firmware/Inc/FixedQueue.hpp:17:7:void FixedQueue<T, Capacity>::Push(const T&) [with T = HeadIO::Responce; unsigned int Capacity = 4]	16	static
/home/tndrd/STM32CubeIDE/workspace_1.10.1/StarkitMotherboard/roki-mb-firmware/Inc/FixedQueue.hpp:43:7:bool FixedQueue<T, Capacity>::Empty() const [with T = HeadIO::Responce; unsigned int Capacity = 4]	16	static
/home/tndrd/STM32CubeIDE/workspace_1.10.1/StarkitMotherboard/roki-mb-firmware/Inc/FixedQueue.hpp:38:11:const T& FixedQueue<T, Capacity>::Front() const [with T = HeadIO::Responce; unsigned int Capacity = 4]	16	static
/home/tndrd/STM32CubeIDE/workspace_1.10.1/StarkitMotherboard/roki-mb-firmware/Inc/FixedQueue.hpp:25:7:void FixedQueue<T, Capacity>::Pop() [with T = HeadIO::Responce; unsigned int Capacity = 4]	16	static
/home/tndrd/STM32CubeIDE/workspace_1.10.1/StarkitMotherboard/roki-mb-firmware/Inc/FixedQueue.hpp:43:7:bool FixedQueue<T, Capacity>::Empty() const [with T = BodyQueue::Request; unsigned int Capacity = 500]	16	static
/home/tndrd/STM32CubeIDE/workspace_1.10.1/StarkitMotherboard/roki-mb-firmware/Inc/FixedQueue.hpp:38:11:const T& FixedQueue<T, Capacity>::Front() const [with T = BodyQueue::Request; unsigned int Capacity = 500]	16	static
/home/tndrd/STM32CubeIDE/workspace_1.10.1/StarkitMotherboard/roki-mb-firmware/Inc/FixedQueue.hpp:25:7:void FixedQueue<T, Capacity>::Pop() [with T = BodyQueue::Request; unsigned int Capacity = 500]	16	static
/home/tndrd/STM32CubeIDE/workspace_1.10.1/StarkitMotherboard/roki-mb-firmware/Inc/FixedQueue.hpp:47:7:bool FixedQueue<T, Capacity>::Full() const [with T = BodyQueue::Request; unsigned int Capacity = 500]	16	static
/home/tndrd/STM32CubeIDE/workspace_1.10.1/StarkitMotherboard/roki-mb-firmware/Inc/FixedQueue.hpp:17:7:void FixedQueue<T, Capacity>::Push(const T&) [with T = BodyQueue::Request; unsigned int Capacity = 500]	16	static
/home/tndrd/STM32CubeIDE/workspace_1.10.1/StarkitMotherboard/roki-mb-firmware/Inc/FixedQueue.hpp:51:9:size_t FixedQueue<T, Capacity>::GetSize() const [with T = BodyQueue::Request; unsigned int Capacity = 500]	16	static
/home/tndrd/st/stm32cubeide_1.10.1_2/plugins/com.st.stm32cube.ide.mcu.externaltools.gnu-tools-for-stm32.10.3-2021.10.linux64_1.0.0.202111181127/tools/arm-none-eabi/include/c++/10.3.1/bits/stl_queue.h:265:7:void std::queue<_Tp, _Sequence>::push(const value_type&) [with _Tp = unsigned int; _Sequence = std::deque<unsigned int, std::allocator<unsigned int> >]	16	static
/home/tndrd/st/stm32cubeide_1.10.1_2/plugins/com.st.stm32cube.ide.mcu.externaltools.gnu-tools-for-stm32.10.3-2021.10.linux64_1.0.0.202111181127/tools/arm-none-eabi/include/c++/10.3.1/bits/stl_deque.h:831:7:std::deque<_Tp, _Alloc>::deque() [with _Tp = unsigned int; _Alloc = std::allocator<unsigned int>]	16	static
/home/tndrd/st/stm32cubeide_1.10.1_2/plugins/com.st.stm32cube.ide.mcu.externaltools.gnu-tools-for-stm32.10.3-2021.10.linux64_1.0.0.202111181127/tools/arm-none-eabi/include/c++/10.3.1/bits/stl_queue.h:166:2:std::queue<_Tp, _Sequence>::queue() [with _Seq = std::deque<unsigned int, std::allocator<unsigned int> >; _Requires = void; _Tp = unsigned int; _Sequence = std::deque<unsigned int, std::allocator<unsigned int> >]	16	static
/home/tndrd/st/stm32cubeide_1.10.1_2/plugins/com.st.stm32cube.ide.mcu.externaltools.gnu-tools-for-stm32.10.3-2021.10.linux64_1.0.0.202111181127/tools/arm-none-eabi/include/c++/10.3.1/bits/stl_deque.h:1003:7:std::deque<_Tp, _Alloc>::~deque() [with _Tp = unsigned int; _Alloc = std::allocator<unsigned int>]	48	static
/home/tndrd/st/stm32cubeide_1.10.1_2/plugins/com.st.stm32cube.ide.mcu.externaltools.gnu-tools-for-stm32.10.3-2021.10.linux64_1.0.0.202111181127/tools/arm-none-eabi/include/c++/10.3.1/bits/stl_queue.h:203:7:bool std::queue<_Tp, _Sequence>::empty() const [with _Tp = unsigned int; _Sequence = std::deque<unsigned int, std::allocator<unsigned int> >]	16	static
/home/tndrd/st/stm32cubeide_1.10.1_2/plugins/com.st.stm32cube.ide.mcu.externaltools.gnu-tools-for-stm32.10.3-2021.10.linux64_1.0.0.202111181127/tools/arm-none-eabi/include/c++/10.3.1/bits/stl_queue.h:216:7:std::queue<_Tp, _Sequence>::reference std::queue<_Tp, _Sequence>::front() [with _Tp = unsigned int; _Sequence = std::deque<unsigned int, std::allocator<unsigned int> >]	16	static
/home/tndrd/st/stm32cubeide_1.10.1_2/plugins/com.st.stm32cube.ide.mcu.externaltools.gnu-tools-for-stm32.10.3-2021.10.linux64_1.0.0.202111181127/tools/arm-none-eabi/include/c++/10.3.1/bits/stl_queue.h:298:7:void std::queue<_Tp, _Sequence>::pop() [with _Tp = unsigned int; _Sequence = std::deque<unsigned int, std::allocator<unsigned int> >]	16	static
/home/tndrd/st/stm32cubeide_1.10.1_2/plugins/com.st.stm32cube.ide.mcu.externaltools.gnu-tools-for-stm32.10.3-2021.10.linux64_1.0.0.202111181127/tools/arm-none-eabi/include/c++/10.3.1/bits/stl_queue.h:270:7:void std::queue<_Tp, _Sequence>::push(std::queue<_Tp, _Sequence>::value_type&&) [with _Tp = unsigned int; _Sequence = std::deque<unsigned int, std::allocator<unsigned int> >]	24	static
/home/tndrd/st/stm32cubeide_1.10.1_2/plugins/com.st.stm32cube.ide.mcu.externaltools.gnu-tools-for-stm32.10.3-2021.10.linux64_1.0.0.202111181127/tools/arm-none-eabi/include/c++/10.3.1/bits/stl_vector.h:1092:7:std::vector<_Tp, _Alloc>::reference std::vector<_Tp, _Alloc>::at(std::vector<_Tp, _Alloc>::size_type) [with _Tp = StrobeObserver; _Alloc = std::allocator<StrobeObserver>]	16	static
/home/tndrd/st/stm32cubeide_1.10.1_2/plugins/com.st.stm32cube.ide.mcu.externaltools.gnu-tools-for-stm32.10.3-2021.10.linux64_1.0.0.202111181127/tools/arm-none-eabi/include/c++/10.3.1/bits/vector.tcc:109:7:) [with _Args = {unsigned char&, void (*&)(MotherboardContext&)}; _Tp = StrobeObserver; _Alloc = std::allocator<StrobeObserver>]	40	static
/home/tndrd/st/stm32cubeide_1.10.1_2/plugins/com.st.stm32cube.ide.mcu.externaltools.gnu-tools-for-stm32.10.3-2021.10.linux64_1.0.0.202111181127/tools/arm-none-eabi/include/c++/10.3.1/bits/stl_vector.h:811:7:std::vector<_Tp, _Alloc>::iterator std::vector<_Tp, _Alloc>::begin() [with _Tp = StrobeObserver; _Alloc = std::allocator<StrobeObserver>]	24	static
/home/tndrd/st/stm32cubeide_1.10.1_2/plugins/com.st.stm32cube.ide.mcu.externaltools.gnu-tools-for-stm32.10.3-2021.10.linux64_1.0.0.202111181127/tools/arm-none-eabi/include/c++/10.3.1/bits/stl_vector.h:829:7:std::vector<_Tp, _Alloc>::iterator std::vector<_Tp, _Alloc>::end() [with _Tp = StrobeObserver; _Alloc = std::allocator<StrobeObserver>]	24	static
/home/tndrd/st/stm32cubeide_1.10.1_2/plugins/com.st.stm32cube.ide.mcu.externaltools.gnu-tools-for-stm32.10.3-2021.10.linux64_1.0.0.202111181127/tools/arm-none-eabi/include/c++/10.3.1/bits/stl_iterator.h:1113:5:bool __gnu_cxx::operator!=(const __gnu_cxx::__normal_iterator<_Iterator, _Container>&, const __gnu_cxx::__normal_iterator<_Iterator, _Container>&) [with _Iterator = StrobeObserver*; _Container = std::vector<StrobeObserver>]	24	static
/home/tndrd/st/stm32cubeide_1.10.1_2/plugins/com.st.stm32cube.ide.mcu.externaltools.gnu-tools-for-stm32.10.3-2021.10.linux64_1.0.0.202111181127/tools/arm-none-eabi/include/c++/10.3.1/bits/stl_iterator.h:1003:7:__gnu_cxx::__normal_iterator<_Iterator, _Container>& __gnu_cxx::__normal_iterator<_Iterator, _Container>::operator++() [with _Iterator = StrobeObserver*; _Container = std::vector<StrobeObserver>]	16	static
/home/tndrd/st/stm32cubeide_1.10.1_2/plugins/com.st.stm32cube.ide.mcu.externaltools.gnu-tools-for-stm32.10.3-2021.10.linux64_1.0.0.202111181127/tools/arm-none-eabi/include/c++/10.3.1/bits/stl_iterator.h:993:7:__gnu_cxx::__normal_iterator<_Iterator, _Container>::reference __gnu_cxx::__normal_iterator<_Iterator, _Container>::operator*() const [with _Iterator = StrobeObserver*; _Container = std::vector<StrobeObserver>]	16	static
/home/tndrd/STM32CubeIDE/workspace_1.10.1/StarkitMotherboard/roki-mb-firmware/Inc/FrameQueue.hpp:39:7:void FrameQueue<T, Capacity>::Clear() [with T = FrameQueues::BodyResponce; unsigned int Capacity = 300]	16	static
/home/tndrd/STM32CubeIDE/workspace_1.10.1/StarkitMotherboard/roki-mb-firmware/Inc/FrameQueue.hpp:39:7:void FrameQueue<T, Capacity>::Clear() [with T = Roki::Messages::IMUFrameMsg; unsigned int Capacity = 300]	16	static
/home/tndrd/st/stm32cubeide_1.10.1_2/plugins/com.st.stm32cube.ide.mcu.externaltools.gnu-tools-for-stm32.10.3-2021.10.linux64_1.0.0.202111181127/tools/arm-none-eabi/include/c++/10.3.1/bits/stl_vector.h:131:2:std::_Vector_base<_Tp, _Alloc>::_Vector_impl::_Vector_impl() [with _Tp = StrobeObserver; _Alloc = std::allocator<StrobeObserver>]	16	static
/home/tndrd/STM32CubeIDE/workspace_1.10.1/StarkitMotherboard/roki-mb-firmware/Inc/RequestHandler.hpp:55:11:RequestHandler::Responce RequestHandler::GenericHandler(MotherboardContext&, const Request&) [with Procedure = Roki::MbService::Procedures::BodySendForward]	320	static
/home/tndrd/STM32CubeIDE/workspace_1.10.1/StarkitMotherboard/roki-mb-firmware/Inc/RequestHandler.hpp:55:11:RequestHandler::Responce RequestHandler::GenericHandler(MotherboardContext&, const Request&) [with Procedure = Roki::MbService::Procedures::BodySendQueue]	320	static
/home/tndrd/STM32CubeIDE/workspace_1.10.1/StarkitMotherboard/roki-mb-firmware/Inc/RequestHandler.hpp:55:11:RequestHandler::Responce RequestHandler::GenericHandler(MotherboardContext&, const Request&) [with Procedure = Roki::MbService::Procedures::ConfigureStrobeFilter]	304	static
/home/tndrd/STM32CubeIDE/workspace_1.10.1/StarkitMotherboard/roki-mb-firmware/Inc/RequestHandler.hpp:55:11:RequestHandler::Responce RequestHandler::GenericHandler(MotherboardContext&, const Request&) [with Procedure = Roki::MbService::Procedures::GetBodyContainerInfo]	312	static
/home/tndrd/STM32CubeIDE/workspace_1.10.1/StarkitMotherboard/roki-mb-firmware/Inc/RequestHandler.hpp:55:11:RequestHandler::Responce RequestHandler::GenericHandler(MotherboardContext&, const Request&) [with Procedure = Roki::MbService::Procedures::GetBodyFrame]	304	static
/home/tndrd/STM32CubeIDE/workspace_1.10.1/StarkitMotherboard/roki-mb-firmware/Inc/RequestHandler.hpp:55:11:RequestHandler::Responce RequestHandler::GenericHandler(MotherboardContext&, const Request&) [with Procedure = Roki::MbService::Procedures::GetBodyQueueInfo]	304	static
/home/tndrd/STM32CubeIDE/workspace_1.10.1/StarkitMotherboard/roki-mb-firmware/Inc/RequestHandler.hpp:55:11:RequestHandler::Responce RequestHandler::GenericHandler(MotherboardContext&, const Request&) [with Procedure = Roki::MbService::Procedures::GetIMUContainerInfo]	312	static
/home/tndrd/STM32CubeIDE/workspace_1.10.1/StarkitMotherboard/roki-mb-firmware/Inc/RequestHandler.hpp:55:11:RequestHandler::Responce RequestHandler::GenericHandler(MotherboardContext&, const Request&) [with Procedure = Roki::MbService::Procedures::GetIMUFrame]	320	static
/home/tndrd/STM32CubeIDE/workspace_1.10.1/StarkitMotherboard/roki-mb-firmware/Inc/RequestHandler.hpp:55:11:RequestHandler::Responce RequestHandler::GenericHandler(MotherboardContext&, const Request&) [with Procedure = Roki::MbService::Procedures::GetIMULatest]	320	static
/home/tndrd/STM32CubeIDE/workspace_1.10.1/StarkitMotherboard/roki-mb-firmware/Inc/RequestHandler.hpp:55:11:RequestHandler::Responce RequestHandler::GenericHandler(MotherboardContext&, const Request&) [with Procedure = Roki::MbService::Procedures::GetStrobeWidth]	304	static
/home/tndrd/STM32CubeIDE/workspace_1.10.1/StarkitMotherboard/roki-mb-firmware/Inc/RequestHandler.hpp:55:11:RequestHandler::Responce RequestHandler::GenericHandler(MotherboardContext&, const Request&) [with Procedure = Roki::MbService::Procedures::GetVersion]	304	static
/home/tndrd/STM32CubeIDE/workspace_1.10.1/StarkitMotherboard/roki-mb-firmware/Inc/RequestHandler.hpp:55:11:RequestHandler::Responce RequestHandler::GenericHandler(MotherboardContext&, const Request&) [with Procedure = Roki::MbService::Procedures::ResetStrobeContainers]	304	static
/home/tndrd/STM32CubeIDE/workspace_1.10.1/StarkitMotherboard/roki-mb-firmware/Inc/RequestHandler.hpp:55:11:RequestHandler::Responce RequestHandler::GenericHandler(MotherboardContext&, const Request&) [with Procedure = Roki::MbService::Procedures::SetBodyQueuePeriod]	304	static
/home/tndrd/STM32CubeIDE/workspace_1.10.1/StarkitMotherboard/roki-mb-firmware/Inc/RequestHandler.hpp:55:11:RequestHandler::Responce RequestHandler::GenericHandler(MotherboardContext&, const Request&) [with Procedure = Roki::MbService::Procedures::SetBodyStrobeOffset]	304	static
/home/tndrd/STM32CubeIDE/workspace_1.10.1/StarkitMotherboard/roki-mb-firmware/Inc/RequestHandler.hpp:55:11:RequestHandler::Responce RequestHandler::GenericHandler(MotherboardContext&, const Request&) [with Procedure = Roki::MbService::Procedures::SetIMUStrobeOffset]	304	static
/home/tndrd/STM32CubeIDE/workspace_1.10.1/StarkitMotherboard/roki-mb-firmware/Inc/FrameQueue.hpp:23:7:bool FrameQueue<T, Capacity>::HasSeq(size_t) const [with T = Roki::Messages::IMUFrameMsg; unsigned int Capacity = 300]	32	static
/home/tndrd/STM32CubeIDE/workspace_1.10.1/StarkitMotherboard/roki-mb-firmware/Inc/FrameQueue.hpp:33:4:T FrameQueue<T, Capacity>::GetSeq(size_t) [with T = Roki::Messages::IMUFrameMsg; unsigned int Capacity = 300]	32	static
/home/tndrd/STM32CubeIDE/workspace_1.10.1/StarkitMotherboard/roki-mb-firmware/Inc/FrameQueue.hpp:23:7:bool FrameQueue<T, Capacity>::HasSeq(size_t) const [with T = FrameQueues::BodyResponce; unsigned int Capacity = 300]	32	static
/home/tndrd/STM32CubeIDE/workspace_1.10.1/StarkitMotherboard/roki-mb-firmware/Inc/FrameQueue.hpp:33:4:T FrameQueue<T, Capacity>::GetSeq(size_t) [with T = FrameQueues::BodyResponce; unsigned int Capacity = 300]	24	static
/home/tndrd/STM32CubeIDE/workspace_1.10.1/StarkitMotherboard/roki-mb-firmware/Inc/FrameQueue.hpp:45:37:Roki::Messages::FrameContainerInfo FrameQueue<T, Capacity>::GetInfo() const [with T = Roki::Messages::IMUFrameMsg; unsigned int Capacity = 300]	16	static
/home/tndrd/STM32CubeIDE/workspace_1.10.1/StarkitMotherboard/roki-mb-firmware/Inc/FrameQueue.hpp:45:37:Roki::Messages::FrameContainerInfo FrameQueue<T, Capacity>::GetInfo() const [with T = FrameQueues::BodyResponce; unsigned int Capacity = 300]	16	static
/home/tndrd/STM32CubeIDE/workspace_1.10.1/StarkitMotherboard/roki-mb-firmware/Inc/FrameQueue.hpp:15:7:void FrameQueue<T, Capacity>::Add(const T&) [with T = FrameQueues::BodyResponce; unsigned int Capacity = 300]	16	static
/home/tndrd/STM32CubeIDE/workspace_1.10.1/StarkitMotherboard/roki-mb-firmware/Inc/FrameQueue.hpp:15:7:void FrameQueue<T, Capacity>::Add(const T&) [with T = Roki::Messages::IMUFrameMsg; unsigned int Capacity = 300]	16	static
/home/tndrd/st/stm32cubeide_1.10.1_2/plugins/com.st.stm32cube.ide.mcu.externaltools.gnu-tools-for-stm32.10.3-2021.10.linux64_1.0.0.202111181127/tools/arm-none-eabi/include/c++/10.3.1/array:59:7:static constexpr _Tp* std::__array_traits<_Tp, _Nm>::_S_ptr(const _Tp (&)[_Nm]) [with _Tp = unsigned char; unsigned int _Nm = 2048]	16	static
/home/tndrd/st/stm32cubeide_1.10.1_2/plugins/com.st.stm32cube.ide.mcu.externaltools.gnu-tools-for-stm32.10.3-2021.10.linux64_1.0.0.202111181127/tools/arm-none-eabi/include/c++/10.3.1/array:59:7:static constexpr _Tp* std::__array_traits<_Tp, _Nm>::_S_ptr(const _Tp (&)[_Nm]) [with _Tp = unsigned char; unsigned int _Nm = 256]	16	static
/home/tndrd/st/stm32cubeide_1.10.1_2/plugins/com.st.stm32cube.ide.mcu.externaltools.gnu-tools-for-stm32.10.3-2021.10.linux64_1.0.0.202111181127/tools/arm-none-eabi/include/c++/10.3.1/array:185:7:std::array<_Tp, _Nm>::value_type& std::array<_Tp, _Nm>::operator[](std::array<_Tp, _Nm>::size_type) [with _Tp = HeadIO::Request; unsigned int _Nm = 4]	16	static
/home/tndrd/st/stm32cubeide_1.10.1_2/plugins/com.st.stm32cube.ide.mcu.externaltools.gnu-tools-for-stm32.10.3-2021.10.linux64_1.0.0.202111181127/tools/arm-none-eabi/include/c++/10.3.1/array:189:7:constexpr const value_type& std::array<_Tp, _Nm>::operator[](std::array<_Tp, _Nm>::size_type) const [with _Tp = HeadIO::Request; unsigned int _Nm = 4]	16	static
/home/tndrd/st/stm32cubeide_1.10.1_2/plugins/com.st.stm32cube.ide.mcu.externaltools.gnu-tools-for-stm32.10.3-2021.10.linux64_1.0.0.202111181127/tools/arm-none-eabi/include/c++/10.3.1/array:55:7:static constexpr _Tp& std::__array_traits<_Tp, _Nm>::_S_ref(const _Tp (&)[_Nm], std::size_t) [with _Tp = unsigned char; unsigned int _Nm = 256]	16	static
/home/tndrd/st/stm32cubeide_1.10.1_2/plugins/com.st.stm32cube.ide.mcu.externaltools.gnu-tools-for-stm32.10.3-2021.10.linux64_1.0.0.202111181127/tools/arm-none-eabi/include/c++/10.3.1/array:185:7:std::array<_Tp, _Nm>::value_type& std::array<_Tp, _Nm>::operator[](std::array<_Tp, _Nm>::size_type) [with _Tp = HeadIO::Responce; unsigned int _Nm = 4]	16	static
/home/tndrd/st/stm32cubeide_1.10.1_2/plugins/com.st.stm32cube.ide.mcu.externaltools.gnu-tools-for-stm32.10.3-2021.10.linux64_1.0.0.202111181127/tools/arm-none-eabi/include/c++/10.3.1/array:189:7:constexpr const value_type& std::array<_Tp, _Nm>::operator[](std::array<_Tp, _Nm>::size_type) const [with _Tp = HeadIO::Responce; unsigned int _Nm = 4]	16	static
/home/tndrd/st/stm32cubeide_1.10.1_2/plugins/com.st.stm32cube.ide.mcu.externaltools.gnu-tools-for-stm32.10.3-2021.10.linux64_1.0.0.202111181127/tools/arm-none-eabi/include/c++/10.3.1/array:189:7:constexpr const value_type& std::array<_Tp, _Nm>::operator[](std::array<_Tp, _Nm>::size_type) const [with _Tp = BodyQueue::Request; unsigned int _Nm = 500]	16	static
/home/tndrd/st/stm32cubeide_1.10.1_2/plugins/com.st.stm32cube.ide.mcu.externaltools.gnu-tools-for-stm32.10.3-2021.10.linux64_1.0.0.202111181127/tools/arm-none-eabi/include/c++/10.3.1/array:185:7:std::array<_Tp, _Nm>::value_type& std::array<_Tp, _Nm>::operator[](std::array<_Tp, _Nm>::size_type) [with _Tp = BodyQueue::Request; unsigned int _Nm = 500]	16	static
/home/tndrd/st/stm32cubeide_1.10.1_2/plugins/com.st.stm32cube.ide.mcu.externaltools.gnu-tools-for-stm32.10.3-2021.10.linux64_1.0.0.202111181127/tools/arm-none-eabi/include/c++/10.3.1/bits/stl_deque.h:1493:7:void std::deque<_Tp, _Alloc>::push_back(const value_type&) [with _Tp = unsigned int; _Alloc = std::allocator<unsigned int>]	16	static
/home/tndrd/st/stm32cubeide_1.10.1_2/plugins/com.st.stm32cube.ide.mcu.externaltools.gnu-tools-for-stm32.10.3-2021.10.linux64_1.0.0.202111181127/tools/arm-none-eabi/include/c++/10.3.1/bits/stl_deque.h:518:14:std::_Deque_base<unsigned int, std::allocator<unsigned int> >::_Deque_impl::~_Deque_impl()	16	static
/home/tndrd/st/stm32cubeide_1.10.1_2/plugins/com.st.stm32cube.ide.mcu.externaltools.gnu-tools-for-stm32.10.3-2021.10.linux64_1.0.0.202111181127/tools/arm-none-eabi/include/c++/10.3.1/bits/stl_deque.h:434:7:std::_Deque_base<_Tp, _Alloc>::_Deque_base() [with _Tp = unsigned int; _Alloc = std::allocator<unsigned int>]	16	static
/home/tndrd/st/stm32cubeide_1.10.1_2/plugins/com.st.stm32cube.ide.mcu.externaltools.gnu-tools-for-stm32.10.3-2021.10.linux64_1.0.0.202111181127/tools/arm-none-eabi/include/c++/10.3.1/bits/stl_deque.h:593:5:std::_Deque_base<_Tp, _Alloc>::~_Deque_base() [with _Tp = unsigned int; _Alloc = std::allocator<unsigned int>]	16	static
/home/tndrd/st/stm32cubeide_1.10.1_2/plugins/com.st.stm32cube.ide.mcu.externaltools.gnu-tools-for-stm32.10.3-2021.10.linux64_1.0.0.202111181127/tools/arm-none-eabi/include/c++/10.3.1/bits/stl_deque.h:1125:7:std::deque<_Tp, _Alloc>::iterator std::deque<_Tp, _Alloc>::begin() [with _Tp = unsigned int; _Alloc = std::allocator<unsigned int>]	16	static
/home/tndrd/st/stm32cubeide_1.10.1_2/plugins/com.st.stm32cube.ide.mcu.externaltools.gnu-tools-for-stm32.10.3-2021.10.linux64_1.0.0.202111181127/tools/arm-none-eabi/include/c++/10.3.1/bits/stl_deque.h:1142:7:std::deque<_Tp, _Alloc>::iterator std::deque<_Tp, _Alloc>::end() [with _Tp = unsigned int; _Alloc = std::allocator<unsigned int>]	16	static
/home/tndrd/st/stm32cubeide_1.10.1_2/plugins/com.st.stm32cube.ide.mcu.externaltools.gnu-tools-for-stm32.10.3-2021.10.linux64_1.0.0.202111181127/tools/arm-none-eabi/include/c++/10.3.1/bits/stl_deque.h:544:7:std::_Deque_base<_Tp, _Alloc>::_Tp_alloc_type& std::_Deque_base<_Tp, _Alloc>::_M_get_Tp_allocator() [with _Tp = unsigned int; _Alloc = std::allocator<unsigned int>]	16	static
/home/tndrd/st/stm32cubeide_1.10.1_2/plugins/com.st.stm32cube.ide.mcu.externaltools.gnu-tools-for-stm32.10.3-2021.10.linux64_1.0.0.202111181127/tools/arm-none-eabi/include/c++/10.3.1/bits/stl_deque.h:168:7:std::_Deque_iterator<_Tp, _Ref, _Ptr>::_Deque_iterator(const std::_Deque_iterator<_Tp, _Ref, _Ptr>&) [with _Tp = unsigned int; _Ref = unsigned int&; _Ptr = unsigned int*]	16	static
/home/tndrd/st/stm32cubeide_1.10.1_2/plugins/com.st.stm32cube.ide.mcu.externaltools.gnu-tools-for-stm32.10.3-2021.10.linux64_1.0.0.202111181127/tools/arm-none-eabi/include/c++/10.3.1/bits/stl_deque.h:2042:7:void std::deque<_Tp, _Alloc>::_M_destroy_data(std::deque<_Tp, _Alloc>::iterator, std::deque<_Tp, _Alloc>::iterator, const std::allocator<_Tp1>&) [with _Tp = unsigned int; _Alloc = std::allocator<unsigned int>]	56	static
/home/tndrd/st/stm32cubeide_1.10.1_2/plugins/com.st.stm32cube.ide.mcu.externaltools.gnu-tools-for-stm32.10.3-2021.10.linux64_1.0.0.202111181127/tools/arm-none-eabi/include/c++/10.3.1/bits/stl_deque.h:1308:7:bool std::deque<_Tp, _Alloc>::empty() const [with _Tp = unsigned int; _Alloc = std::allocator<unsigned int>]	16	static
/home/tndrd/st/stm32cubeide_1.10.1_2/plugins/com.st.stm32cube.ide.mcu.externaltools.gnu-tools-for-stm32.10.3-2021.10.linux64_1.0.0.202111181127/tools/arm-none-eabi/include/c++/10.3.1/bits/stl_deque.h:1402:7:std::deque<_Tp, _Alloc>::reference std::deque<_Tp, _Alloc>::front() [with _Tp = unsigned int; _Alloc = std::allocator<unsigned int>]	32	static
/home/tndrd/st/stm32cubeide_1.10.1_2/plugins/com.st.stm32cube.ide.mcu.externaltools.gnu-tools-for-stm32.10.3-2021.10.linux64_1.0.0.202111181127/tools/arm-none-eabi/include/c++/10.3.1/bits/stl_deque.h:1529:7:void std::deque<_Tp, _Alloc>::pop_front() [with _Tp = unsigned int; _Alloc = std::allocator<unsigned int>]	16	static
/home/tndrd/st/stm32cubeide_1.10.1_2/plugins/com.st.stm32cube.ide.mcu.externaltools.gnu-tools-for-stm32.10.3-2021.10.linux64_1.0.0.202111181127/tools/arm-none-eabi/include/c++/10.3.1/bits/move.h:101:5:constexpr typename std::remove_reference<_Tp>::type&& std::move(_Tp&&) [with _Tp = unsigned int&]	16	static
/home/tndrd/st/stm32cubeide_1.10.1_2/plugins/com.st.stm32cube.ide.mcu.externaltools.gnu-tools-for-stm32.10.3-2021.10.linux64_1.0.0.202111181127/tools/arm-none-eabi/include/c++/10.3.1/bits/stl_deque.h:1508:7:void std::deque<_Tp, _Alloc>::push_back(std::deque<_Tp, _Alloc>::value_type&&) [with _Tp = unsigned int; _Alloc = std::allocator<unsigned int>]	16	static
/home/tndrd/st/stm32cubeide_1.10.1_2/plugins/com.st.stm32cube.ide.mcu.externaltools.gnu-tools-for-stm32.10.3-2021.10.linux64_1.0.0.202111181127/tools/arm-none-eabi/include/c++/10.3.1/bits/stl_vector.h:1070:7:void std::vector<_Tp, _Alloc>::_M_range_check(std::vector<_Tp, _Alloc>::size_type) const [with _Tp = StrobeObserver; _Alloc = std::allocator<StrobeObserver>]	16	static
/home/tndrd/st/stm32cubeide_1.10.1_2/plugins/com.st.stm32cube.ide.mcu.externaltools.gnu-tools-for-stm32.10.3-2021.10.linux64_1.0.0.202111181127/tools/arm-none-eabi/include/c++/10.3.1/bits/stl_vector.h:1043:7:std::vector<_Tp, _Alloc>::reference std::vector<_Tp, _Alloc>::operator[](std::vector<_Tp, _Alloc>::size_type) [with _Tp = StrobeObserver; _Alloc = std::allocator<StrobeObserver>]	16	static
/home/tndrd/st/stm32cubeide_1.10.1_2/plugins/com.st.stm32cube.ide.mcu.externaltools.gnu-tools-for-stm32.10.3-2021.10.linux64_1.0.0.202111181127/tools/arm-none-eabi/include/c++/10.3.1/bits/move.h:76:5:constexpr _Tp&& std::forward(typename std::remove_reference<_Tp>::type&) [with _Tp = unsigned char&]	16	static
/home/tndrd/st/stm32cubeide_1.10.1_2/plugins/com.st.stm32cube.ide.mcu.externaltools.gnu-tools-for-stm32.10.3-2021.10.linux64_1.0.0.202111181127/tools/arm-none-eabi/include/c++/10.3.1/bits/move.h:76:5:constexpr _Tp&& std::forward(typename std::remove_reference<_Tp>::type&) [with _Tp = void (*&)(MotherboardContext&)]	16	static
/home/tndrd/st/stm32cubeide_1.10.1_2/plugins/com.st.stm32cube.ide.mcu.externaltools.gnu-tools-for-stm32.10.3-2021.10.linux64_1.0.0.202111181127/tools/arm-none-eabi/include/c++/10.3.1/bits/alloc_traits.h:507:2:) [with _Up = StrobeObserver; _Args = {unsigned char&, void (*&)(MotherboardContext&)}; _Tp = StrobeObserver]	32	static
/home/tndrd/st/stm32cubeide_1.10.1_2/plugins/com.st.stm32cube.ide.mcu.externaltools.gnu-tools-for-stm32.10.3-2021.10.linux64_1.0.0.202111181127/tools/arm-none-eabi/include/c++/10.3.1/bits/stl_vector.h:444:7:static constexpr bool std::vector<_Tp, _Alloc>::_S_use_relocate() [with _Tp = StrobeObserver; _Alloc = std::allocator<StrobeObserver>]	16	static
/home/tndrd/st/stm32cubeide_1.10.1_2/plugins/com.st.stm32cube.ide.mcu.externaltools.gnu-tools-for-stm32.10.3-2021.10.linux64_1.0.0.202111181127/tools/arm-none-eabi/include/c++/10.3.1/bits/stl_vector.h:431:7:static constexpr bool std::vector<_Tp, _Alloc>::_S_nothrow_relocate(std::true_type) [with _Tp = StrobeObserver; _Alloc = std::allocator<StrobeObserver>]	16	static
/home/tndrd/st/stm32cubeide_1.10.1_2/plugins/com.st.stm32cube.ide.mcu.externaltools.gnu-tools-for-stm32.10.3-2021.10.linux64_1.0.0.202111181127/tools/arm-none-eabi/include/c++/10.3.1/bits/vector.tcc:426:7:) [with _Args = {unsigned char&, void (*&)(MotherboardContext&)}; _Tp = StrobeObserver; _Alloc = std::allocator<StrobeObserver>]	72	static
/home/tndrd/st/stm32cubeide_1.10.1_2/plugins/com.st.stm32cube.ide.mcu.externaltools.gnu-tools-for-stm32.10.3-2021.10.linux64_1.0.0.202111181127/tools/arm-none-eabi/include/c++/10.3.1/bits/stl_iterator.h:978:7:__gnu_cxx::__normal_iterator<_Iterator, _Container>::__normal_iterator(const _Iterator&) [with _Iterator = StrobeObserver*; _Container = std::vector<StrobeObserver>]	16	static
/home/tndrd/st/stm32cubeide_1.10.1_2/plugins/com.st.stm32cube.ide.mcu.externaltools.gnu-tools-for-stm32.10.3-2021.10.linux64_1.0.0.202111181127/tools/arm-none-eabi/include/c++/10.3.1/bits/stl_iterator.h:1056:7:const _Iterator& __gnu_cxx::__normal_iterator<_Iterator, _Container>::base() const [with _Iterator = StrobeObserver*; _Container = std::vector<StrobeObserver>]	16	static
/home/tndrd/STM32CubeIDE/workspace_1.10.1/StarkitMotherboard/roki-mb-firmware/Inc/FixedQueue.hpp:31:7:void FixedQueue<T, Capacity>::Clear() [with T = FrameQueues::BodyResponce; unsigned int Capacity = 300]	16	static
/home/tndrd/STM32CubeIDE/workspace_1.10.1/StarkitMotherboard/roki-mb-firmware/Inc/FixedQueue.hpp:31:7:void FixedQueue<T, Capacity>::Clear() [with T = Roki::Messages::IMUFrameMsg; unsigned int Capacity = 300]	16	static
/home/tndrd/st/stm32cubeide_1.10.1_2/plugins/com.st.stm32cube.ide.mcu.externaltools.gnu-tools-for-stm32.10.3-2021.10.linux64_1.0.0.202111181127/tools/arm-none-eabi/include/c++/10.3.1/bits/allocator.h:164:7:std::allocator< <template-parameter-1-1> >::allocator() [with _Tp = StrobeObserver]	16	static
/home/tndrd/st/stm32cubeide_1.10.1_2/plugins/com.st.stm32cube.ide.mcu.externaltools.gnu-tools-for-stm32.10.3-2021.10.linux64_1.0.0.202111181127/tools/arm-none-eabi/include/c++/10.3.1/bits/stl_vector.h:97:2:std::_Vector_base<_Tp, _Alloc>::_Vector_impl_data::_Vector_impl_data() [with _Tp = StrobeObserver; _Alloc = std::allocator<StrobeObserver>]	16	static
/home/tndrd/st/stm32cubeide_1.10.1_2/plugins/com.st.stm32cube.ide.mcu.externaltools.gnu-tools-for-stm32.10.3-2021.10.linux64_1.0.0.202111181127/tools/arm-none-eabi/include/c++/10.3.1/bits/stl_vector.h:350:7:void std::_Vector_base<_Tp, _Alloc>::_M_deallocate(std::_Vector_base<_Tp, _Alloc>::pointer, std::size_t) [with _Tp = StrobeObserver; _Alloc = std::allocator<StrobeObserver>]	24	static
/home/tndrd/st/stm32cubeide_1.10.1_2/plugins/com.st.stm32cube.ide.mcu.externaltools.gnu-tools-for-stm32.10.3-2021.10.linux64_1.0.0.202111181127/tools/arm-none-eabi/include/c++/10.3.1/bits/stl_vector.h:276:7:std::_Vector_base<_Tp, _Alloc>::_Tp_alloc_type& std::_Vector_base<_Tp, _Alloc>::_M_get_Tp_allocator() [with _Tp = StrobeObserver; _Alloc = std::allocator<StrobeObserver>]	16	static
/home/tndrd/st/stm32cubeide_1.10.1_2/plugins/com.st.stm32cube.ide.mcu.externaltools.gnu-tools-for-stm32.10.3-2021.10.linux64_1.0.0.202111181127/tools/arm-none-eabi/include/c++/10.3.1/bits/alloc_traits.h:735:5:void std::_Destroy(_ForwardIterator, _ForwardIterator, std::allocator<_T2>&) [with _ForwardIterator = StrobeObserver*; _Tp = StrobeObserver]	24	static
/home/tndrd/STM32CubeIDE/workspace_1.10.1/StarkitMotherboard/roki-mb-firmware/Inc/FixedQueue.hpp:43:7:bool FixedQueue<T, Capacity>::Empty() const [with T = Roki::Messages::IMUFrameMsg; unsigned int Capacity = 300]	16	static
/home/tndrd/STM32CubeIDE/workspace_1.10.1/StarkitMotherboard/roki-mb-firmware/Inc/FixedQueue.hpp:51:9:size_t FixedQueue<T, Capacity>::GetSize() const [with T = Roki::Messages::IMUFrameMsg; unsigned int Capacity = 300]	16	static
/home/tndrd/STM32CubeIDE/workspace_1.10.1/StarkitMotherboard/roki-mb-firmware/Inc/FixedQueue.hpp:59:11:const T& FixedQueue<T, Capacity>::Peek(size_t) const [with T = Roki::Messages::IMUFrameMsg; unsigned int Capacity = 300]	16	static
/home/tndrd/STM32CubeIDE/workspace_1.10.1/StarkitMotherboard/roki-mb-firmware/Inc/FixedQueue.hpp:43:7:bool FixedQueue<T, Capacity>::Empty() const [with T = FrameQueues::BodyResponce; unsigned int Capacity = 300]	16	static
/home/tndrd/STM32CubeIDE/workspace_1.10.1/StarkitMotherboard/roki-mb-firmware/Inc/FixedQueue.hpp:51:9:size_t FixedQueue<T, Capacity>::GetSize() const [with T = FrameQueues::BodyResponce; unsigned int Capacity = 300]	16	static
/home/tndrd/STM32CubeIDE/workspace_1.10.1/StarkitMotherboard/roki-mb-firmware/Inc/FixedQueue.hpp:59:11:const T& FixedQueue<T, Capacity>::Peek(size_t) const [with T = FrameQueues::BodyResponce; unsigned int Capacity = 300]	16	static
/home/tndrd/STM32CubeIDE/workspace_1.10.1/StarkitMotherboard/roki-mb-firmware/Inc/FixedQueue.hpp:47:7:bool FixedQueue<T, Capacity>::Full() const [with T = FrameQueues::BodyResponce; unsigned int Capacity = 300]	16	static
/home/tndrd/STM32CubeIDE/workspace_1.10.1/StarkitMotherboard/roki-mb-firmware/Inc/FixedQueue.hpp:25:7:void FixedQueue<T, Capacity>::Pop() [with T = FrameQueues::BodyResponce; unsigned int Capacity = 300]	16	static
/home/tndrd/STM32CubeIDE/workspace_1.10.1/StarkitMotherboard/roki-mb-firmware/Inc/FixedQueue.hpp:17:7:void FixedQueue<T, Capacity>::Push(const T&) [with T = FrameQueues::BodyResponce; unsigned int Capacity = 300]	16	static
/home/tndrd/STM32CubeIDE/workspace_1.10.1/StarkitMotherboard/roki-mb-firmware/Inc/FixedQueue.hpp:47:7:bool FixedQueue<T, Capacity>::Full() const [with T = Roki::Messages::IMUFrameMsg; unsigned int Capacity = 300]	16	static
/home/tndrd/STM32CubeIDE/workspace_1.10.1/StarkitMotherboard/roki-mb-firmware/Inc/FixedQueue.hpp:25:7:void FixedQueue<T, Capacity>::Pop() [with T = Roki::Messages::IMUFrameMsg; unsigned int Capacity = 300]	16	static
/home/tndrd/STM32CubeIDE/workspace_1.10.1/StarkitMotherboard/roki-mb-firmware/Inc/FixedQueue.hpp:17:7:void FixedQueue<T, Capacity>::Push(const T&) [with T = Roki::Messages::IMUFrameMsg; unsigned int Capacity = 300]	24	static
/home/tndrd/st/stm32cubeide_1.10.1_2/plugins/com.st.stm32cube.ide.mcu.externaltools.gnu-tools-for-stm32.10.3-2021.10.linux64_1.0.0.202111181127/tools/arm-none-eabi/include/c++/10.3.1/array:55:7:static constexpr _Tp& std::__array_traits<_Tp, _Nm>::_S_ref(const _Tp (&)[_Nm], std::size_t) [with _Tp = HeadIO::Request; unsigned int _Nm = 4]	16	static
/home/tndrd/st/stm32cubeide_1.10.1_2/plugins/com.st.stm32cube.ide.mcu.externaltools.gnu-tools-for-stm32.10.3-2021.10.linux64_1.0.0.202111181127/tools/arm-none-eabi/include/c++/10.3.1/array:55:7:static constexpr _Tp& std::__array_traits<_Tp, _Nm>::_S_ref(const _Tp (&)[_Nm], std::size_t) [with _Tp = HeadIO::Responce; unsigned int _Nm = 4]	16	static
/home/tndrd/st/stm32cubeide_1.10.1_2/plugins/com.st.stm32cube.ide.mcu.externaltools.gnu-tools-for-stm32.10.3-2021.10.linux64_1.0.0.202111181127/tools/arm-none-eabi/include/c++/10.3.1/array:55:7:static constexpr _Tp& std::__array_traits<_Tp, _Nm>::_S_ref(const _Tp (&)[_Nm], std::size_t) [with _Tp = BodyQueue::Request; unsigned int _Nm = 500]	16	static
/home/tndrd/st/stm32cubeide_1.10.1_2/plugins/com.st.stm32cube.ide.mcu.externaltools.gnu-tools-for-stm32.10.3-2021.10.linux64_1.0.0.202111181127/tools/arm-none-eabi/include/c++/10.3.1/bits/alloc_traits.h:507:2:) [with _Up = unsigned int; _Args = {const unsigned int&}; _Tp = unsigned int]	24	static
/home/tndrd/st/stm32cubeide_1.10.1_2/plugins/com.st.stm32cube.ide.mcu.externaltools.gnu-tools-for-stm32.10.3-2021.10.linux64_1.0.0.202111181127/tools/arm-none-eabi/include/c++/10.3.1/bits/deque.tcc:481:7:) [with _Args = {const unsigned int&}; _Tp = unsigned int; _Alloc = std::allocator<unsigned int>]	24	static
/home/tndrd/st/stm32cubeide_1.10.1_2/plugins/com.st.stm32cube.ide.mcu.externaltools.gnu-tools-for-stm32.10.3-2021.10.linux64_1.0.0.202111181127/tools/arm-none-eabi/include/c++/10.3.1/bits/stl_deque.h:521:2:std::_Deque_base<_Tp, _Alloc>::_Deque_impl::_Deque_impl() [with _Tp = unsigned int; _Alloc = std::allocator<unsigned int>]	16	static
/home/tndrd/st/stm32cubeide_1.10.1_2/plugins/com.st.stm32cube.ide.mcu.externaltools.gnu-tools-for-stm32.10.3-2021.10.linux64_1.0.0.202111181127/tools/arm-none-eabi/include/c++/10.3.1/bits/allocator.h:182:7:std::allocator< <template-parameter-1-1> >::~allocator() [with _Tp = unsigned int]	16	static
/home/tndrd/st/stm32cubeide_1.10.1_2/plugins/com.st.stm32cube.ide.mcu.externaltools.gnu-tools-for-stm32.10.3-2021.10.linux64_1.0.0.202111181127/tools/arm-none-eabi/include/c++/10.3.1/bits/stl_deque.h:614:5:void std::_Deque_base<_Tp, _Alloc>::_M_initialize_map(std::size_t) [with _Tp = unsigned int; _Alloc = std::allocator<unsigned int>]	48	static
/home/tndrd/st/stm32cubeide_1.10.1_2/plugins/com.st.stm32cube.ide.mcu.externaltools.gnu-tools-for-stm32.10.3-2021.10.linux64_1.0.0.202111181127/tools/arm-none-eabi/include/c++/10.3.1/bits/stl_deque.h:671:5:void std::_Deque_base<_Tp, _Alloc>::_M_destroy_nodes(std::_Deque_base<_Tp, _Alloc>::_Map_pointer, std::_Deque_base<_Tp, _Alloc>::_Map_pointer) [with _Tp = unsigned int; _Alloc = std::allocator<unsigned int>]	32	static
/home/tndrd/st/stm32cubeide_1.10.1_2/plugins/com.st.stm32cube.ide.mcu.externaltools.gnu-tools-for-stm32.10.3-2021.10.linux64_1.0.0.202111181127/tools/arm-none-eabi/include/c++/10.3.1/bits/stl_deque.h:577:7:void std::_Deque_base<_Tp, _Alloc>::_M_deallocate_map(std::_Deque_base<_Tp, _Alloc>::_Map_pointer, std::size_t) [with _Tp = unsigned int; _Alloc = std::allocator<unsigned int>]	32	static
/home/tndrd/st/stm32cubeide_1.10.1_2/plugins/com.st.stm32cube.ide.mcu.externaltools.gnu-tools-for-stm32.10.3-2021.10.linux64_1.0.0.202111181127/tools/arm-none-eabi/include/c++/10.3.1/bits/stl_deque.h:268:7:bool std::operator==(const _Self&, const _Self&)	16	static
/home/tndrd/st/stm32cubeide_1.10.1_2/plugins/com.st.stm32cube.ide.mcu.externaltools.gnu-tools-for-stm32.10.3-2021.10.linux64_1.0.0.202111181127/tools/arm-none-eabi/include/c++/10.3.1/bits/stl_deque.h:180:7:std::_Deque_iterator<_Tp, _Ref, _Ptr>::reference std::_Deque_iterator<_Tp, _Ref, _Ptr>::operator*() const [with _Tp = unsigned int; _Ref = unsigned int&; _Ptr = unsigned int*]	16	static
/home/tndrd/st/stm32cubeide_1.10.1_2/plugins/com.st.stm32cube.ide.mcu.externaltools.gnu-tools-for-stm32.10.3-2021.10.linux64_1.0.0.202111181127/tools/arm-none-eabi/include/c++/10.3.1/bits/alloc_traits.h:527:2:static void std::allocator_traits<std::allocator<_Tp1> >::destroy(std::allocator_traits<std::allocator<_Tp1> >::allocator_type&, _Up*) [with _Up = unsigned int; _Tp = unsigned int]	16	static
/home/tndrd/st/stm32cubeide_1.10.1_2/plugins/com.st.stm32cube.ide.mcu.externaltools.gnu-tools-for-stm32.10.3-2021.10.linux64_1.0.0.202111181127/tools/arm-none-eabi/include/c++/10.3.1/bits/deque.tcc:573:10:void std::deque<_Tp, _Alloc>::_M_pop_front_aux() [with _Tp = unsigned int; _Alloc = std::allocator<unsigned int>]	16	static
/home/tndrd/st/stm32cubeide_1.10.1_2/plugins/com.st.stm32cube.ide.mcu.externaltools.gnu-tools-for-stm32.10.3-2021.10.linux64_1.0.0.202111181127/tools/arm-none-eabi/include/c++/10.3.1/bits/deque.tcc:164:7:) [with _Args = {unsigned int}; _Tp = unsigned int; _Alloc = std::allocator<unsigned int>]	24	static
/home/tndrd/st/stm32cubeide_1.10.1_2/plugins/com.st.stm32cube.ide.mcu.externaltools.gnu-tools-for-stm32.10.3-2021.10.linux64_1.0.0.202111181127/tools/arm-none-eabi/include/c++/10.3.1/bits/stl_vector.h:918:7:std::vector<_Tp, _Alloc>::size_type std::vector<_Tp, _Alloc>::size() const [with _Tp = StrobeObserver; _Alloc = std::allocator<StrobeObserver>]	16	static
/home/tndrd/st/stm32cubeide_1.10.1_2/plugins/com.st.stm32cube.ide.mcu.externaltools.gnu-tools-for-stm32.10.3-2021.10.linux64_1.0.0.202111181127/tools/arm-none-eabi/include/c++/10.3.1/ext/new_allocator.h:154:2:) [with _Up = StrobeObserver; _Args = {unsigned char&, void (*&)(MotherboardContext&)}; _Tp = StrobeObserver]	32	static
/home/tndrd/st/stm32cubeide_1.10.1_2/plugins/com.st.stm32cube.ide.mcu.externaltools.gnu-tools-for-stm32.10.3-2021.10.linux64_1.0.0.202111181127/tools/arm-none-eabi/include/c++/10.3.1/bits/stl_vector.h:1756:7:std::vector<_Tp, _Alloc>::size_type std::vector<_Tp, _Alloc>::_M_check_len(std::vector<_Tp, _Alloc>::size_type, const char*) const [with _Tp = StrobeObserver; _Alloc = std::allocator<StrobeObserver>]	40	static
/home/tndrd/st/stm32cubeide_1.10.1_2/plugins/com.st.stm32cube.ide.mcu.externaltools.gnu-tools-for-stm32.10.3-2021.10.linux64_1.0.0.202111181127/tools/arm-none-eabi/include/c++/10.3.1/bits/stl_iterator.h:1202:5:typename __gnu_cxx::__normal_iterator<_Iterator, _Container>::difference_type __gnu_cxx::operator-(const __gnu_cxx::__normal_iterator<_Iterator, _Container>&, const __gnu_cxx::__normal_iterator<_Iterator, _Container>&) [with _Iterator = StrobeObserver*; _Container = std::vector<StrobeObserver>]	24	static
/home/tndrd/st/stm32cubeide_1.10.1_2/plugins/com.st.stm32cube.ide.mcu.externaltools.gnu-tools-for-stm32.10.3-2021.10.linux64_1.0.0.202111181127/tools/arm-none-eabi/include/c++/10.3.1/bits/stl_vector.h:343:7:std::_Vector_base<_Tp, _Alloc>::pointer std::_Vector_base<_Tp, _Alloc>::_M_allocate(std::size_t) [with _Tp = StrobeObserver; _Alloc = std::allocator<StrobeObserver>]	16	static
/home/tndrd/st/stm32cubeide_1.10.1_2/plugins/com.st.stm32cube.ide.mcu.externaltools.gnu-tools-for-stm32.10.3-2021.10.linux64_1.0.0.202111181127/tools/arm-none-eabi/include/c++/10.3.1/bits/stl_vector.h:465:7:static std::vector<_Tp, _Alloc>::pointer std::vector<_Tp, _Alloc>::_S_relocate(std::vector<_Tp, _Alloc>::pointer, std::vector<_Tp, _Alloc>::pointer, std::vector<_Tp, _Alloc>::pointer, std::vector<_Tp, _Alloc>::_Tp_alloc_type&) [with _Tp = StrobeObserver; _Alloc = std::allocator<StrobeObserver>]	40	static
/home/tndrd/st/stm32cubeide_1.10.1_2/plugins/com.st.stm32cube.ide.mcu.externaltools.gnu-tools-for-stm32.10.3-2021.10.linux64_1.0.0.202111181127/tools/arm-none-eabi/include/c++/10.3.1/bits/stl_uninitialized.h:341:5:_ForwardIterator std::__uninitialized_move_if_noexcept_a(_InputIterator, _InputIterator, _ForwardIterator, _Allocator&) [with _InputIterator = StrobeObserver*; _ForwardIterator = StrobeObserver*; _Allocator = std::allocator<StrobeObserver>]	32	static
/home/tndrd/st/stm32cubeide_1.10.1_2/plugins/com.st.stm32cube.ide.mcu.externaltools.gnu-tools-for-stm32.10.3-2021.10.linux64_1.0.0.202111181127/tools/arm-none-eabi/include/c++/10.3.1/ext/new_allocator.h:79:7:__gnu_cxx::new_allocator<_Tp>::new_allocator() [with _Tp = StrobeObserver]	16	static
/home/tndrd/st/stm32cubeide_1.10.1_2/plugins/com.st.stm32cube.ide.mcu.externaltools.gnu-tools-for-stm32.10.3-2021.10.linux64_1.0.0.202111181127/tools/arm-none-eabi/include/c++/10.3.1/bits/alloc_traits.h:491:7:static void std::allocator_traits<std::allocator<_Tp1> >::deallocate(std::allocator_traits<std::allocator<_Tp1> >::allocator_type&, std::allocator_traits<std::allocator<_Tp1> >::pointer, std::allocator_traits<std::allocator<_Tp1> >::size_type) [with _Tp = StrobeObserver]	24	static
/home/tndrd/st/stm32cubeide_1.10.1_2/plugins/com.st.stm32cube.ide.mcu.externaltools.gnu-tools-for-stm32.10.3-2021.10.linux64_1.0.0.202111181127/tools/arm-none-eabi/include/c++/10.3.1/bits/stl_construct.h:171:5:void std::_Destroy(_ForwardIterator, _ForwardIterator) [with _ForwardIterator = StrobeObserver*]	16	static
/home/tndrd/STM32CubeIDE/workspace_1.10.1/StarkitMotherboard/roki-mb-firmware/Inc/FixedQueue.hpp:55:7:bool FixedQueue<T, Capacity>::HasElt(size_t) const [with T = Roki::Messages::IMUFrameMsg; unsigned int Capacity = 300]	16	static
/home/tndrd/st/stm32cubeide_1.10.1_2/plugins/com.st.stm32cube.ide.mcu.externaltools.gnu-tools-for-stm32.10.3-2021.10.linux64_1.0.0.202111181127/tools/arm-none-eabi/include/c++/10.3.1/array:189:7:constexpr const value_type& std::array<_Tp, _Nm>::operator[](std::array<_Tp, _Nm>::size_type) const [with _Tp = Roki::Messages::IMUFrameMsg; unsigned int _Nm = 300]	16	static
/home/tndrd/STM32CubeIDE/workspace_1.10.1/StarkitMotherboard/roki-mb-firmware/Inc/FixedQueue.hpp:55:7:bool FixedQueue<T, Capacity>::HasElt(size_t) const [with T = FrameQueues::BodyResponce; unsigned int Capacity = 300]	16	static
/home/tndrd/st/stm32cubeide_1.10.1_2/plugins/com.st.stm32cube.ide.mcu.externaltools.gnu-tools-for-stm32.10.3-2021.10.linux64_1.0.0.202111181127/tools/arm-none-eabi/include/c++/10.3.1/array:189:7:constexpr const value_type& std::array<_Tp, _Nm>::operator[](std::array<_Tp, _Nm>::size_type) const [with _Tp = FrameQueues::BodyResponce; unsigned int _Nm = 300]	16	static
/home/tndrd/st/stm32cubeide_1.10.1_2/plugins/com.st.stm32cube.ide.mcu.externaltools.gnu-tools-for-stm32.10.3-2021.10.linux64_1.0.0.202111181127/tools/arm-none-eabi/include/c++/10.3.1/array:185:7:std::array<_Tp, _Nm>::value_type& std::array<_Tp, _Nm>::operator[](std::array<_Tp, _Nm>::size_type) [with _Tp = FrameQueues::BodyResponce; unsigned int _Nm = 300]	16	static
/home/tndrd/st/stm32cubeide_1.10.1_2/plugins/com.st.stm32cube.ide.mcu.externaltools.gnu-tools-for-stm32.10.3-2021.10.linux64_1.0.0.202111181127/tools/arm-none-eabi/include/c++/10.3.1/array:185:7:std::array<_Tp, _Nm>::value_type& std::array<_Tp, _Nm>::operator[](std::array<_Tp, _Nm>::size_type) [with _Tp = Roki::Messages::IMUFrameMsg; unsigned int _Nm = 300]	16	static
/home/tndrd/st/stm32cubeide_1.10.1_2/plugins/com.st.stm32cube.ide.mcu.externaltools.gnu-tools-for-stm32.10.3-2021.10.linux64_1.0.0.202111181127/tools/arm-none-eabi/include/c++/10.3.1/bits/move.h:76:5:constexpr _Tp&& std::forward(typename std::remove_reference<_Tp>::type&) [with _Tp = const unsigned int&]	16	static
/home/tndrd/st/stm32cubeide_1.10.1_2/plugins/com.st.stm32cube.ide.mcu.externaltools.gnu-tools-for-stm32.10.3-2021.10.linux64_1.0.0.202111181127/tools/arm-none-eabi/include/c++/10.3.1/ext/new_allocator.h:154:2:) [with _Up = unsigned int; _Args = {const unsigned int&}; _Tp = unsigned int]	32	static
/home/tndrd/st/stm32cubeide_1.10.1_2/plugins/com.st.stm32cube.ide.mcu.externaltools.gnu-tools-for-stm32.10.3-2021.10.linux64_1.0.0.202111181127/tools/arm-none-eabi/include/c++/10.3.1/bits/stl_deque.h:1230:7:std::deque<_Tp, _Alloc>::size_type std::deque<_Tp, _Alloc>::size() const [with _Tp = unsigned int; _Alloc = std::allocator<unsigned int>]	16	static
/home/tndrd/st/stm32cubeide_1.10.1_2/plugins/com.st.stm32cube.ide.mcu.externaltools.gnu-tools-for-stm32.10.3-2021.10.linux64_1.0.0.202111181127/tools/arm-none-eabi/include/c++/10.3.1/bits/stl_deque.h:1235:7:std::deque<_Tp, _Alloc>::size_type std::deque<_Tp, _Alloc>::max_size() const [with _Tp = unsigned int; _Alloc = std::allocator<unsigned int>]	16	static
/home/tndrd/st/stm32cubeide_1.10.1_2/plugins/com.st.stm32cube.ide.mcu.externaltools.gnu-tools-for-stm32.10.3-2021.10.linux64_1.0.0.202111181127/tools/arm-none-eabi/include/c++/10.3.1/bits/stl_deque.h:2123:7:void std::deque<_Tp, _Alloc>::_M_reserve_map_at_back(std::deque<_Tp, _Alloc>::size_type) [with _Tp = unsigned int; _Alloc = std::allocator<unsigned int>]	16	static
/home/tndrd/st/stm32cubeide_1.10.1_2/plugins/com.st.stm32cube.ide.mcu.externaltools.gnu-tools-for-stm32.10.3-2021.10.linux64_1.0.0.202111181127/tools/arm-none-eabi/include/c++/10.3.1/bits/stl_deque.h:556:7:std::_Deque_base<_Tp, _Alloc>::_Ptr std::_Deque_base<_Tp, _Alloc>::_M_allocate_node() [with _Tp = unsigned int; _Alloc = std::allocator<unsigned int>]	24	static
/home/tndrd/st/stm32cubeide_1.10.1_2/plugins/com.st.stm32cube.ide.mcu.externaltools.gnu-tools-for-stm32.10.3-2021.10.linux64_1.0.0.202111181127/tools/arm-none-eabi/include/c++/10.3.1/bits/stl_deque.h:260:7:void std::_Deque_iterator<_Tp, _Ref, _Ptr>::_M_set_node(std::_Deque_iterator<_Tp, _Ref, _Ptr>::_Map_pointer) [with _Tp = unsigned int; _Ref = unsigned int&; _Ptr = unsigned int*]	24	static
/home/tndrd/st/stm32cubeide_1.10.1_2/plugins/com.st.stm32cube.ide.mcu.externaltools.gnu-tools-for-stm32.10.3-2021.10.linux64_1.0.0.202111181127/tools/arm-none-eabi/include/c++/10.3.1/bits/stl_deque.h:563:7:void std::_Deque_base<_Tp, _Alloc>::_M_deallocate_node(std::_Deque_base<_Tp, _Alloc>::_Ptr) [with _Tp = unsigned int; _Alloc = std::allocator<unsigned int>]	24	static
/home/tndrd/st/stm32cubeide_1.10.1_2/plugins/com.st.stm32cube.ide.mcu.externaltools.gnu-tools-for-stm32.10.3-2021.10.linux64_1.0.0.202111181127/tools/arm-none-eabi/include/c++/10.3.1/bits/allocator.h:164:7:std::allocator< <template-parameter-1-1> >::allocator() [with _Tp = unsigned int]	16	static
/home/tndrd/st/stm32cubeide_1.10.1_2/plugins/com.st.stm32cube.ide.mcu.externaltools.gnu-tools-for-stm32.10.3-2021.10.linux64_1.0.0.202111181127/tools/arm-none-eabi/include/c++/10.3.1/bits/stl_deque.h:492:2:std::_Deque_base<_Tp, _Alloc>::_Deque_impl_data::_Deque_impl_data() [with _Tp = unsigned int; _Alloc = std::allocator<unsigned int>]	16	static
/home/tndrd/st/stm32cubeide_1.10.1_2/plugins/com.st.stm32cube.ide.mcu.externaltools.gnu-tools-for-stm32.10.3-2021.10.linux64_1.0.0.202111181127/tools/arm-none-eabi/include/c++/10.3.1/ext/new_allocator.h:89:7:__gnu_cxx::new_allocator<_Tp>::~new_allocator() [with _Tp = unsigned int]	16	static
/home/tndrd/st/stm32cubeide_1.10.1_2/plugins/com.st.stm32cube.ide.mcu.externaltools.gnu-tools-for-stm32.10.3-2021.10.linux64_1.0.0.202111181127/tools/arm-none-eabi/include/c++/10.3.1/bits/stl_algobase.h:254:5:constexpr const _Tp& std::max(const _Tp&, const _Tp&) [with _Tp = unsigned int]	16	static
/home/tndrd/st/stm32cubeide_1.10.1_2/plugins/com.st.stm32cube.ide.mcu.externaltools.gnu-tools-for-stm32.10.3-2021.10.linux64_1.0.0.202111181127/tools/arm-none-eabi/include/c++/10.3.1/bits/stl_deque.h:570:7:std::_Deque_base<_Tp, _Alloc>::_Map_pointer std::_Deque_base<_Tp, _Alloc>::_M_allocate_map(std::size_t) [with _Tp = unsigned int; _Alloc = std::allocator<unsigned int>]	32	static
/home/tndrd/st/stm32cubeide_1.10.1_2/plugins/com.st.stm32cube.ide.mcu.externaltools.gnu-tools-for-stm32.10.3-2021.10.linux64_1.0.0.202111181127/tools/arm-none-eabi/include/c++/10.3.1/bits/stl_deque.h:653:5:void std::_Deque_base<_Tp, _Alloc>::_M_create_nodes(std::_Deque_base<_Tp, _Alloc>::_Map_pointer, std::_Deque_base<_Tp, _Alloc>::_Map_pointer) [with _Tp = unsigned int; _Alloc = std::allocator<unsigned int>]	32	static
/home/tndrd/st/stm32cubeide_1.10.1_2/plugins/com.st.stm32cube.ide.mcu.externaltools.gnu-tools-for-stm32.10.3-2021.10.linux64_1.0.0.202111181127/tools/arm-none-eabi/include/c++/10.3.1/bits/stl_deque.h:552:7:std::_Deque_base<_Tp, _Alloc>::_Map_alloc_type std::_Deque_base<_Tp, _Alloc>::_M_get_map_allocator() const [with _Tp = unsigned int; _Alloc = std::allocator<unsigned int>]	16	static
/home/tndrd/st/stm32cubeide_1.10.1_2/plugins/com.st.stm32cube.ide.mcu.externaltools.gnu-tools-for-stm32.10.3-2021.10.linux64_1.0.0.202111181127/tools/arm-none-eabi/include/c++/10.3.1/bits/allocator.h:182:7:std::allocator< <template-parameter-1-1> >::~allocator() [with _Tp = unsigned int*]	16	static
/home/tndrd/st/stm32cubeide_1.10.1_2/plugins/com.st.stm32cube.ide.mcu.externaltools.gnu-tools-for-stm32.10.3-2021.10.linux64_1.0.0.202111181127/tools/arm-none-eabi/include/c++/10.3.1/bits/alloc_traits.h:491:7:static void std::allocator_traits<std::allocator<_Tp1> >::deallocate(std::allocator_traits<std::allocator<_Tp1> >::allocator_type&, std::allocator_traits<std::allocator<_Tp1> >::pointer, std::allocator_traits<std::allocator<_Tp1> >::size_type) [with _Tp = unsigned int*]	24	static
/home/tndrd/st/stm32cubeide_1.10.1_2/plugins/com.st.stm32cube.ide.mcu.externaltools.gnu-tools-for-stm32.10.3-2021.10.linux64_1.0.0.202111181127/tools/arm-none-eabi/include/c++/10.3.1/ext/new_allocator.h:160:2:void __gnu_cxx::new_allocator<_Tp>::destroy(_Up*) [with _Up = unsigned int; _Tp = unsigned int]	16	static
/home/tndrd/st/stm32cubeide_1.10.1_2/plugins/com.st.stm32cube.ide.mcu.externaltools.gnu-tools-for-stm32.10.3-2021.10.linux64_1.0.0.202111181127/tools/arm-none-eabi/include/c++/10.3.1/bits/move.h:76:5:constexpr _Tp&& std::forward(typename std::remove_reference<_Tp>::type&) [with _Tp = unsigned int]	16	static
/home/tndrd/st/stm32cubeide_1.10.1_2/plugins/com.st.stm32cube.ide.mcu.externaltools.gnu-tools-for-stm32.10.3-2021.10.linux64_1.0.0.202111181127/tools/arm-none-eabi/include/c++/10.3.1/bits/alloc_traits.h:507:2:) [with _Up = unsigned int; _Args = {unsigned int}; _Tp = unsigned int]	24	static
/home/tndrd/st/stm32cubeide_1.10.1_2/plugins/com.st.stm32cube.ide.mcu.externaltools.gnu-tools-for-stm32.10.3-2021.10.linux64_1.0.0.202111181127/tools/arm-none-eabi/include/c++/10.3.1/bits/deque.tcc:481:7:) [with _Args = {unsigned int}; _Tp = unsigned int; _Alloc = std::allocator<unsigned int>]	24	static
/home/tndrd/st/stm32cubeide_1.10.1_2/plugins/com.st.stm32cube.ide.mcu.externaltools.gnu-tools-for-stm32.10.3-2021.10.linux64_1.0.0.202111181127/tools/arm-none-eabi/include/c++/10.3.1/bits/stl_vector.h:923:7:std::vector<_Tp, _Alloc>::size_type std::vector<_Tp, _Alloc>::max_size() const [with _Tp = StrobeObserver; _Alloc = std::allocator<StrobeObserver>]	16	static
/home/tndrd/st/stm32cubeide_1.10.1_2/plugins/com.st.stm32cube.ide.mcu.externaltools.gnu-tools-for-stm32.10.3-2021.10.linux64_1.0.0.202111181127/tools/arm-none-eabi/include/c++/10.3.1/bits/alloc_traits.h:459:7:static _Tp* std::allocator_traits<std::allocator<_Tp1> >::allocate(std::allocator_traits<std::allocator<_Tp1> >::allocator_type&, std::allocator_traits<std::allocator<_Tp1> >::size_type) [with _Tp = StrobeObserver]	16	static
/home/tndrd/st/stm32cubeide_1.10.1_2/plugins/com.st.stm32cube.ide.mcu.externaltools.gnu-tools-for-stm32.10.3-2021.10.linux64_1.0.0.202111181127/tools/arm-none-eabi/include/c++/10.3.1/bits/stl_vector.h:460:7:static std::vector<_Tp, _Alloc>::pointer std::vector<_Tp, _Alloc>::_S_do_relocate(std::vector<_Tp, _Alloc>::pointer, std::vector<_Tp, _Alloc>::pointer, std::vector<_Tp, _Alloc>::pointer, std::vector<_Tp, _Alloc>::_Tp_alloc_type&, std::false_type) [with _Tp = StrobeObserver; _Alloc = std::allocator<StrobeObserver>]	24	static
/home/tndrd/st/stm32cubeide_1.10.1_2/plugins/com.st.stm32cube.ide.mcu.externaltools.gnu-tools-for-stm32.10.3-2021.10.linux64_1.0.0.202111181127/tools/arm-none-eabi/include/c++/10.3.1/bits/stl_iterator.h:1619:5:_ReturnType std::__make_move_if_noexcept_iterator(_Tp*) [with _Tp = StrobeObserver; _ReturnType = const StrobeObserver*]	16	static
/home/tndrd/st/stm32cubeide_1.10.1_2/plugins/com.st.stm32cube.ide.mcu.externaltools.gnu-tools-for-stm32.10.3-2021.10.linux64_1.0.0.202111181127/tools/arm-none-eabi/include/c++/10.3.1/bits/stl_uninitialized.h:323:5:_ForwardIterator std::__uninitialized_copy_a(_InputIterator, _InputIterator, _ForwardIterator, std::allocator<_Tp>&) [with _InputIterator = const StrobeObserver*; _ForwardIterator = StrobeObserver*; _Tp = StrobeObserver]	24	static
/home/tndrd/STM32CubeIDE/workspace_1.10.1/StarkitMotherboard/roki-mb-firmware/Inc/StrobeObservers.hpp:9:8:StrobeObserver::~StrobeObserver()	16	static
/home/tndrd/st/stm32cubeide_1.10.1_2/plugins/com.st.stm32cube.ide.mcu.externaltools.gnu-tools-for-stm32.10.3-2021.10.linux64_1.0.0.202111181127/tools/arm-none-eabi/include/c++/10.3.1/ext/new_allocator.h:126:7:void __gnu_cxx::new_allocator<_Tp>::deallocate(_Tp*, __gnu_cxx::new_allocator<_Tp>::size_type) [with _Tp = StrobeObserver]	24	static
/home/tndrd/st/stm32cubeide_1.10.1_2/plugins/com.st.stm32cube.ide.mcu.externaltools.gnu-tools-for-stm32.10.3-2021.10.linux64_1.0.0.202111181127/tools/arm-none-eabi/include/c++/10.3.1/bits/stl_construct.h:149:2:static void std::_Destroy_aux<<anonymous> >::__destroy(_ForwardIterator, _ForwardIterator) [with _ForwardIterator = StrobeObserver*; bool <anonymous> = false]	16	static
/home/tndrd/st/stm32cubeide_1.10.1_2/plugins/com.st.stm32cube.ide.mcu.externaltools.gnu-tools-for-stm32.10.3-2021.10.linux64_1.0.0.202111181127/tools/arm-none-eabi/include/c++/10.3.1/array:55:7:static constexpr _Tp& std::__array_traits<_Tp, _Nm>::_S_ref(const _Tp (&)[_Nm], std::size_t) [with _Tp = Roki::Messages::IMUFrameMsg; unsigned int _Nm = 300]	16	static
/home/tndrd/st/stm32cubeide_1.10.1_2/plugins/com.st.stm32cube.ide.mcu.externaltools.gnu-tools-for-stm32.10.3-2021.10.linux64_1.0.0.202111181127/tools/arm-none-eabi/include/c++/10.3.1/array:55:7:static constexpr _Tp& std::__array_traits<_Tp, _Nm>::_S_ref(const _Tp (&)[_Nm], std::size_t) [with _Tp = FrameQueues::BodyResponce; unsigned int _Nm = 300]	16	static
/home/tndrd/st/stm32cubeide_1.10.1_2/plugins/com.st.stm32cube.ide.mcu.externaltools.gnu-tools-for-stm32.10.3-2021.10.linux64_1.0.0.202111181127/tools/arm-none-eabi/include/c++/10.3.1/bits/stl_deque.h:353:7:std::_Deque_iterator<unsigned int, unsigned int&, unsigned int*>::difference_type std::operator-(const _Self&, const _Self&)	16	static
/home/tndrd/st/stm32cubeide_1.10.1_2/plugins/com.st.stm32cube.ide.mcu.externaltools.gnu-tools-for-stm32.10.3-2021.10.linux64_1.0.0.202111181127/tools/arm-none-eabi/include/c++/10.3.1/bits/stl_deque.h:1831:7:static std::deque<_Tp, _Alloc>::size_type std::deque<_Tp, _Alloc>::_S_max_size(const _Tp_alloc_type&) [with _Tp = unsigned int; _Alloc = std::allocator<unsigned int>]	24	static
/home/tndrd/st/stm32cubeide_1.10.1_2/plugins/com.st.stm32cube.ide.mcu.externaltools.gnu-tools-for-stm32.10.3-2021.10.linux64_1.0.0.202111181127/tools/arm-none-eabi/include/c++/10.3.1/bits/stl_deque.h:548:7:const _Tp_alloc_type& std::_Deque_base<_Tp, _Alloc>::_M_get_Tp_allocator() const [with _Tp = unsigned int; _Alloc = std::allocator<unsigned int>]	16	static
/home/tndrd/st/stm32cubeide_1.10.1_2/plugins/com.st.stm32cube.ide.mcu.externaltools.gnu-tools-for-stm32.10.3-2021.10.linux64_1.0.0.202111181127/tools/arm-none-eabi/include/c++/10.3.1/bits/deque.tcc:928:5:void std::deque<_Tp, _Alloc>::_M_reallocate_map(std::deque<_Tp, _Alloc>::size_type, bool) [with _Tp = unsigned int; _Alloc = std::allocator<unsigned int>]	56	static
/home/tndrd/st/stm32cubeide_1.10.1_2/plugins/com.st.stm32cube.ide.mcu.externaltools.gnu-tools-for-stm32.10.3-2021.10.linux64_1.0.0.202111181127/tools/arm-none-eabi/include/c++/10.3.1/bits/alloc_traits.h:459:7:static _Tp* std::allocator_traits<std::allocator<_Tp1> >::allocate(std::allocator_traits<std::allocator<_Tp1> >::allocator_type&, std::allocator_traits<std::allocator<_Tp1> >::size_type) [with _Tp = unsigned int]	16	static
/home/tndrd/st/stm32cubeide_1.10.1_2/plugins/com.st.stm32cube.ide.mcu.externaltools.gnu-tools-for-stm32.10.3-2021.10.linux64_1.0.0.202111181127/tools/arm-none-eabi/include/c++/10.3.1/bits/stl_deque.h:131:21:static std::size_t std::_Deque_iterator<_Tp, _Ref, _Ptr>::_S_buffer_size() [with _Tp = unsigned int; _Ref = unsigned int&; _Ptr = unsigned int*]	8	static
/home/tndrd/st/stm32cubeide_1.10.1_2/plugins/com.st.stm32cube.ide.mcu.externaltools.gnu-tools-for-stm32.10.3-2021.10.linux64_1.0.0.202111181127/tools/arm-none-eabi/include/c++/10.3.1/bits/alloc_traits.h:491:7:static void std::allocator_traits<std::allocator<_Tp1> >::deallocate(std::allocator_traits<std::allocator<_Tp1> >::allocator_type&, std::allocator_traits<std::allocator<_Tp1> >::pointer, std::allocator_traits<std::allocator<_Tp1> >::size_type) [with _Tp = unsigned int]	24	static
[...]
/home/tndrd/st/stm32cubeide_1.10.1_2/plugins/com.st.stm32cube.ide.mcu.externaltools.gnu-tools-for-stm32.10.3-2021.10.linux64_1.0.0.202111181127/tools/arm-none-eabi/include/c++/10.3.1/ext/new_allocator.h:126:7:void __gnu_cxx::new_allocator<_Tp>::deallocate(_Tp*, __gnu_cxx::new_allocator<_Tp>::size_type) [with _Tp = unsigned int]	24	static
/home/tndrd/st/stm32cubeide_1.10.1_2/plugins/com.st.stm32cube.ide.mcu.externaltools.gnu-tools-for-stm32.10.3-2021.10.linux64_1.0.0.202111181127/tools/arm-none-eabi/include/c++/10.3.1/ext/new_allocator.h:103:7:_Tp* __gnu_cxx::new_allocator<_Tp>::allocate(__gnu_cxx::new_allocator<_Tp>::size_type, const void*) [with _Tp = unsigned int*]	24	static
/home/tndrd/st/stm32cubeide_1.10.1_2/plugins/com.st.stm32cube.ide.mcu.externaltools.gnu-tools-for-stm32.10.3-2021.10.linux64_1.0.0.202111181127/tools/arm-none-eabi/include/c++/10.3.1/ext/new_allocator.h:79:7:__gnu_cxx::new_allocator<_Tp>::new_allocator() [with _Tp = unsigned int*]	16	static
/home/tndrd/st/stm32cubeide_1.10.1_2/plugins/com.st.stm32cube.ide.mcu.externaltools.gnu-tools-for-stm32.10.3-2021.10.linux64_1.0.0.202111181127/tools/arm-none-eabi/include/c++/10.3.1/bits/alloc_traits.h:543:7:static std::allocator_traits<std::allocator<_Tp1> >::size_type std::allocator_traits<std::allocator<_Tp1> >::max_size(const allocator_type&) [with _Tp = StrobeObserver]	16	static
/home/tndrd/st/stm32cubeide_1.10.1_2/plugins/com.st.stm32cube.ide.mcu.externaltools.gnu-tools-for-stm32.10.3-2021.10.linux64_1.0.0.202111181127/tools/arm-none-eabi/include/c++/10.3.1/ext/new_allocator.h:191:7:constexpr __gnu_cxx::new_allocator<_Tp>::size_type __gnu_cxx::new_allocator<_Tp>::_M_max_size() const [with _Tp = StrobeObserver]	16	static
/home/tndrd/st/stm32cubeide_1.10.1_2/plugins/com.st.stm32cube.ide.mcu.externaltools.gnu-tools-for-stm32.10.3-2021.10.linux64_1.0.0.202111181127/tools/arm-none-eabi/include/c++/10.3.1/bits/stl_uninitialized.h:84:9:static _ForwardIterator std::__uninitialized_copy<_TrivialValueTypes>::__uninit_copy(_InputIterator, _InputIterator, _ForwardIterator) [with _InputIterator = const StrobeObserver*; _ForwardIterator = StrobeObserver*; bool _TrivialValueTypes = false]	32	static
/home/tndrd/st/stm32cubeide_1.10.1_2/plugins/com.st.stm32cube.ide.mcu.externaltools.gnu-tools-for-stm32.10.3-2021.10.linux64_1.0.0.202111181127/tools/arm-none-eabi/include/c++/10.3.1/ext/new_allocator.h:148:7:__gnu_cxx::new_allocator<_Tp>::size_type __gnu_cxx::new_allocator<_Tp>::max_size() const [with _Tp = unsigned int]	16	static
/home/tndrd/st/stm32cubeide_1.10.1_2/plugins/com.st.stm32cube.ide.mcu.externaltools.gnu-tools-for-stm32.10.3-2021.10.linux64_1.0.0.202111181127/tools/arm-none-eabi/include/c++/10.3.1/bits/cpp_type_traits.h:544:5:_Iterator std::__miter_base(_Iterator) [with _Iterator = unsigned int**]	16	static
/home/tndrd/st/stm32cubeide_1.10.1_2/plugins/com.st.stm32cube.ide.mcu.externaltools.gnu-tools-for-stm32.10.3-2021.10.linux64_1.0.0.202111181127/tools/arm-none-eabi/include/c++/10.3.1/bits/stl_algobase.h:511:5:_OI std::__copy_move_a(_II, _II, _OI) [with bool _IsMove = false; _II = unsigned int**; _OI = unsigned int**]	32	static
/home/tndrd/st/stm32cubeide_1.10.1_2/plugins/com.st.stm32cube.ide.mcu.externaltools.gnu-tools-for-stm32.10.3-2021.10.linux64_1.0.0.202111181127/tools/arm-none-eabi/include/c++/10.3.1/bits/stl_algobase.h:745:5:_OI std::__copy_move_backward_a(_II, _II, _OI) [with bool _IsMove = false; _II = unsigned int**; _OI = unsigned int**]	32	static
/home/tndrd/st/stm32cubeide_1.10.1_2/plugins/com.st.stm32cube.ide.mcu.externaltools.gnu-tools-for-stm32.10.3-2021.10.linux64_1.0.0.202111181127/tools/arm-none-eabi/include/c++/10.3.1/ext/new_allocator.h:191:7:constexpr __gnu_cxx::new_allocator<_Tp>::size_type __gnu_cxx::new_allocator<_Tp>::_M_max_size() const [with _Tp = unsigned int]	16	static
/home/tndrd/st/stm32cubeide_1.10.1_2/plugins/com.st.stm32cube.ide.mcu.externaltools.gnu-tools-for-stm32.10.3-2021.10.linux64_1.0.0.202111181127/tools/arm-none-eabi/include/c++/10.3.1/ext/new_allocator.h:191:7:constexpr __gnu_cxx::new_allocator<_Tp>::size_type __gnu_cxx::new_allocator<_Tp>::_M_max_size() const [with _Tp = unsigned int*]	16	static
/home/tndrd/st/stm32cubeide_1.10.1_2/plugins/com.st.stm32cube.ide.mcu.externaltools.gnu-tools-for-stm32.10.3-2021.10.linux64_1.0.0.202111181127/tools/arm-none-eabi/include/c++/10.3.1/ext/new_allocator.h:148:7:__gnu_cxx::new_allocator<_Tp>::size_type __gnu_cxx::new_allocator<_Tp>::max_size() const [with _Tp = StrobeObserver]	16	static
/home/tndrd/st/stm32cubeide_1.10.1_2/plugins/com.st.stm32cube.ide.mcu.externaltools.gnu-tools-for-stm32.10.3-2021.10.linux64_1.0.0.202111181127/tools/arm-none-eabi/include/c++/10.3.1/bits/stl_queue.h:96:11:std::queue<unsigned int>::queue(const std::queue<unsigned int>&)	16	static
/home/tndrd/STM32CubeIDE/workspace_1.10.1/StarkitMotherboard/roki-mb-firmware/Inc/StrobeObservers.hpp:9:8:StrobeObserver::StrobeObserver(const StrobeObserver&)	16	static
/home/tndrd/st/stm32cubeide_1.10.1_2/plugins/com.st.stm32cube.ide.mcu.externaltools.gnu-tools-for-stm32.10.3-2021.10.linux64_1.0.0.202111181127/tools/arm-none-eabi/include/c++/10.3.1/bits/stl_construct.h:108:5:) [with _Tp = StrobeObserver; _Args = {const StrobeObserver&}]	24	static
/home/tndrd/st/stm32cubeide_1.10.1_2/plugins/com.st.stm32cube.ide.mcu.externaltools.gnu-tools-for-stm32.10.3-2021.10.linux64_1.0.0.202111181127/tools/arm-none-eabi/include/c++/10.3.1/bits/stl_algobase.h:313:5:_Iterator std::__niter_base(_Iterator) [with _Iterator = unsigned int**]	16	static
/home/tndrd/st/stm32cubeide_1.10.1_2/plugins/com.st.stm32cube.ide.mcu.externaltools.gnu-tools-for-stm32.10.3-2021.10.linux64_1.0.0.202111181127/tools/arm-none-eabi/include/c++/10.3.1/bits/stl_algobase.h:505:5:_OI std::__copy_move_a1(_II, _II, _OI) [with bool _IsMove = false; _II = unsigned int**; _OI = unsigned int**]	24	static
/home/tndrd/st/stm32cubeide_1.10.1_2/plugins/com.st.stm32cube.ide.mcu.externaltools.gnu-tools-for-stm32.10.3-2021.10.linux64_1.0.0.202111181127/tools/arm-none-eabi/include/c++/10.3.1/bits/stl_algobase.h:330:5:_Iterator std::__niter_wrap(const _Iterator&, _Iterator) [with _Iterator = unsigned int**]	16	static
/home/tndrd/st/stm32cubeide_1.10.1_2/plugins/com.st.stm32cube.ide.mcu.externaltools.gnu-tools-for-stm32.10.3-2021.10.linux64_1.0.0.202111181127/tools/arm-none-eabi/include/c++/10.3.1/bits/stl_algobase.h:717:5:_BI2 std::__copy_move_backward_a1(_BI1, _BI1, _BI2) [with bool _IsMove = false; _BI1 = unsigned int**; _BI2 = unsigned int**]	24	static
/home/tndrd/st/stm32cubeide_1.10.1_2/plugins/com.st.stm32cube.ide.mcu.externaltools.gnu-tools-for-stm32.10.3-2021.10.linux64_1.0.0.202111181127/tools/arm-none-eabi/include/c++/10.3.1/bits/move.h:76:5:constexpr _Tp&& std::forward(typename std::remove_reference<_Tp>::type&) [with _Tp = const StrobeObserver&]	16	static
/home/tndrd/st/stm32cubeide_1.10.1_2/plugins/com.st.stm32cube.ide.mcu.externaltools.gnu-tools-for-stm32.10.3-2021.10.linux64_1.0.0.202111181127/tools/arm-none-eabi/include/c++/10.3.1/bits/stl_deque.h:893:7:std::deque<_Tp, _Alloc>::deque(const std::deque<_Tp, _Alloc>&) [with _Tp = unsigned int; _Alloc = std::allocator<unsigned int>]	104	static
/home/tndrd/st/stm32cubeide_1.10.1_2/plugins/com.st.stm32cube.ide.mcu.externaltools.gnu-tools-for-stm32.10.3-2021.10.linux64_1.0.0.202111181127/tools/arm-none-eabi/include/c++/10.3.1/bits/stl_algobase.h:463:5:_OI std::__copy_move_a2(_II, _II, _OI) [with bool _IsMove = false; _II = unsigned int**; _OI = unsigned int**]	24	static
/home/tndrd/st/stm32cubeide_1.10.1_2/plugins/com.st.stm32cube.ide.mcu.externaltools.gnu-tools-for-stm32.10.3-2021.10.linux64_1.0.0.202111181127/tools/arm-none-eabi/include/c++/10.3.1/bits/stl_algobase.h:699:5:_BI2 std::__copy_move_backward_a2(_BI1, _BI1, _BI2) [with bool _IsMove = false; _BI1 = unsigned int**; _BI2 = unsigned int**]	24	static
/home/tndrd/st/stm32cubeide_1.10.1_2/plugins/com.st.stm32cube.ide.mcu.externaltools.gnu-tools-for-stm32.10.3-2021.10.linux64_1.0.0.202111181127/tools/arm-none-eabi/include/c++/10.3.1/ext/alloc_traits.h:97:29:static constexpr _Alloc __gnu_cxx::__alloc_traits<_Alloc, <template-parameter-1-2> >::_S_select_on_copy(const _Alloc&) [with _Alloc = std::allocator<unsigned int>; <template-parameter-1-2> = unsigned int]	16	static
/home/tndrd/st/stm32cubeide_1.10.1_2/plugins/com.st.stm32cube.ide.mcu.externaltools.gnu-tools-for-stm32.10.3-2021.10.linux64_1.0.0.202111181127/tools/arm-none-eabi/include/c++/10.3.1/bits/stl_deque.h:442:7:std::_Deque_base<_Tp, _Alloc>::_Deque_base(const allocator_type&, std::size_t) [with _Tp = unsigned int; _Alloc = std::allocator<unsigned int>]	24	static
/home/tndrd/st/stm32cubeide_1.10.1_2/plugins/com.st.stm32cube.ide.mcu.externaltools.gnu-tools-for-stm32.10.3-2021.10.linux64_1.0.0.202111181127/tools/arm-none-eabi/include/c++/10.3.1/bits/stl_deque.h:1133:7:std::deque<_Tp, _Alloc>::const_iterator std::deque<_Tp, _Alloc>::begin() const [with _Tp = unsigned int; _Alloc = std::allocator<unsigned int>]	16	static
/home/tndrd/st/stm32cubeide_1.10.1_2/plugins/com.st.stm32cube.ide.mcu.externaltools.gnu-tools-for-stm32.10.3-2021.10.linux64_1.0.0.202111181127/tools/arm-none-eabi/include/c++/10.3.1/bits/stl_deque.h:1151:7:std::deque<_Tp, _Alloc>::const_iterator std::deque<_Tp, _Alloc>::end() const [with _Tp = unsigned int; _Alloc = std::allocator<unsigned int>]	16	static
/home/tndrd/st/stm32cubeide_1.10.1_2/plugins/com.st.stm32cube.ide.mcu.externaltools.gnu-tools-for-stm32.10.3-2021.10.linux64_1.0.0.202111181127/tools/arm-none-eabi/include/c++/10.3.1/bits/stl_deque.h:168:7:std::_Deque_iterator<_Tp, _Ref, _Ptr>::_Deque_iterator(const std::_Deque_iterator<_Tp, _Ref, _Ptr>&) [with _Tp = unsigned int; _Ref = const unsigned int&; _Ptr = const unsigned int*]	16	static
/home/tndrd/st/stm32cubeide_1.10.1_2/plugins/com.st.stm32cube.ide.mcu.externaltools.gnu-tools-for-stm32.10.3-2021.10.linux64_1.0.0.202111181127/tools/arm-none-eabi/include/c++/10.3.1/bits/stl_uninitialized.h:323:5:_ForwardIterator std::__uninitialized_copy_a(_InputIterator, _InputIterator, _ForwardIterator, std::allocator<_Tp>&) [with _InputIterator = std::_Deque_iterator<unsigned int, const unsigned int&, const unsigned int*>; _ForwardIterator = std::_Deque_iterator<unsigned int, unsigned int&, unsigned int*>; _Tp = unsigned int]	72	static
/home/tndrd/st/stm32cubeide_1.10.1_2/plugins/com.st.stm32cube.ide.mcu.externaltools.gnu-tools-for-stm32.10.3-2021.10.linux64_1.0.0.202111181127/tools/arm-none-eabi/include/c++/10.3.1/bits/stl_algobase.h:415:2:static _Tp* std::__copy_move<_IsMove, true, std::random_access_iterator_tag>::__copy_m(const _Tp*, const _Tp*, _Tp*) [with _Tp = unsigned int*; bool _IsMove = false]	32	static
/home/tndrd/st/stm32cubeide_1.10.1_2/plugins/com.st.stm32cube.ide.mcu.externaltools.gnu-tools-for-stm32.10.3-2021.10.linux64_1.0.0.202111181127/tools/arm-none-eabi/include/c++/10.3.1/bits/stl_algobase.h:680:2:static _Tp* std::__copy_move_backward<_IsMove, true, std::random_access_iterator_tag>::__copy_move_b(const _Tp*, const _Tp*, _Tp*) [with _Tp = unsigned int*; bool _IsMove = false]	32	static
/home/tndrd/st/stm32cubeide_1.10.1_2/plugins/com.st.stm32cube.ide.mcu.externaltools.gnu-tools-for-stm32.10.3-2021.10.linux64_1.0.0.202111181127/tools/arm-none-eabi/include/c++/10.3.1/bits/alloc_traits.h:558:7:static std::allocator_traits<std::allocator<_Tp1> >::allocator_type std::allocator_traits<std::allocator<_Tp1> >::select_on_container_copy_construction(const allocator_type&) [with _Tp = unsigned int]	16	static
/home/tndrd/st/stm32cubeide_1.10.1_2/plugins/com.st.stm32cube.ide.mcu.externaltools.gnu-tools-for-stm32.10.3-2021.10.linux64_1.0.0.202111181127/tools/arm-none-eabi/include/c++/10.3.1/bits/allocator.h:167:7:std::allocator< <template-parameter-1-1> >::allocator(const std::allocator< <template-parameter-1-1> >&) [with _Tp = unsigned int]	16	static
/home/tndrd/st/stm32cubeide_1.10.1_2/plugins/com.st.stm32cube.ide.mcu.externaltools.gnu-tools-for-stm32.10.3-2021.10.linux64_1.0.0.202111181127/tools/arm-none-eabi/include/c++/10.3.1/bits/stl_deque.h:526:2:std::_Deque_base<_Tp, _Alloc>::_Deque_impl::_Deque_impl(const _Tp_alloc_type&) [with _Tp = unsigned int; _Alloc = std::allocator<unsigned int>]	16	static
/home/tndrd/st/stm32cubeide_1.10.1_2/plugins/com.st.stm32cube.ide.mcu.externaltools.gnu-tools-for-stm32.10.3-2021.10.linux64_1.0.0.202111181127/tools/arm-none-eabi/include/c++/10.3.1/bits/stl_deque.h:164:8:std::_Deque_iterator<_Tp, _Ref, _Ptr>::_Deque_iterator(const _Iter&) [with _Iter = std::_Deque_iterator<unsigned int, unsigned int&, unsigned int*>; <template-parameter-2-2> = void; _Tp = unsigned int; _Ref = const unsigned int&; _Ptr = const unsigned int*]	16	static
/home/tndrd/st/stm32cubeide_1.10.1_2/plugins/com.st.stm32cube.ide.mcu.externaltools.gnu-tools-for-stm32.10.3-2021.10.linux64_1.0.0.202111181127/tools/arm-none-eabi/include/c++/10.3.1/bits/stl_uninitialized.h:125:5:_ForwardIterator std::uninitialized_copy(_InputIterator, _InputIterator, _ForwardIterator) [with _InputIterator = std::_Deque_iterator<unsigned int, const unsigned int&, const unsigned int*>; _ForwardIterator = std::_Deque_iterator<unsigned int, unsigned int&, unsigned int*>]	80	static
/home/tndrd/st/stm32cubeide_1.10.1_2/plugins/com.st.stm32cube.ide.mcu.externaltools.gnu-tools-for-stm32.10.3-2021.10.linux64_1.0.0.202111181127/tools/arm-none-eabi/include/c++/10.3.1/ext/new_allocator.h:82:7:__gnu_cxx::new_allocator<_Tp>::new_allocator(const __gnu_cxx::new_allocator<_Tp>&) [with _Tp = unsigned int]	16	static
/home/tndrd/st/stm32cubeide_1.10.1_2/plugins/com.st.stm32cube.ide.mcu.externaltools.gnu-tools-for-stm32.10.3-2021.10.linux64_1.0.0.202111181127/tools/arm-none-eabi/include/c++/10.3.1/bits/stl_uninitialized.h:107:9:static _ForwardIterator std::__uninitialized_copy<true>::__uninit_copy(_InputIterator, _InputIterator, _ForwardIterator) [with _InputIterator = std::_Deque_iterator<unsigned int, const unsigned int&, const unsigned int*>; _ForwardIterator = std::_Deque_iterator<unsigned int, unsigned int&, unsigned int*>]	72	static
/home/tndrd/st/stm32cubeide_1.10.1_2/plugins/com.st.stm32cube.ide.mcu.externaltools.gnu-tools-for-stm32.10.3-2021.10.linux64_1.0.0.202111181127/tools/arm-none-eabi/include/c++/10.3.1/bits/stl_algobase.h:560:5:_OI std::copy(_II, _II, _OI) [with _II = std::_Deque_iterator<unsigned int, const unsigned int&, const unsigned int*>; _OI = std::_Deque_iterator<unsigned int, unsigned int&, unsigned int*>]	104	static
/home/tndrd/st/stm32cubeide_1.10.1_2/plugins/com.st.stm32cube.ide.mcu.externaltools.gnu-tools-for-stm32.10.3-2021.10.linux64_1.0.0.202111181127/tools/arm-none-eabi/include/c++/10.3.1/bits/cpp_type_traits.h:544:5:_Iterator std::__miter_base(_Iterator) [with _Iterator = std::_Deque_iterator<unsigned int, const unsigned int&, const unsigned int*>]	16	static
/home/tndrd/st/stm32cubeide_1.10.1_2/plugins/com.st.stm32cube.ide.mcu.externaltools.gnu-tools-for-stm32.10.3-2021.10.linux64_1.0.0.202111181127/tools/arm-none-eabi/include/c++/10.3.1/bits/stl_algobase.h:511:5:_OI std::__copy_move_a(_II, _II, _OI) [with bool _IsMove = false; _II = std::_Deque_iterator<unsigned int, const unsigned int&, const unsigned int*>; _OI = std::_Deque_iterator<unsigned int, unsigned int&, unsigned int*>]	136	static
/home/tndrd/st/stm32cubeide_1.10.1_2/plugins/com.st.stm32cube.ide.mcu.externaltools.gnu-tools-for-stm32.10.3-2021.10.linux64_1.0.0.202111181127/tools/arm-none-eabi/include/c++/10.3.1/bits/stl_algobase.h:313:5:_Iterator std::__niter_base(_Iterator) [with _Iterator = std::_Deque_iterator<unsigned int, const unsigned int&, const unsigned int*>]	16	static
/home/tndrd/st/stm32cubeide_1.10.1_2/plugins/com.st.stm32cube.ide.mcu.externaltools.gnu-tools-for-stm32.10.3-2021.10.linux64_1.0.0.202111181127/tools/arm-none-eabi/include/c++/10.3.1/bits/stl_algobase.h:313:5:_Iterator std::__niter_base(_Iterator) [with _Iterator = std::_Deque_iterator<unsigned int, unsigned int&, unsigned int*>]	16	static
/home/tndrd/st/stm32cubeide_1.10.1_2/plugins/com.st.stm32cube.ide.mcu.externaltools.gnu-tools-for-stm32.10.3-2021.10.linux64_1.0.0.202111181127/tools/arm-none-eabi/include/c++/10.3.1/bits/deque.tcc:1037:5:std::_Deque_iterator<_OTp, _OTp&, _OTp*> std::__copy_move_a1(std::_Deque_iterator<_Tp, _Ref, _Ptr>, std::_Deque_iterator<_Tp, _Ref, _Ptr>, std::_Deque_iterator<_OTp, _OTp&, _OTp*>) [with bool _IsMove = false; _ITp = unsigned int; _IRef = const unsigned int&; _IPtr = const unsigned int*; _OTp = unsigned int]	72	static
/home/tndrd/st/stm32cubeide_1.10.1_2/plugins/com.st.stm32cube.ide.mcu.externaltools.gnu-tools-for-stm32.10.3-2021.10.linux64_1.0.0.202111181127/tools/arm-none-eabi/include/c++/10.3.1/bits/stl_algobase.h:330:5:_Iterator std::__niter_wrap(const _Iterator&, _Iterator) [with _Iterator = std::_Deque_iterator<unsigned int, unsigned int&, unsigned int*>]	24	static
/home/tndrd/st/stm32cubeide_1.10.1_2/plugins/com.st.stm32cube.ide.mcu.externaltools.gnu-tools-for-stm32.10.3-2021.10.linux64_1.0.0.202111181127/tools/arm-none-eabi/include/c++/10.3.1/bits/deque.tcc:1000:5:_OI std::__copy_move_dit(std::_Deque_iterator<_Tp, _Ref, _Ptr>, std::_Deque_iterator<_Tp, _Ref, _Ptr>, _OI) [with bool _IsMove = false; _Tp = unsigned int; _Ref = const unsigned int&; _Ptr = const unsigned int*; _OI = std::_Deque_iterator<unsigned int, unsigned int&, unsigned int*>]	136	static
/home/tndrd/st/stm32cubeide_1.10.1_2/plugins/com.st.stm32cube.ide.mcu.externaltools.gnu-tools-for-stm32.10.3-2021.10.linux64_1.0.0.202111181127/tools/arm-none-eabi/include/c++/10.3.1/bits/stl_algobase.h:230:5:constexpr const _Tp& std::min(const _Tp&, const _Tp&) [with _Tp = int]	16	static
/home/tndrd/st/stm32cubeide_1.10.1_2/plugins/com.st.stm32cube.ide.mcu.externaltools.gnu-tools-for-stm32.10.3-2021.10.linux64_1.0.0.202111181127/tools/arm-none-eabi/include/c++/10.3.1/bits/deque.tcc:1046:5:typename __gnu_cxx::__enable_if<std::__is_random_access_iter<_II>::__value, std::_Deque_iterator<_Tp, _Tp&, _Tp*> >::__type std::__copy_move_a1(_II, _II, std::_Deque_iterator<_Tp, _Tp&, _Tp*>) [with bool _IsMove = false; _II = unsigned int*; _Tp = unsigned int]	40	static
/home/tndrd/st/stm32cubeide_1.10.1_2/plugins/com.st.stm32cube.ide.mcu.externaltools.gnu-tools-for-stm32.10.3-2021.10.linux64_1.0.0.202111181127/tools/arm-none-eabi/include/c++/10.3.1/bits/stl_deque.h:131:21:static std::size_t std::_Deque_iterator<_Tp, _Ref, _Ptr>::_S_buffer_size() [with _Tp = unsigned int; _Ref = const unsigned int&; _Ptr = const unsigned int*]	8	static
/home/tndrd/st/stm32cubeide_1.10.1_2/plugins/com.st.stm32cube.ide.mcu.externaltools.gnu-tools-for-stm32.10.3-2021.10.linux64_1.0.0.202111181127/tools/arm-none-eabi/include/c++/10.3.1/bits/stl_algobase.h:505:5:_OI std::__copy_move_a1(_II, _II, _OI) [with bool _IsMove = false; _II = unsigned int*; _OI = unsigned int*]	24	static
/home/tndrd/st/stm32cubeide_1.10.1_2/plugins/com.st.stm32cube.ide.mcu.externaltools.gnu-tools-for-stm32.10.3-2021.10.linux64_1.0.0.202111181127/tools/arm-none-eabi/include/c++/10.3.1/bits/stl_deque.h:228:7:std::_Deque_iterator<_Tp, _Ref, _Ptr>::_Self& std::_Deque_iterator<_Tp, _Ref, _Ptr>::operator+=(std::_Deque_iterator<_Tp, _Ref, _Ptr>::difference_type) [with _Tp = unsigned int; _Ref = unsigned int&; _Ptr = unsigned int*]	32	static
/home/tndrd/st/stm32cubeide_1.10.1_2/plugins/com.st.stm32cube.ide.mcu.externaltools.gnu-tools-for-stm32.10.3-2021.10.linux64_1.0.0.202111181127/tools/arm-none-eabi/include/c++/10.3.1/bits/stl_algobase.h:463:5:_OI std::__copy_move_a2(_II, _II, _OI) [with bool _IsMove = false; _II = unsigned int*; _OI = unsigned int*]	24	static
/home/tndrd/st/stm32cubeide_1.10.1_2/plugins/com.st.stm32cube.ide.mcu.externaltools.gnu-tools-for-stm32.10.3-2021.10.linux64_1.0.0.202111181127/tools/arm-none-eabi/include/c++/10.3.1/bits/stl_algobase.h:415:2:static _Tp* std::__copy_move<_IsMove, true, std::random_access_iterator_tag>::__copy_m(const _Tp*, const _Tp*, _Tp*) [with _Tp = unsigned int; bool _IsMove = false]	32	static
