/home/tndrd/st/stm32cubeide_1.15.1/plugins/com.st.stm32cube.ide.mcu.externaltools.gnu-tools-for-stm32.12.3.rel1.linux64_1.0.100.202403111256/tools/arm-none-eabi/include/c++/12.3.1/bits/std_abs.h:56:3:long int std::abs(long int)	16	static
/home/tndrd/STM32CubeIDE/workspace_1.15.1/roki-mb-firmware/roki-mb-firmware/Inc/BodyClient.hpp:29:9:BodyClient::Status BodyClient::TrySynchronize()	32	static
/home/tndrd/STM32CubeIDE/workspace_1.15.1/roki-mb-firmware/roki-mb-firmware/Inc/BodyClient.hpp:67:7:bool BodyClient::RxIsNack() const	16	static
/home/tndrd/STM32CubeIDE/workspace_1.15.1/roki-mb-firmware/roki-mb-firmware/Inc/BodyClient.hpp:72:11:BodyClient::BodyClient(UART_HandleTypeDef*, size_t)	24	static
/home/tndrd/STM32CubeIDE/workspace_1.15.1/roki-mb-firmware/roki-mb-firmware/Inc/BodyClient.hpp:77:9:BodyClient::Status BodyClient::Synchronize(const uint8_t*, uint8_t, uint8_t*, uint8_t)	32	static
/home/tndrd/STM32CubeIDE/workspace_1.15.1/roki-mb-firmware/roki-mb-firmware/Inc/BodyClient.hpp:94:7:void BodyClient::EnableARQ(const uint8_t*, uint8_t, uint8_t)	24	static,ignoring_inline_asm
/home/tndrd/STM32CubeIDE/workspace_1.15.1/roki-mb-firmware/roki-mb-firmware/Inc/BodyClient.hpp:105:7:void BodyClient::DisableARQ()	16	static,ignoring_inline_asm
/home/tndrd/STM32CubeIDE/workspace_1.15.1/roki-mb-firmware/roki-mb-firmware/Inc/BodyClient.hpp:112:7:void BodyClient::SetTimeout(uint8_t)	16	static,ignoring_inline_asm
/home/tndrd/STM32CubeIDE/workspace_1.15.1/roki-mb-firmware/roki-mb-firmware/Inc/IMUDevice.hpp:36:7:void IMUDevice::Callback()	16	static
/home/tndrd/STM32CubeIDE/workspace_1.15.1/roki-mb-firmware/roki-mb-firmware/Inc/IMUDevice.hpp:40:7:void IMUDevice::Update()	32	static
/home/tndrd/STM32CubeIDE/workspace_1.15.1/roki-mb-firmware/roki-mb-firmware/Inc/IMUDevice.hpp:61:14:static void IMUDevice::ParseFrame(const bhy2_fifo_parse_data_info*, void*)	88	static
/home/tndrd/STM32CubeIDE/workspace_1.15.1/roki-mb-firmware/roki-mb-firmware/Inc/IMUDevice.hpp:91:6:int IMUDevice::InitInternal()	48	static
/home/tndrd/STM32CubeIDE/workspace_1.15.1/roki-mb-firmware/roki-mb-firmware/Inc/IMUDevice.hpp:176:2:IMUDevice::IMUDevice(SPI_HandleTypeDef*, float, uint32_t)	24	static
/home/tndrd/STM32CubeIDE/workspace_1.15.1/roki-mb-firmware/roki-mb-firmware/Inc/IMUDevice.hpp:184:7:void IMUDevice::Init()	16	static
/home/tndrd/STM32CubeIDE/workspace_1.15.1/roki-mb-firmware/roki-mb-firmware/Inc/IMUDevice.hpp:188:7:void IMUDevice::CheckTimer()	16	static
/home/tndrd/STM32CubeIDE/workspace_1.15.1/roki-mb-firmware/roki-mb-firmware/Inc/IMUDevice.hpp:192:8:IMUDevice::Frame IMUDevice::GetFrame() const	24	static
/home/tndrd/STM32CubeIDE/workspace_1.15.1/roki-mb-firmware/roki-mb-firmware/Inc/IMUDevice.hpp:196:9:size_t IMUDevice::GetSeq() const	16	static
/home/tndrd/STM32CubeIDE/workspace_1.15.1/roki-mb-firmware/roki-mb-firmware/Inc/IMUDevice.hpp:200:7:void IMUDevice::TimCallback()	16	static
/home/tndrd/STM32CubeIDE/workspace_1.15.1/roki-mb-firmware/roki-mb-firmware/Inc/HeadIO.hpp:22:8:bool HeadIO::Request::IsBad() const	16	static
/home/tndrd/STM32CubeIDE/workspace_1.15.1/roki-mb-firmware/roki-mb-firmware/Inc/HeadIO.hpp:54:8:void HeadIO::Listener::Receive1()	16	static
/home/tndrd/STM32CubeIDE/workspace_1.15.1/roki-mb-firmware/roki-mb-firmware/Inc/HeadIO.hpp:58:8:void HeadIO::Listener::ReceiveData()	24	static
/home/tndrd/STM32CubeIDE/workspace_1.15.1/roki-mb-firmware/roki-mb-firmware/Inc/HeadIO.hpp:63:8:void HeadIO::Listener::Reset()	16	static
/home/tndrd/STM32CubeIDE/workspace_1.15.1/roki-mb-firmware/roki-mb-firmware/Inc/HeadIO.hpp:68:11:uint8_t HeadIO::Listener::Get1()	16	static
/home/tndrd/STM32CubeIDE/workspace_1.15.1/roki-mb-firmware/roki-mb-firmware/Inc/HeadIO.hpp:72:8:void HeadIO::Listener::HandleBadRequest()	280	static
/home/tndrd/STM32CubeIDE/workspace_1.15.1/roki-mb-firmware/roki-mb-firmware/Inc/HeadIO.hpp:80:8:void HeadIO::Listener::Callback()	16	static
/home/tndrd/STM32CubeIDE/workspace_1.15.1/roki-mb-firmware/roki-mb-firmware/Inc/FixedQueue.hpp:9:7:FixedQueue<HeadIO::Request, 16>::FixedQueue()	16	static
/home/tndrd/STM32CubeIDE/workspace_1.15.1/roki-mb-firmware/roki-mb-firmware/Inc/HeadIO.hpp:133:12:HeadIO::Listener::Listener(UART_HandleTypeDef*)	16	static
/home/tndrd/STM32CubeIDE/workspace_1.15.1/roki-mb-firmware/roki-mb-firmware/Inc/HeadIO.hpp:138:8:void HeadIO::Listener::Init()	16	static
/home/tndrd/STM32CubeIDE/workspace_1.15.1/roki-mb-firmware/roki-mb-firmware/Inc/HeadIO.hpp:142:8:bool HeadIO::Listener::HasRequest()	16	static
/home/tndrd/STM32CubeIDE/workspace_1.15.1/roki-mb-firmware/roki-mb-firmware/Inc/HeadIO.hpp:146:11:HeadIO::Request HeadIO::Listener::GetRequest()	16	static
/home/tndrd/STM32CubeIDE/workspace_1.15.1/roki-mb-firmware/roki-mb-firmware/Inc/HeadIO.hpp:153:8:void HeadIO::Listener::RxCpltCallback()	16	static
/home/tndrd/STM32CubeIDE/workspace_1.15.1/roki-mb-firmware/roki-mb-firmware/Inc/HeadIO.hpp:166:8:void HeadIO::Sender::Send(const HeadIO::Responce&)	32	static
/home/tndrd/STM32CubeIDE/workspace_1.15.1/roki-mb-firmware/roki-mb-firmware/Inc/HeadIO.hpp:184:8:void HeadIO::Sender::Callback()	16	static
/home/tndrd/STM32CubeIDE/workspace_1.15.1/roki-mb-firmware/roki-mb-firmware/Inc/FixedQueue.hpp:9:7:FixedQueue<HeadIO::Responce, 16>::FixedQueue()	16	static
/home/tndrd/STM32CubeIDE/workspace_1.15.1/roki-mb-firmware/roki-mb-firmware/Inc/HeadIO.hpp:189:12:HeadIO::Sender::Sender(UART_HandleTypeDef*)	16	static
/home/tndrd/STM32CubeIDE/workspace_1.15.1/roki-mb-firmware/roki-mb-firmware/Inc/HeadIO.hpp:194:8:void HeadIO::Sender::AddResponce(const HeadIO::Responce&)	16	static
/home/tndrd/STM32CubeIDE/workspace_1.15.1/roki-mb-firmware/roki-mb-firmware/Inc/HeadIO.hpp:198:8:void HeadIO::Sender::CheckTimer()	16	static
/home/tndrd/STM32CubeIDE/workspace_1.15.1/roki-mb-firmware/roki-mb-firmware/Inc/HeadIO.hpp:208:8:void HeadIO::Sender::TxCpltCallback()	16	static
/home/tndrd/STM32CubeIDE/workspace_1.15.1/roki-mb-firmware/roki-mb-firmware/Inc/HeadIO.hpp:216:11:HeadIO::HeadIO(UART_HandleTypeDef*)	16	static
/home/tndrd/STM32CubeIDE/workspace_1.15.1/roki-mb-firmware/roki-mb-firmware/Inc/BodyQueue.hpp:28:7:void BodyQueue::Callback()	16	static
/home/tndrd/STM32CubeIDE/workspace_1.15.1/roki-mb-firmware/roki-mb-firmware/Inc/FixedQueue.hpp:9:7:FixedQueue<BodyQueue::Request, 500>::FixedQueue()	16	static
/home/tndrd/STM32CubeIDE/workspace_1.15.1/roki-mb-firmware/roki-mb-firmware/Inc/BodyQueue.hpp:41:2:BodyQueue::BodyQueue(size_t)	16	static
/home/tndrd/STM32CubeIDE/workspace_1.15.1/roki-mb-firmware/roki-mb-firmware/Inc/BodyQueue.hpp:46:7:bool BodyQueue::IsReady() const	16	static
/home/tndrd/STM32CubeIDE/workspace_1.15.1/roki-mb-firmware/roki-mb-firmware/Inc/BodyQueue.hpp:50:10:BodyQueue::Request BodyQueue::GetRequest()	16	static,ignoring_inline_asm
/home/tndrd/STM32CubeIDE/workspace_1.15.1/roki-mb-firmware/roki-mb-firmware/Inc/BodyQueue.hpp:64:7:bool BodyQueue::IsFull() const	16	static
/home/tndrd/STM32CubeIDE/workspace_1.15.1/roki-mb-firmware/roki-mb-firmware/Inc/BodyQueue.hpp:68:7:void BodyQueue::AddRequest(const Request&)	16	static
/home/tndrd/STM32CubeIDE/workspace_1.15.1/roki-mb-firmware/roki-mb-firmware/Inc/BodyQueue.hpp:73:7:void BodyQueue::SetPeriod(size_t)	16	static,ignoring_inline_asm
/home/tndrd/STM32CubeIDE/workspace_1.15.1/roki-mb-firmware/roki-mb-firmware/Inc/BodyQueue.hpp:83:9:size_t BodyQueue::GetSize() const	16	static
/home/tndrd/STM32CubeIDE/workspace_1.15.1/roki-mb-firmware/roki-mb-firmware/Inc/BodyQueue.hpp:87:9:size_t BodyQueue::GetCapacity() const	16	static
/home/tndrd/STM32CubeIDE/workspace_1.15.1/roki-mb-firmware/roki-mb-firmware/Inc/BodyQueue.hpp:91:7:void BodyQueue::Clear()	16	static,ignoring_inline_asm
/home/tndrd/STM32CubeIDE/workspace_1.15.1/roki-mb-firmware/roki-mb-firmware/Inc/BodyQueue.hpp:100:7:void BodyQueue::TimCallback()	16	static
/home/tndrd/st/stm32cubeide_1.15.1/plugins/com.st.stm32cube.ide.mcu.externaltools.gnu-tools-for-stm32.12.3.rel1.linux64_1.0.100.202403111256/tools/arm-none-eabi/include/c++/12.3.1/new:174:33:void* operator new(std::size_t, void*)	16	static
/home/tndrd/st/stm32cubeide_1.15.1/plugins/com.st.stm32cube.ide.mcu.externaltools.gnu-tools-for-stm32.12.3.rel1.linux64_1.0.100.202403111256/tools/arm-none-eabi/include/c++/12.3.1/bits/stl_deque.h:96:3:constexpr std::size_t std::__deque_buf_size(size_t)	16	static
/home/tndrd/STM32CubeIDE/workspace_1.15.1/roki-mb-firmware/roki-mb-firmware/Inc/StrobeFilter.hpp:30:7:void StrobeFilter::Callback()	32	static
/home/tndrd/st/stm32cubeide_1.15.1/plugins/com.st.stm32cube.ide.mcu.externaltools.gnu-tools-for-stm32.12.3.rel1.linux64_1.0.100.202403111256/tools/arm-none-eabi/include/c++/12.3.1/bits/stl_queue.h:96:11:std::queue<unsigned int>::~queue()	16	static
/home/tndrd/STM32CubeIDE/workspace_1.15.1/roki-mb-firmware/roki-mb-firmware/Inc/StrobeFilter.hpp:63:2:StrobeFilter::StrobeFilter(uint8_t, uint8_t, const IMUDevice*)	24	static
/home/tndrd/STM32CubeIDE/workspace_1.15.1/roki-mb-firmware/roki-mb-firmware/Inc/StrobeFilter.hpp:70:7:void StrobeFilter::Configure(uint8_t, uint8_t)	16	static,ignoring_inline_asm
/home/tndrd/STM32CubeIDE/workspace_1.15.1/roki-mb-firmware/roki-mb-firmware/Inc/StrobeFilter.hpp:77:8:float StrobeFilter::GetStrobeDuration() const	16	static
/home/tndrd/STM32CubeIDE/workspace_1.15.1/roki-mb-firmware/roki-mb-firmware/Inc/StrobeFilter.hpp:81:7:bool StrobeFilter::HasStrobe() const	16	static
/home/tndrd/STM32CubeIDE/workspace_1.15.1/roki-mb-firmware/roki-mb-firmware/Inc/StrobeFilter.hpp:85:9:size_t StrobeFilter::GetStrobe()	24	static
/home/tndrd/STM32CubeIDE/workspace_1.15.1/roki-mb-firmware/roki-mb-firmware/Inc/StrobeFilter.hpp:92:7:void StrobeFilter::CompCallback()	16	static
/home/tndrd/STM32CubeIDE/workspace_1.15.1/roki-mb-firmware/roki-mb-firmware/Inc/StrobeObservers.hpp:18:11:StrobeObserver::StrobeObserver(uint8_t, CallbackT)	24	static
/home/tndrd/STM32CubeIDE/workspace_1.15.1/roki-mb-firmware/roki-mb-firmware/Inc/StrobeObservers.hpp:23:7:void StrobeObserver::SetOffset(uint8_t)	16	static
/home/tndrd/STM32CubeIDE/workspace_1.15.1/roki-mb-firmware/roki-mb-firmware/Inc/StrobeObservers.hpp:27:7:void StrobeObserver::AddStrobe(size_t)	24	static
/home/tndrd/STM32CubeIDE/workspace_1.15.1/roki-mb-firmware/roki-mb-firmware/Inc/StrobeObservers.hpp:31:7:void StrobeObserver::TryProcess(MotherboardContext&, size_t)	24	static
/home/tndrd/STM32CubeIDE/workspace_1.15.1/roki-mb-firmware/roki-mb-firmware/Inc/StrobeObservers.hpp:50:7:void StrobeObservers::SetOffset(size_t, uint8_t)	24	static
/home/tndrd/STM32CubeIDE/workspace_1.15.1/roki-mb-firmware/roki-mb-firmware/Inc/StrobeObservers.hpp:54:7:void StrobeObservers::RegisterObserver(uint8_t, StrobeObserver::CallbackT)	24	static
/home/tndrd/STM32CubeIDE/workspace_1.15.1/roki-mb-firmware/roki-mb-firmware/Inc/StrobeObservers.hpp:58:7:void StrobeObservers::AddStrobe(size_t)	32	static
/home/tndrd/STM32CubeIDE/workspace_1.15.1/roki-mb-firmware/roki-mb-firmware/Inc/StrobeObservers.hpp:63:7:void StrobeObservers::TryProcess(MotherboardContext&, size_t)	40	static
/home/tndrd/STM32CubeIDE/workspace_1.15.1/roki-mb-firmware/roki-mb-firmware/Inc/MotherboardContext.hpp:26:7:void FrameQueues::Clear()	16	static
/home/tndrd/st/stm32cubeide_1.15.1/plugins/com.st.stm32cube.ide.mcu.externaltools.gnu-tools-for-stm32.12.3.rel1.linux64_1.0.100.202403111256/tools/arm-none-eabi/include/c++/12.3.1/bits/stl_vector.h:312:7:std::_Vector_base<_Tp, _Alloc>::_Vector_base() [with _Tp = StrobeObserver; _Alloc = std::allocator<StrobeObserver>]	16	static
/home/tndrd/st/stm32cubeide_1.15.1/plugins/com.st.stm32cube.ide.mcu.externaltools.gnu-tools-for-stm32.12.3.rel1.linux64_1.0.100.202403111256/tools/arm-none-eabi/include/c++/12.3.1/bits/stl_vector.h:526:7:std::vector<_Tp, _Alloc>::vector() [with _Tp = StrobeObserver; _Alloc = std::allocator<StrobeObserver>]	16	static
/home/tndrd/STM32CubeIDE/workspace_1.15.1/roki-mb-firmware/roki-mb-firmware/Inc/StrobeObservers.hpp:48:2:StrobeObservers::StrobeObservers()	16	static
/home/tndrd/STM32CubeIDE/workspace_1.15.1/roki-mb-firmware/roki-mb-firmware/Inc/FixedQueue.hpp:9:7:FixedQueue<FrameQueues::BodyResponce, 300>::FixedQueue()	16	static
/home/tndrd/STM32CubeIDE/workspace_1.15.1/roki-mb-firmware/roki-mb-firmware/Inc/FrameQueue.hpp:13:2:FrameQueue<T, Capacity>::FrameQueue() [with T = FrameQueues::BodyResponce; unsigned int Capacity = 300]	16	static
/home/tndrd/STM32CubeIDE/workspace_1.15.1/roki-mb-firmware/roki-mb-firmware/Inc/FixedQueue.hpp:9:7:FixedQueue<MbInterface::Messages::IMUFrameMsg, 300>::FixedQueue()	16	static
/home/tndrd/STM32CubeIDE/workspace_1.15.1/roki-mb-firmware/roki-mb-firmware/Inc/FrameQueue.hpp:13:2:FrameQueue<T, Capacity>::FrameQueue() [with T = MbInterface::Messages::IMUFrameMsg; unsigned int Capacity = 300]	16	static
/home/tndrd/STM32CubeIDE/workspace_1.15.1/roki-mb-firmware/roki-mb-firmware/Inc/MotherboardContext.hpp:13:8:FrameQueues::FrameQueues()	16	static
/home/tndrd/STM32CubeIDE/workspace_1.15.1/roki-mb-firmware/roki-mb-firmware/Inc/MotherboardContext.hpp:32:8:BodyStrobeCallback::BodyStrobeCallback()	16	static
/home/tndrd/STM32CubeIDE/workspace_1.15.1/roki-mb-firmware/roki-mb-firmware/Inc/MotherboardContext.hpp:57:2:MotherboardContext::MotherboardContext(MotherboardConfig)	24	static
/home/tndrd/STM32CubeIDE/workspace_1.15.1/roki-mb-firmware/roki-mb-firmware/Inc/RequestHandler.hpp:23:15:MbInterface::MbService::ErrorCodes::Type RequestHandler::ConvertBodyError(BodyClient::Status)	16	static
/home/tndrd/STM32CubeIDE/workspace_1.15.1/roki-mb-firmware/roki-mb-firmware/Inc/RequestHandler.hpp:43:11:RequestHandler::Responce RequestHandler::CreateError(MbInterface::MbService::ErrorCodes::Type)	24	static
/home/tndrd/STM32CubeIDE/workspace_1.15.1/roki-mb-firmware/roki-mb-firmware/Inc/RequestHandler.hpp:77:11:RequestHandler::Responce RequestHandler::Handle(MotherboardContext&, const Request&)	32	static
/home/tndrd/STM32CubeIDE/workspace_1.15.1/roki-mb-firmware/roki-mb-firmware/Inc/RequestHandler.hpp:136:1:MbInterface::MbService::ErrorCodes::Type RequestHandler::Handler(MotherboardContext&, const typename Procedure::RequestType&, typename Procedure::ResponceType&) [with Procedure = MbInterface::MbService::Procedures::GetIMUFrame]	64	static
/home/tndrd/STM32CubeIDE/workspace_1.15.1/roki-mb-firmware/roki-mb-firmware/Inc/RequestHandler.hpp:148:1:MbInterface::MbService::ErrorCodes::Type RequestHandler::Handler(MotherboardContext&, const typename Procedure::RequestType&, typename Procedure::ResponceType&) [with Procedure = MbInterface::MbService::Procedures::GetBodyFrame]	304	static
/home/tndrd/STM32CubeIDE/workspace_1.15.1/roki-mb-firmware/roki-mb-firmware/Inc/RequestHandler.hpp:167:1:MbInterface::MbService::ErrorCodes::Type RequestHandler::Handler(MotherboardContext&, const typename Procedure::RequestType&, typename Procedure::ResponceType&) [with Procedure = MbInterface::MbService::Procedures::GetIMUContainerInfo]	40	static
/home/tndrd/STM32CubeIDE/workspace_1.15.1/roki-mb-firmware/roki-mb-firmware/Inc/RequestHandler.hpp:173:1:MbInterface::MbService::ErrorCodes::Type RequestHandler::Handler(MotherboardContext&, const typename Procedure::RequestType&, typename Procedure::ResponceType&) [with Procedure = MbInterface::MbService::Procedures::GetBodyContainerInfo]	40	static
/home/tndrd/STM32CubeIDE/workspace_1.15.1/roki-mb-firmware/roki-mb-firmware/Inc/RequestHandler.hpp:179:1:MbInterface::MbService::ErrorCodes::Type RequestHandler::Handler(MotherboardContext&, const typename Procedure::RequestType&, typename Procedure::ResponceType&) [with Procedure = MbInterface::MbService::Procedures::GetIMULatest]	56	static
/home/tndrd/STM32CubeIDE/workspace_1.15.1/roki-mb-firmware/roki-mb-firmware/Inc/RequestHandler.hpp:184:1:MbInterface::MbService::ErrorCodes::Type RequestHandler::Handler(MotherboardContext&, const typename Procedure::RequestType&, typename Procedure::ResponceType&) [with Procedure = MbInterface::MbService::Procedures::ResetStrobeContainers]	24	static
/home/tndrd/STM32CubeIDE/workspace_1.15.1/roki-mb-firmware/roki-mb-firmware/Inc/RequestHandler.hpp:189:1:MbInterface::MbService::ErrorCodes::Type RequestHandler::Handler(MotherboardContext&, const typename Procedure::RequestType&, typename Procedure::ResponceType&) [with Procedure = MbInterface::MbService::Procedures::SetIMUStrobeOffset]	24	static
/home/tndrd/STM32CubeIDE/workspace_1.15.1/roki-mb-firmware/roki-mb-firmware/Inc/RequestHandler.hpp:194:1:MbInterface::MbService::ErrorCodes::Type RequestHandler::Handler(MotherboardContext&, const typename Procedure::RequestType&, typename Procedure::ResponceType&) [with Procedure = MbInterface::MbService::Procedures::SetBodyStrobeOffset]	24	static
/home/tndrd/STM32CubeIDE/workspace_1.15.1/roki-mb-firmware/roki-mb-firmware/Inc/RequestHandler.hpp:199:1:MbInterface::MbService::ErrorCodes::Type RequestHandler::Handler(MotherboardContext&, const typename Procedure::RequestType&, typename Procedure::ResponceType&) [with Procedure = MbInterface::MbService::Procedures::GetStrobeWidth]	32	static
/home/tndrd/STM32CubeIDE/workspace_1.15.1/roki-mb-firmware/roki-mb-firmware/Inc/RequestHandler.hpp:204:1:MbInterface::MbService::ErrorCodes::Type RequestHandler::Handler(MotherboardContext&, const typename Procedure::RequestType&, typename Procedure::ResponceType&) [with Procedure = MbInterface::MbService::Procedures::ConfigureStrobeFilter]	24	static
/home/tndrd/STM32CubeIDE/workspace_1.15.1/roki-mb-firmware/roki-mb-firmware/Inc/RequestHandler.hpp:209:1:MbInterface::MbService::ErrorCodes::Type RequestHandler::Handler(MotherboardContext&, const typename Procedure::RequestType&, typename Procedure::ResponceType&) [with Procedure = MbInterface::MbService::Procedures::GetVersion]	24	static
/home/tndrd/STM32CubeIDE/workspace_1.15.1/roki-mb-firmware/roki-mb-firmware/Inc/RequestHandler.hpp:215:1:MbInterface::MbService::ErrorCodes::Type RequestHandler::Handler(MotherboardContext&, const typename Procedure::RequestType&, typename Procedure::ResponceType&) [with Procedure = MbInterface::MbService::Procedures::BodySendForward]	56	static
/home/tndrd/STM32CubeIDE/workspace_1.15.1/roki-mb-firmware/roki-mb-firmware/Inc/RequestHandler.hpp:232:1:MbInterface::MbService::ErrorCodes::Type RequestHandler::Handler(MotherboardContext&, const typename Procedure::RequestType&, typename Procedure::ResponceType&) [with Procedure = MbInterface::MbService::Procedures::BodySendQueue]	296	static
/home/tndrd/STM32CubeIDE/workspace_1.15.1/roki-mb-firmware/roki-mb-firmware/Inc/RequestHandler.hpp:249:1:MbInterface::MbService::ErrorCodes::Type RequestHandler::Handler(MotherboardContext&, const typename Procedure::RequestType&, typename Procedure::ResponceType&) [with Procedure = MbInterface::MbService::Procedures::GetBodyQueueInfo]	24	static
/home/tndrd/STM32CubeIDE/workspace_1.15.1/roki-mb-firmware/roki-mb-firmware/Inc/RequestHandler.hpp:255:1:MbInterface::MbService::ErrorCodes::Type RequestHandler::Handler(MotherboardContext&, const typename Procedure::RequestType&, typename Procedure::ResponceType&) [with Procedure = MbInterface::MbService::Procedures::SetBodyQueuePeriod]	24	static
/home/tndrd/STM32CubeIDE/workspace_1.15.1/roki-mb-firmware/roki-mb-firmware/Inc/RequestHandler.hpp:262:1:MbInterface::MbService::ErrorCodes::Type RequestHandler::Handler(MotherboardContext&, const typename Procedure::RequestType&, typename Procedure::ResponceType&) [with Procedure = MbInterface::MbService::Procedures::ResetBodyQueue]	24	static
/home/tndrd/STM32CubeIDE/workspace_1.15.1/roki-mb-firmware/roki-mb-firmware/Inc/RequestHandler.hpp:267:1:MbInterface::MbService::ErrorCodes::Type RequestHandler::Handler(MotherboardContext&, const typename Procedure::RequestType&, typename Procedure::ResponceType&) [with Procedure = MbInterface::MbService::Procedures::SetBodyTimeout]	24	static
/home/tndrd/STM32CubeIDE/workspace_1.15.1/roki-mb-firmware/roki-mb-firmware/Inc/RequestHandler.hpp:272:1:MbInterface::MbService::ErrorCodes::Type RequestHandler::Handler(MotherboardContext&, const typename Procedure::RequestType&, typename Procedure::ResponceType&) [with Procedure = MbInterface::MbService::Procedures::EnableBodyARQ]	24	static
/home/tndrd/STM32CubeIDE/workspace_1.15.1/roki-mb-firmware/roki-mb-firmware/Inc/RequestHandler.hpp:278:1:MbInterface::MbService::ErrorCodes::Type RequestHandler::Handler(MotherboardContext&, const typename Procedure::RequestType&, typename Procedure::ResponceType&) [with Procedure = MbInterface::MbService::Procedures::DisableBodyARQ]	24	static
/home/tndrd/STM32CubeIDE/workspace_1.15.1/roki-mb-firmware/roki-mb-firmware/Inc/RequestHandler.hpp:283:1:MbInterface::MbService::ErrorCodes::Type RequestHandler::Handler(MotherboardContext&, const typename Procedure::RequestType&, typename Procedure::ResponceType&) [with Procedure = MbInterface::MbService::Procedures::SetBodyStrobeCallback]	24	static,ignoring_inline_asm
/home/tndrd/STM32CubeIDE/workspace_1.15.1/roki-mb-firmware/roki-mb-firmware/Inc/RequestHandler.hpp:295:1:MbInterface::MbService::ErrorCodes::Type RequestHandler::Handler(MotherboardContext&, const typename Procedure::RequestType&, typename Procedure::ResponceType&) [with Procedure = MbInterface::MbService::Procedures::ResetBodyStrobeCallback]	24	static,ignoring_inline_asm
/home/tndrd/STM32CubeIDE/workspace_1.15.1/roki-mb-firmware/roki-mb-firmware/Inc/Motherboard.hpp:13:14:static void Motherboard::BodyStrobeCallback(MotherboardContext&)	312	static
/home/tndrd/STM32CubeIDE/workspace_1.15.1/roki-mb-firmware/roki-mb-firmware/Inc/Motherboard.hpp:35:14:static void Motherboard::ImuStrobeCallback(MotherboardContext&)	48	static
/home/tndrd/STM32CubeIDE/workspace_1.15.1/roki-mb-firmware/roki-mb-firmware/Inc/Motherboard.hpp:39:7:void Motherboard::RegisterObservers()	16	static
/home/tndrd/STM32CubeIDE/workspace_1.15.1/roki-mb-firmware/roki-mb-firmware/Inc/Motherboard.hpp:44:7:void Motherboard::UpdateTimers()	16	static
/home/tndrd/STM32CubeIDE/workspace_1.15.1/roki-mb-firmware/roki-mb-firmware/Inc/Motherboard.hpp:49:7:void Motherboard::HandleRequests()	536	static
/home/tndrd/STM32CubeIDE/workspace_1.15.1/roki-mb-firmware/roki-mb-firmware/Inc/Motherboard.hpp:59:7:void Motherboard::UpdateBodyQueue()	296	static
/home/tndrd/STM32CubeIDE/workspace_1.15.1/roki-mb-firmware/roki-mb-firmware/Inc/Motherboard.hpp:72:7:void Motherboard::UpdateStrobes()	24	static
/home/tndrd/STM32CubeIDE/workspace_1.15.1/roki-mb-firmware/roki-mb-firmware/Inc/Motherboard.hpp:79:7:void Motherboard::Init()	16	static
/home/tndrd/STM32CubeIDE/workspace_1.15.1/roki-mb-firmware/roki-mb-firmware/Inc/Motherboard.hpp:84:7:void Motherboard::Run()	16	static
/home/tndrd/STM32CubeIDE/workspace_1.15.1/roki-mb-firmware/roki-mb-firmware/Inc/Motherboard.hpp:93:2:Motherboard::Motherboard(const MotherboardConfig&)	64	static
/home/tndrd/STM32CubeIDE/workspace_1.15.1/roki-mb-firmware/roki-mb-firmware/Inc/Motherboard.hpp:99:7:void Motherboard::HeadRxCallback()	16	static
/home/tndrd/STM32CubeIDE/workspace_1.15.1/roki-mb-firmware/roki-mb-firmware/Inc/Motherboard.hpp:103:7:void Motherboard::HeadTxCallback()	16	static
/home/tndrd/STM32CubeIDE/workspace_1.15.1/roki-mb-firmware/roki-mb-firmware/Inc/Motherboard.hpp:107:7:void Motherboard::BQueueTimCallback()	16	static
/home/tndrd/STM32CubeIDE/workspace_1.15.1/roki-mb-firmware/roki-mb-firmware/Inc/Motherboard.hpp:111:7:void Motherboard::IMUTimCallback()	16	static
/home/tndrd/STM32CubeIDE/workspace_1.15.1/roki-mb-firmware/roki-mb-firmware/Inc/Motherboard.hpp:115:7:void Motherboard::SFCompCallback()	16	static
../roki-mb-firmware/Src/MotherboardMain.cpp:10:6:void MotherboardInit(MotherboardConfig)	8	static
../roki-mb-firmware/Src/MotherboardMain.cpp:16:6:void MotherboardRun()	8	static
../roki-mb-firmware/Src/MotherboardMain.cpp:21:6:void HeadRxCallback()	8	static
../roki-mb-firmware/Src/MotherboardMain.cpp:26:6:void HeadTxCallback()	8	static
../roki-mb-firmware/Src/MotherboardMain.cpp:31:6:void BQueueTimCallback()	8	static
../roki-mb-firmware/Src/MotherboardMain.cpp:36:6:void IMUTimCallback()	8	static
../roki-mb-firmware/Src/MotherboardMain.cpp:41:6:void SFCompCallback()	8	static
/home/tndrd/st/stm32cubeide_1.15.1/plugins/com.st.stm32cube.ide.mcu.externaltools.gnu-tools-for-stm32.12.3.rel1.linux64_1.0.100.202403111256/tools/arm-none-eabi/include/c++/12.3.1/array:283:7:std::array<_Tp, _Nm>::value_type* std::array<_Tp, _Nm>::data() [with _Tp = unsigned char; unsigned int _Nm = 2048]	16	static
/home/tndrd/st/stm32cubeide_1.15.1/plugins/com.st.stm32cube.ide.mcu.externaltools.gnu-tools-for-stm32.12.3.rel1.linux64_1.0.100.202403111256/tools/arm-none-eabi/include/c++/12.3.1/array:193:7:constexpr std::array<_Tp, _Nm>::size_type std::array<_Tp, _Nm>::size() const [with _Tp = unsigned char; unsigned int _Nm = 2048]	16	static
/home/tndrd/st/stm32cubeide_1.15.1/plugins/com.st.stm32cube.ide.mcu.externaltools.gnu-tools-for-stm32.12.3.rel1.linux64_1.0.100.202403111256/tools/arm-none-eabi/include/c++/12.3.1/array:283:7:std::array<_Tp, _Nm>::value_type* std::array<_Tp, _Nm>::data() [with _Tp = unsigned char; unsigned int _Nm = 256]	16	static
/home/tndrd/STM32CubeIDE/workspace_1.15.1/roki-mb-firmware/roki-mb-firmware/Inc/FixedQueue.hpp:17:7:void FixedQueue<T, Capacity>::Push(const T&) [with T = HeadIO::Request; unsigned int Capacity = 16]	16	static
/home/tndrd/STM32CubeIDE/workspace_1.15.1/roki-mb-firmware/roki-mb-firmware/Inc/FixedQueue.hpp:45:7:bool FixedQueue<T, Capacity>::Empty() const [with T = HeadIO::Request; unsigned int Capacity = 16]	16	static
/home/tndrd/STM32CubeIDE/workspace_1.15.1/roki-mb-firmware/roki-mb-firmware/Inc/FixedQueue.hpp:40:11:const T& FixedQueue<T, Capacity>::Front() const [with T = HeadIO::Request; unsigned int Capacity = 16]	16	static
/home/tndrd/STM32CubeIDE/workspace_1.15.1/roki-mb-firmware/roki-mb-firmware/Inc/FixedQueue.hpp:26:7:void FixedQueue<T, Capacity>::Pop() [with T = HeadIO::Request; unsigned int Capacity = 16]	16	static
/home/tndrd/st/stm32cubeide_1.15.1/plugins/com.st.stm32cube.ide.mcu.externaltools.gnu-tools-for-stm32.12.3.rel1.linux64_1.0.100.202403111256/tools/arm-none-eabi/include/c++/12.3.1/array:206:7:std::array<_Tp, _Nm>::value_type& std::array<_Tp, _Nm>::operator[](size_type) [with _Tp = unsigned char; unsigned int _Nm = 256]	16	static
/home/tndrd/st/stm32cubeide_1.15.1/plugins/com.st.stm32cube.ide.mcu.externaltools.gnu-tools-for-stm32.12.3.rel1.linux64_1.0.100.202403111256/tools/arm-none-eabi/include/c++/12.3.1/array:288:7:const std::array<_Tp, _Nm>::value_type* std::array<_Tp, _Nm>::data() const [with _Tp = unsigned char; unsigned int _Nm = 256]	16	static
/home/tndrd/STM32CubeIDE/workspace_1.15.1/roki-mb-firmware/roki-mb-firmware/Inc/FixedQueue.hpp:17:7:void FixedQueue<T, Capacity>::Push(const T&) [with T = HeadIO::Responce; unsigned int Capacity = 16]	16	static
/home/tndrd/STM32CubeIDE/workspace_1.15.1/roki-mb-firmware/roki-mb-firmware/Inc/FixedQueue.hpp:45:7:bool FixedQueue<T, Capacity>::Empty() const [with T = HeadIO::Responce; unsigned int Capacity = 16]	16	static
/home/tndrd/STM32CubeIDE/workspace_1.15.1/roki-mb-firmware/roki-mb-firmware/Inc/FixedQueue.hpp:40:11:const T& FixedQueue<T, Capacity>::Front() const [with T = HeadIO::Responce; unsigned int Capacity = 16]	16	static
/home/tndrd/STM32CubeIDE/workspace_1.15.1/roki-mb-firmware/roki-mb-firmware/Inc/FixedQueue.hpp:26:7:void FixedQueue<T, Capacity>::Pop() [with T = HeadIO::Responce; unsigned int Capacity = 16]	16	static
/home/tndrd/STM32CubeIDE/workspace_1.15.1/roki-mb-firmware/roki-mb-firmware/Inc/FixedQueue.hpp:45:7:bool FixedQueue<T, Capacity>::Empty() const [with T = BodyQueue::Request; unsigned int Capacity = 500]	16	static
/home/tndrd/STM32CubeIDE/workspace_1.15.1/roki-mb-firmware/roki-mb-firmware/Inc/FixedQueue.hpp:40:11:const T& FixedQueue<T, Capacity>::Front() const [with T = BodyQueue::Request; unsigned int Capacity = 500]	16	static
/home/tndrd/STM32CubeIDE/workspace_1.15.1/roki-mb-firmware/roki-mb-firmware/Inc/FixedQueue.hpp:26:7:void FixedQueue<T, Capacity>::Pop() [with T = BodyQueue::Request; unsigned int Capacity = 500]	16	static
/home/tndrd/STM32CubeIDE/workspace_1.15.1/roki-mb-firmware/roki-mb-firmware/Inc/FixedQueue.hpp:49:7:bool FixedQueue<T, Capacity>::Full() const [with T = BodyQueue::Request; unsigned int Capacity = 500]	16	static
/home/tndrd/STM32CubeIDE/workspace_1.15.1/roki-mb-firmware/roki-mb-firmware/Inc/FixedQueue.hpp:17:7:void FixedQueue<T, Capacity>::Push(const T&) [with T = BodyQueue::Request; unsigned int Capacity = 500]	16	static
/home/tndrd/STM32CubeIDE/workspace_1.15.1/roki-mb-firmware/roki-mb-firmware/Inc/FixedQueue.hpp:53:9:size_t FixedQueue<T, Capacity>::GetSize() const [with T = BodyQueue::Request; unsigned int Capacity = 500]	16	static
/home/tndrd/STM32CubeIDE/workspace_1.15.1/roki-mb-firmware/roki-mb-firmware/Inc/FixedQueue.hpp:32:7:void FixedQueue<T, Capacity>::Clear() [with T = BodyQueue::Request; unsigned int Capacity = 500]	16	static
/home/tndrd/st/stm32cubeide_1.15.1/plugins/com.st.stm32cube.ide.mcu.externaltools.gnu-tools-for-stm32.12.3.rel1.linux64_1.0.100.202403111256/tools/arm-none-eabi/include/c++/12.3.1/bits/stl_queue.h:285:7:void std::queue<_Tp, _Sequence>::push(const value_type&) [with _Tp = unsigned int; _Sequence = std::deque<unsigned int, std::allocator<unsigned int> >]	16	static
/home/tndrd/st/stm32cubeide_1.15.1/plugins/com.st.stm32cube.ide.mcu.externaltools.gnu-tools-for-stm32.12.3.rel1.linux64_1.0.100.202403111256/tools/arm-none-eabi/include/c++/12.3.1/bits/stl_deque.h:855:7:std::deque<_Tp, _Alloc>::deque() [with _Tp = unsigned int; _Alloc = std::allocator<unsigned int>]	16	static
/home/tndrd/st/stm32cubeide_1.15.1/plugins/com.st.stm32cube.ide.mcu.externaltools.gnu-tools-for-stm32.12.3.rel1.linux64_1.0.100.202403111256/tools/arm-none-eabi/include/c++/12.3.1/bits/stl_queue.h:166:2:std::queue<_Tp, _Sequence>::queue() [with _Seq = std::deque<unsigned int, std::allocator<unsigned int> >; _Requires = void; _Tp = unsigned int; _Sequence = std::deque<unsigned int, std::allocator<unsigned int> >]	16	static
/home/tndrd/st/stm32cubeide_1.15.1/plugins/com.st.stm32cube.ide.mcu.externaltools.gnu-tools-for-stm32.12.3.rel1.linux64_1.0.100.202403111256/tools/arm-none-eabi/include/c++/12.3.1/bits/stl_deque.h:1027:7:std::deque<_Tp, _Alloc>::~deque() [with _Tp = unsigned int; _Alloc = std::allocator<unsigned int>]	48	static
/home/tndrd/st/stm32cubeide_1.15.1/plugins/com.st.stm32cube.ide.mcu.externaltools.gnu-tools-for-stm32.12.3.rel1.linux64_1.0.100.202403111256/tools/arm-none-eabi/include/c++/12.3.1/bits/stl_queue.h:218:7:bool std::queue<_Tp, _Sequence>::empty() const [with _Tp = unsigned int; _Sequence = std::deque<unsigned int, std::allocator<unsigned int> >]	16	static
/home/tndrd/st/stm32cubeide_1.15.1/plugins/com.st.stm32cube.ide.mcu.externaltools.gnu-tools-for-stm32.12.3.rel1.linux64_1.0.100.202403111256/tools/arm-none-eabi/include/c++/12.3.1/bits/stl_queue.h:233:7:std::queue<_Tp, _Sequence>::reference std::queue<_Tp, _Sequence>::front() [with _Tp = unsigned int; _Sequence = std::deque<unsigned int, std::allocator<unsigned int> >]	16	static
/home/tndrd/st/stm32cubeide_1.15.1/plugins/com.st.stm32cube.ide.mcu.externaltools.gnu-tools-for-stm32.12.3.rel1.linux64_1.0.100.202403111256/tools/arm-none-eabi/include/c++/12.3.1/bits/stl_queue.h:318:7:void std::queue<_Tp, _Sequence>::pop() [with _Tp = unsigned int; _Sequence = std::deque<unsigned int, std::allocator<unsigned int> >]	16	static
/home/tndrd/st/stm32cubeide_1.15.1/plugins/com.st.stm32cube.ide.mcu.externaltools.gnu-tools-for-stm32.12.3.rel1.linux64_1.0.100.202403111256/tools/arm-none-eabi/include/c++/12.3.1/bits/stl_queue.h:290:7:void std::queue<_Tp, _Sequence>::push(value_type&&) [with _Tp = unsigned int; _Sequence = std::deque<unsigned int, std::allocator<unsigned int> >]	24	static
/home/tndrd/st/stm32cubeide_1.15.1/plugins/com.st.stm32cube.ide.mcu.externaltools.gnu-tools-for-stm32.12.3.rel1.linux64_1.0.100.202403111256/tools/arm-none-eabi/include/c++/12.3.1/bits/stl_vector.h:1173:7:std::vector<_Tp, _Alloc>::reference std::vector<_Tp, _Alloc>::at(size_type) [with _Tp = StrobeObserver; _Alloc = std::allocator<StrobeObserver>]	16	static
/home/tndrd/st/stm32cubeide_1.15.1/plugins/com.st.stm32cube.ide.mcu.externaltools.gnu-tools-for-stm32.12.3.rel1.linux64_1.0.100.202403111256/tools/arm-none-eabi/include/c++/12.3.1/bits/vector.tcc:111:7:) [with _Args = {unsigned char&, void (*&)(MotherboardContext&)}; _Tp = StrobeObserver; _Alloc = std::allocator<StrobeObserver>]	40	static
/home/tndrd/st/stm32cubeide_1.15.1/plugins/com.st.stm32cube.ide.mcu.externaltools.gnu-tools-for-stm32.12.3.rel1.linux64_1.0.100.202403111256/tools/arm-none-eabi/include/c++/12.3.1/bits/stl_vector.h:868:7:std::vector<_Tp, _Alloc>::iterator std::vector<_Tp, _Alloc>::begin() [with _Tp = StrobeObserver; _Alloc = std::allocator<StrobeObserver>]	24	static
/home/tndrd/st/stm32cubeide_1.15.1/plugins/com.st.stm32cube.ide.mcu.externaltools.gnu-tools-for-stm32.12.3.rel1.linux64_1.0.100.202403111256/tools/arm-none-eabi/include/c++/12.3.1/bits/stl_vector.h:888:7:std::vector<_Tp, _Alloc>::iterator std::vector<_Tp, _Alloc>::end() [with _Tp = StrobeObserver; _Alloc = std::allocator<StrobeObserver>]	24	static
/home/tndrd/st/stm32cubeide_1.15.1/plugins/com.st.stm32cube.ide.mcu.externaltools.gnu-tools-for-stm32.12.3.rel1.linux64_1.0.100.202403111256/tools/arm-none-eabi/include/c++/12.3.1/bits/stl_iterator.h:1237:5:bool __gnu_cxx::operator!=(const __normal_iterator<_Iterator, _Container>&, const __normal_iterator<_Iterator, _Container>&) [with _Iterator = StrobeObserver*; _Container = std::vector<StrobeObserver>]	24	static
/home/tndrd/st/stm32cubeide_1.15.1/plugins/com.st.stm32cube.ide.mcu.externaltools.gnu-tools-for-stm32.12.3.rel1.linux64_1.0.100.202403111256/tools/arm-none-eabi/include/c++/12.3.1/bits/stl_iterator.h:1105:7:__gnu_cxx::__normal_iterator<_Iterator, _Container>& __gnu_cxx::__normal_iterator<_Iterator, _Container>::operator++() [with _Iterator = StrobeObserver*; _Container = std::vector<StrobeObserver>]	16	static
/home/tndrd/st/stm32cubeide_1.15.1/plugins/com.st.stm32cube.ide.mcu.externaltools.gnu-tools-for-stm32.12.3.rel1.linux64_1.0.100.202403111256/tools/arm-none-eabi/include/c++/12.3.1/bits/stl_iterator.h:1095:7:__gnu_cxx::__normal_iterator<_Iterator, _Container>::reference __gnu_cxx::__normal_iterator<_Iterator, _Container>::operator*() const [with _Iterator = StrobeObserver*; _Container = std::vector<StrobeObserver>]	16	static
/home/tndrd/STM32CubeIDE/workspace_1.15.1/roki-mb-firmware/roki-mb-firmware/Inc/FrameQueue.hpp:39:7:void FrameQueue<T, Capacity>::Clear() [with T = FrameQueues::BodyResponce; unsigned int Capacity = 300]	16	static
/home/tndrd/STM32CubeIDE/workspace_1.15.1/roki-mb-firmware/roki-mb-firmware/Inc/FrameQueue.hpp:39:7:void FrameQueue<T, Capacity>::Clear() [with T = MbInterface::Messages::IMUFrameMsg; unsigned int Capacity = 300]	16	static
/home/tndrd/st/stm32cubeide_1.15.1/plugins/com.st.stm32cube.ide.mcu.externaltools.gnu-tools-for-stm32.12.3.rel1.linux64_1.0.100.202403111256/tools/arm-none-eabi/include/c++/12.3.1/bits/stl_vector.h:137:2:std::_Vector_base<_Tp, _Alloc>::_Vector_impl::_Vector_impl() [with _Tp = StrobeObserver; _Alloc = std::allocator<StrobeObserver>]	16	static
/home/tndrd/STM32CubeIDE/workspace_1.15.1/roki-mb-firmware/roki-mb-firmware/Inc/RequestHandler.hpp:55:11:RequestHandler::Responce RequestHandler::GenericHandler(MotherboardContext&, const Request&) [with Procedure = MbInterface::MbService::Procedures::BodySendForward]	320	static
/home/tndrd/STM32CubeIDE/workspace_1.15.1/roki-mb-firmware/roki-mb-firmware/Inc/RequestHandler.hpp:55:11:RequestHandler::Responce RequestHandler::GenericHandler(MotherboardContext&, const Request&) [with Procedure = MbInterface::MbService::Procedures::BodySendQueue]	328	static
/home/tndrd/STM32CubeIDE/workspace_1.15.1/roki-mb-firmware/roki-mb-firmware/Inc/RequestHandler.hpp:55:11:RequestHandler::Responce RequestHandler::GenericHandler(MotherboardContext&, const Request&) [with Procedure = MbInterface::MbService::Procedures::ConfigureStrobeFilter]	304	static
/home/tndrd/STM32CubeIDE/workspace_1.15.1/roki-mb-firmware/roki-mb-firmware/Inc/RequestHandler.hpp:55:11:RequestHandler::Responce RequestHandler::GenericHandler(MotherboardContext&, const Request&) [with Procedure = MbInterface::MbService::Procedures::GetBodyContainerInfo]	312	static
/home/tndrd/STM32CubeIDE/workspace_1.15.1/roki-mb-firmware/roki-mb-firmware/Inc/RequestHandler.hpp:55:11:RequestHandler::Responce RequestHandler::GenericHandler(MotherboardContext&, const Request&) [with Procedure = MbInterface::MbService::Procedures::GetBodyFrame]	304	static
/home/tndrd/STM32CubeIDE/workspace_1.15.1/roki-mb-firmware/roki-mb-firmware/Inc/RequestHandler.hpp:55:11:RequestHandler::Responce RequestHandler::GenericHandler(MotherboardContext&, const Request&) [with Procedure = MbInterface::MbService::Procedures::GetBodyQueueInfo]	304	static
/home/tndrd/STM32CubeIDE/workspace_1.15.1/roki-mb-firmware/roki-mb-firmware/Inc/RequestHandler.hpp:55:11:RequestHandler::Responce RequestHandler::GenericHandler(MotherboardContext&, const Request&) [with Procedure = MbInterface::MbService::Procedures::GetIMUContainerInfo]	312	static
/home/tndrd/STM32CubeIDE/workspace_1.15.1/roki-mb-firmware/roki-mb-firmware/Inc/RequestHandler.hpp:55:11:RequestHandler::Responce RequestHandler::GenericHandler(MotherboardContext&, const Request&) [with Procedure = MbInterface::MbService::Procedures::GetIMUFrame]	320	static
/home/tndrd/STM32CubeIDE/workspace_1.15.1/roki-mb-firmware/roki-mb-firmware/Inc/RequestHandler.hpp:55:11:RequestHandler::Responce RequestHandler::GenericHandler(MotherboardContext&, const Request&) [with Procedure = MbInterface::MbService::Procedures::GetIMULatest]	320	static
/home/tndrd/STM32CubeIDE/workspace_1.15.1/roki-mb-firmware/roki-mb-firmware/Inc/RequestHandler.hpp:55:11:RequestHandler::Responce RequestHandler::GenericHandler(MotherboardContext&, const Request&) [with Procedure = MbInterface::MbService::Procedures::GetStrobeWidth]	304	static
/home/tndrd/STM32CubeIDE/workspace_1.15.1/roki-mb-firmware/roki-mb-firmware/Inc/RequestHandler.hpp:55:11:RequestHandler::Responce RequestHandler::GenericHandler(MotherboardContext&, const Request&) [with Procedure = MbInterface::MbService::Procedures::GetVersion]	304	static
/home/tndrd/STM32CubeIDE/workspace_1.15.1/roki-mb-firmware/roki-mb-firmware/Inc/RequestHandler.hpp:55:11:RequestHandler::Responce RequestHandler::GenericHandler(MotherboardContext&, const Request&) [with Procedure = MbInterface::MbService::Procedures::ResetStrobeContainers]	304	static
/home/tndrd/STM32CubeIDE/workspace_1.15.1/roki-mb-firmware/roki-mb-firmware/Inc/RequestHandler.hpp:55:11:RequestHandler::Responce RequestHandler::GenericHandler(MotherboardContext&, const Request&) [with Procedure = MbInterface::MbService::Procedures::SetBodyQueuePeriod]	304	static
/home/tndrd/STM32CubeIDE/workspace_1.15.1/roki-mb-firmware/roki-mb-firmware/Inc/RequestHandler.hpp:55:11:RequestHandler::Responce RequestHandler::GenericHandler(MotherboardContext&, const Request&) [with Procedure = MbInterface::MbService::Procedures::SetBodyStrobeOffset]	304	static
/home/tndrd/STM32CubeIDE/workspace_1.15.1/roki-mb-firmware/roki-mb-firmware/Inc/RequestHandler.hpp:55:11:RequestHandler::Responce RequestHandler::GenericHandler(MotherboardContext&, const Request&) [with Procedure = MbInterface::MbService::Procedures::SetIMUStrobeOffset]	304	static
/home/tndrd/STM32CubeIDE/workspace_1.15.1/roki-mb-firmware/roki-mb-firmware/Inc/RequestHandler.hpp:55:11:RequestHandler::Responce RequestHandler::GenericHandler(MotherboardContext&, const Request&) [with Procedure = MbInterface::MbService::Procedures::ResetBodyQueue]	304	static
/home/tndrd/STM32CubeIDE/workspace_1.15.1/roki-mb-firmware/roki-mb-firmware/Inc/RequestHandler.hpp:55:11:RequestHandler::Responce RequestHandler::GenericHandler(MotherboardContext&, const Request&) [with Procedure = MbInterface::MbService::Procedures::SetBodyTimeout]	304	static
/home/tndrd/STM32CubeIDE/workspace_1.15.1/roki-mb-firmware/roki-mb-firmware/Inc/RequestHandler.hpp:55:11:RequestHandler::Responce RequestHandler::GenericHandler(MotherboardContext&, const Request&) [with Procedure = MbInterface::MbService::Procedures::EnableBodyARQ]	328	static
/home/tndrd/STM32CubeIDE/workspace_1.15.1/roki-mb-firmware/roki-mb-firmware/Inc/RequestHandler.hpp:55:11:RequestHandler::Responce RequestHandler::GenericHandler(MotherboardContext&, const Request&) [with Procedure = MbInterface::MbService::Procedures::DisableBodyARQ]	304	static
/home/tndrd/STM32CubeIDE/workspace_1.15.1/roki-mb-firmware/roki-mb-firmware/Inc/RequestHandler.hpp:55:11:RequestHandler::Responce RequestHandler::GenericHandler(MotherboardContext&, const Request&) [with Procedure = MbInterface::MbService::Procedures::SetBodyStrobeCallback]	320	static
/home/tndrd/STM32CubeIDE/workspace_1.15.1/roki-mb-firmware/roki-mb-firmware/Inc/RequestHandler.hpp:55:11:RequestHandler::Responce RequestHandler::GenericHandler(MotherboardContext&, const Request&) [with Procedure = MbInterface::MbService::Procedures::ResetBodyStrobeCallback]	304	static
/home/tndrd/STM32CubeIDE/workspace_1.15.1/roki-mb-firmware/roki-mb-firmware/Inc/FrameQueue.hpp:23:7:bool FrameQueue<T, Capacity>::HasSeq(size_t) const [with T = MbInterface::Messages::IMUFrameMsg; unsigned int Capacity = 300]	32	static
/home/tndrd/STM32CubeIDE/workspace_1.15.1/roki-mb-firmware/roki-mb-firmware/Inc/FrameQueue.hpp:33:4:T FrameQueue<T, Capacity>::GetSeq(size_t) [with T = MbInterface::Messages::IMUFrameMsg; unsigned int Capacity = 300]	32	static
/home/tndrd/STM32CubeIDE/workspace_1.15.1/roki-mb-firmware/roki-mb-firmware/Inc/FrameQueue.hpp:23:7:bool FrameQueue<T, Capacity>::HasSeq(size_t) const [with T = FrameQueues::BodyResponce; unsigned int Capacity = 300]	32	static
/home/tndrd/STM32CubeIDE/workspace_1.15.1/roki-mb-firmware/roki-mb-firmware/Inc/FrameQueue.hpp:33:4:T FrameQueue<T, Capacity>::GetSeq(size_t) [with T = FrameQueues::BodyResponce; unsigned int Capacity = 300]	24	static
/home/tndrd/STM32CubeIDE/workspace_1.15.1/roki-mb-firmware/roki-mb-firmware/Inc/FrameQueue.hpp:45:44:MbInterface::Messages::FrameContainerInfo FrameQueue<T, Capacity>::GetInfo() const [with T = MbInterface::Messages::IMUFrameMsg; unsigned int Capacity = 300]	16	static
/home/tndrd/STM32CubeIDE/workspace_1.15.1/roki-mb-firmware/roki-mb-firmware/Inc/FrameQueue.hpp:45:44:MbInterface::Messages::FrameContainerInfo FrameQueue<T, Capacity>::GetInfo() const [with T = FrameQueues::BodyResponce; unsigned int Capacity = 300]	16	static
/home/tndrd/STM32CubeIDE/workspace_1.15.1/roki-mb-firmware/roki-mb-firmware/Inc/FrameQueue.hpp:15:7:void FrameQueue<T, Capacity>::Add(const T&) [with T = FrameQueues::BodyResponce; unsigned int Capacity = 300]	16	static
/home/tndrd/STM32CubeIDE/workspace_1.15.1/roki-mb-firmware/roki-mb-firmware/Inc/FrameQueue.hpp:15:7:void FrameQueue<T, Capacity>::Add(const T&) [with T = MbInterface::Messages::IMUFrameMsg; unsigned int Capacity = 300]	16	static
/home/tndrd/st/stm32cubeide_1.15.1/plugins/com.st.stm32cube.ide.mcu.externaltools.gnu-tools-for-stm32.12.3.rel1.linux64_1.0.100.202403111256/tools/arm-none-eabi/include/c++/12.3.1/array:64:7:static constexpr _Tp* std::__array_traits<_Tp, _Nm>::_S_ptr(const _Tp (&)[_Nm]) [with _Tp = unsigned char; unsigned int _Nm = 2048]	16	static
/home/tndrd/st/stm32cubeide_1.15.1/plugins/com.st.stm32cube.ide.mcu.externaltools.gnu-tools-for-stm32.12.3.rel1.linux64_1.0.100.202403111256/tools/arm-none-eabi/include/c++/12.3.1/array:64:7:static constexpr _Tp* std::__array_traits<_Tp, _Nm>::_S_ptr(const _Tp (&)[_Nm]) [with _Tp = unsigned char; unsigned int _Nm = 256]	16	static
/home/tndrd/st/stm32cubeide_1.15.1/plugins/com.st.stm32cube.ide.mcu.externaltools.gnu-tools-for-stm32.12.3.rel1.linux64_1.0.100.202403111256/tools/arm-none-eabi/include/c++/12.3.1/array:206:7:std::array<_Tp, _Nm>::value_type& std::array<_Tp, _Nm>::operator[](size_type) [with _Tp = HeadIO::Request; unsigned int _Nm = 16]	16	static
/home/tndrd/st/stm32cubeide_1.15.1/plugins/com.st.stm32cube.ide.mcu.externaltools.gnu-tools-for-stm32.12.3.rel1.linux64_1.0.100.202403111256/tools/arm-none-eabi/include/c++/12.3.1/array:214:7:constexpr const std::array<_Tp, _Nm>::value_type& std::array<_Tp, _Nm>::operator[](size_type) const [with _Tp = HeadIO::Request; unsigned int _Nm = 16]	16	static
/home/tndrd/st/stm32cubeide_1.15.1/plugins/com.st.stm32cube.ide.mcu.externaltools.gnu-tools-for-stm32.12.3.rel1.linux64_1.0.100.202403111256/tools/arm-none-eabi/include/c++/12.3.1/array:60:7:static constexpr _Tp& std::__array_traits<_Tp, _Nm>::_S_ref(const _Tp (&)[_Nm], std::size_t) [with _Tp = unsigned char; unsigned int _Nm = 256]	16	static
/home/tndrd/st/stm32cubeide_1.15.1/plugins/com.st.stm32cube.ide.mcu.externaltools.gnu-tools-for-stm32.12.3.rel1.linux64_1.0.100.202403111256/tools/arm-none-eabi/include/c++/12.3.1/array:206:7:std::array<_Tp, _Nm>::value_type& std::array<_Tp, _Nm>::operator[](size_type) [with _Tp = HeadIO::Responce; unsigned int _Nm = 16]	16	static
/home/tndrd/st/stm32cubeide_1.15.1/plugins/com.st.stm32cube.ide.mcu.externaltools.gnu-tools-for-stm32.12.3.rel1.linux64_1.0.100.202403111256/tools/arm-none-eabi/include/c++/12.3.1/array:214:7:constexpr const std::array<_Tp, _Nm>::value_type& std::array<_Tp, _Nm>::operator[](size_type) const [with _Tp = HeadIO::Responce; unsigned int _Nm = 16]	16	static
/home/tndrd/st/stm32cubeide_1.15.1/plugins/com.st.stm32cube.ide.mcu.externaltools.gnu-tools-for-stm32.12.3.rel1.linux64_1.0.100.202403111256/tools/arm-none-eabi/include/c++/12.3.1/array:214:7:constexpr const std::array<_Tp, _Nm>::value_type& std::array<_Tp, _Nm>::operator[](size_type) const [with _Tp = BodyQueue::Request; unsigned int _Nm = 500]	16	static
/home/tndrd/st/stm32cubeide_1.15.1/plugins/com.st.stm32cube.ide.mcu.externaltools.gnu-tools-for-stm32.12.3.rel1.linux64_1.0.100.202403111256/tools/arm-none-eabi/include/c++/12.3.1/array:206:7:std::array<_Tp, _Nm>::value_type& std::array<_Tp, _Nm>::operator[](size_type) [with _Tp = BodyQueue::Request; unsigned int _Nm = 500]	16	static
/home/tndrd/st/stm32cubeide_1.15.1/plugins/com.st.stm32cube.ide.mcu.externaltools.gnu-tools-for-stm32.12.3.rel1.linux64_1.0.100.202403111256/tools/arm-none-eabi/include/c++/12.3.1/bits/stl_deque.h:1538:7:void std::deque<_Tp, _Alloc>::push_back(const value_type&) [with _Tp = unsigned int; _Alloc = std::allocator<unsigned int>]	16	static
/home/tndrd/st/stm32cubeide_1.15.1/plugins/com.st.stm32cube.ide.mcu.externaltools.gnu-tools-for-stm32.12.3.rel1.linux64_1.0.100.202403111256/tools/arm-none-eabi/include/c++/12.3.1/bits/stl_deque.h:542:14:std::_Deque_base<unsigned int, std::allocator<unsigned int> >::_Deque_impl::~_Deque_impl()	16	static
/home/tndrd/st/stm32cubeide_1.15.1/plugins/com.st.stm32cube.ide.mcu.externaltools.gnu-tools-for-stm32.12.3.rel1.linux64_1.0.100.202403111256/tools/arm-none-eabi/include/c++/12.3.1/bits/stl_deque.h:458:7:std::_Deque_base<_Tp, _Alloc>::_Deque_base() [with _Tp = unsigned int; _Alloc = std::allocator<unsigned int>]	16	static
/home/tndrd/st/stm32cubeide_1.15.1/plugins/com.st.stm32cube.ide.mcu.externaltools.gnu-tools-for-stm32.12.3.rel1.linux64_1.0.100.202403111256/tools/arm-none-eabi/include/c++/12.3.1/bits/stl_deque.h:617:5:std::_Deque_base<_Tp, _Alloc>::~_Deque_base() [with _Tp = unsigned int; _Alloc = std::allocator<unsigned int>]	16	static
/home/tndrd/st/stm32cubeide_1.15.1/plugins/com.st.stm32cube.ide.mcu.externaltools.gnu-tools-for-stm32.12.3.rel1.linux64_1.0.100.202403111256/tools/arm-none-eabi/include/c++/12.3.1/bits/stl_deque.h:1151:7:std::deque<_Tp, _Alloc>::iterator std::deque<_Tp, _Alloc>::begin() [with _Tp = unsigned int; _Alloc = std::allocator<unsigned int>]	16	static
/home/tndrd/st/stm32cubeide_1.15.1/plugins/com.st.stm32cube.ide.mcu.externaltools.gnu-tools-for-stm32.12.3.rel1.linux64_1.0.100.202403111256/tools/arm-none-eabi/include/c++/12.3.1/bits/stl_deque.h:1170:7:std::deque<_Tp, _Alloc>::iterator std::deque<_Tp, _Alloc>::end() [with _Tp = unsigned int; _Alloc = std::allocator<unsigned int>]	16	static
/home/tndrd/st/stm32cubeide_1.15.1/plugins/com.st.stm32cube.ide.mcu.externaltools.gnu-tools-for-stm32.12.3.rel1.linux64_1.0.100.202403111256/tools/arm-none-eabi/include/c++/12.3.1/bits/stl_deque.h:568:7:std::_Deque_base<_Tp, _Alloc>::_Tp_alloc_type& std::_Deque_base<_Tp, _Alloc>::_M_get_Tp_allocator() [with _Tp = unsigned int; _Alloc = std::allocator<unsigned int>]	16	static
/home/tndrd/st/stm32cubeide_1.15.1/plugins/com.st.stm32cube.ide.mcu.externaltools.gnu-tools-for-stm32.12.3.rel1.linux64_1.0.100.202403111256/tools/arm-none-eabi/include/c++/12.3.1/bits/stl_deque.h:168:7:std::_Deque_iterator<_Tp, _Ref, _Ptr>::_Deque_iterator(const std::_Deque_iterator<_Tp, _Ref, _Ptr>&) [with _Tp = unsigned int; _Ref = unsigned int&; _Ptr = unsigned int*]	16	static
/home/tndrd/st/stm32cubeide_1.15.1/plugins/com.st.stm32cube.ide.mcu.externaltools.gnu-tools-for-stm32.12.3.rel1.linux64_1.0.100.202403111256/tools/arm-none-eabi/include/c++/12.3.1/bits/stl_deque.h:2087:7:void std::deque<_Tp, _Alloc>::_M_destroy_data(iterator, iterator, const std::allocator<_Tp1>&) [with _Tp = unsigned int; _Alloc = std::allocator<unsigned int>]	56	static
/home/tndrd/st/stm32cubeide_1.15.1/plugins/com.st.stm32cube.ide.mcu.externaltools.gnu-tools-for-stm32.12.3.rel1.linux64_1.0.100.202403111256/tools/arm-none-eabi/include/c++/12.3.1/bits/stl_deque.h:1347:7:bool std::deque<_Tp, _Alloc>::empty() const [with _Tp = unsigned int; _Alloc = std::allocator<unsigned int>]	16	static
/home/tndrd/st/stm32cubeide_1.15.1/plugins/com.st.stm32cube.ide.mcu.externaltools.gnu-tools-for-stm32.12.3.rel1.linux64_1.0.100.202403111256/tools/arm-none-eabi/include/c++/12.3.1/bits/stl_deque.h:1444:7:std::deque<_Tp, _Alloc>::reference std::deque<_Tp, _Alloc>::front() [with _Tp = unsigned int; _Alloc = std::allocator<unsigned int>]	32	static
/home/tndrd/st/stm32cubeide_1.15.1/plugins/com.st.stm32cube.ide.mcu.externaltools.gnu-tools-for-stm32.12.3.rel1.linux64_1.0.100.202403111256/tools/arm-none-eabi/include/c++/12.3.1/bits/stl_deque.h:1574:7:void std::deque<_Tp, _Alloc>::pop_front() [with _Tp = unsigned int; _Alloc = std::allocator<unsigned int>]	16	static
/home/tndrd/st/stm32cubeide_1.15.1/plugins/com.st.stm32cube.ide.mcu.externaltools.gnu-tools-for-stm32.12.3.rel1.linux64_1.0.100.202403111256/tools/arm-none-eabi/include/c++/12.3.1/bits/move.h:104:5:constexpr typename std::remove_reference<_Tp>::type&& std::move(_Tp&&) [with _Tp = unsigned int&]	16	static
/home/tndrd/st/stm32cubeide_1.15.1/plugins/com.st.stm32cube.ide.mcu.externaltools.gnu-tools-for-stm32.12.3.rel1.linux64_1.0.100.202403111256/tools/arm-none-eabi/include/c++/12.3.1/bits/stl_deque.h:1553:7:void std::deque<_Tp, _Alloc>::push_back(value_type&&) [with _Tp = unsigned int; _Alloc = std::allocator<unsigned int>]	16	static
/home/tndrd/st/stm32cubeide_1.15.1/plugins/com.st.stm32cube.ide.mcu.externaltools.gnu-tools-for-stm32.12.3.rel1.linux64_1.0.100.202403111256/tools/arm-none-eabi/include/c++/12.3.1/bits/stl_vector.h:1150:7:void std::vector<_Tp, _Alloc>::_M_range_check(size_type) const [with _Tp = StrobeObserver; _Alloc = std::allocator<StrobeObserver>]	16	static
/home/tndrd/st/stm32cubeide_1.15.1/plugins/com.st.stm32cube.ide.mcu.externaltools.gnu-tools-for-stm32.12.3.rel1.linux64_1.0.100.202403111256/tools/arm-none-eabi/include/c++/12.3.1/bits/stl_vector.h:1121:7:std::vector<_Tp, _Alloc>::reference std::vector<_Tp, _Alloc>::operator[](size_type) [with _Tp = StrobeObserver; _Alloc = std::allocator<StrobeObserver>]	16	static
/home/tndrd/st/stm32cubeide_1.15.1/plugins/com.st.stm32cube.ide.mcu.externaltools.gnu-tools-for-stm32.12.3.rel1.linux64_1.0.100.202403111256/tools/arm-none-eabi/include/c++/12.3.1/bits/move.h:77:5:constexpr _Tp&& std::forward(typename remove_reference<_Tp>::type&) [with _Tp = unsigned char&]	16	static
/home/tndrd/st/stm32cubeide_1.15.1/plugins/com.st.stm32cube.ide.mcu.externaltools.gnu-tools-for-stm32.12.3.rel1.linux64_1.0.100.202403111256/tools/arm-none-eabi/include/c++/12.3.1/bits/move.h:77:5:constexpr _Tp&& std::forward(typename remove_reference<_Tp>::type&) [with _Tp = void (*&)(MotherboardContext&)]	16	static
/home/tndrd/st/stm32cubeide_1.15.1/plugins/com.st.stm32cube.ide.mcu.externaltools.gnu-tools-for-stm32.12.3.rel1.linux64_1.0.100.202403111256/tools/arm-none-eabi/include/c++/12.3.1/bits/alloc_traits.h:511:2:) [with _Up = StrobeObserver; _Args = {unsigned char&, void (*&)(MotherboardContext&)}; _Tp = StrobeObserver]	32	static
/home/tndrd/st/stm32cubeide_1.15.1/plugins/com.st.stm32cube.ide.mcu.externaltools.gnu-tools-for-stm32.12.3.rel1.linux64_1.0.100.202403111256/tools/arm-none-eabi/include/c++/12.3.1/bits/stl_vector.h:478:7:static constexpr bool std::vector<_Tp, _Alloc>::_S_use_relocate() [with _Tp = StrobeObserver; _Alloc = std::allocator<StrobeObserver>]	16	static
/home/tndrd/st/stm32cubeide_1.15.1/plugins/com.st.stm32cube.ide.mcu.externaltools.gnu-tools-for-stm32.12.3.rel1.linux64_1.0.100.202403111256/tools/arm-none-eabi/include/c++/12.3.1/bits/stl_vector.h:465:7:static constexpr bool std::vector<_Tp, _Alloc>::_S_nothrow_relocate(std::true_type) [with _Tp = StrobeObserver; _Alloc = std::allocator<StrobeObserver>]	16	static
/home/tndrd/st/stm32cubeide_1.15.1/plugins/com.st.stm32cube.ide.mcu.externaltools.gnu-tools-for-stm32.12.3.rel1.linux64_1.0.100.202403111256/tools/arm-none-eabi/include/c++/12.3.1/bits/vector.tcc:439:7:) [with _Args = {unsigned char&, void (*&)(MotherboardContext&)}; _Tp = StrobeObserver; _Alloc = std::allocator<StrobeObserver>]	72	static
/home/tndrd/st/stm32cubeide_1.15.1/plugins/com.st.stm32cube.ide.mcu.externaltools.gnu-tools-for-stm32.12.3.rel1.linux64_1.0.100.202403111256/tools/arm-none-eabi/include/c++/12.3.1/bits/stl_iterator.h:1072:7:__gnu_cxx::__normal_iterator<_Iterator, _Container>::__normal_iterator(const _Iterator&) [with _Iterator = StrobeObserver*; _Container = std::vector<StrobeObserver>]	16	static
/home/tndrd/st/stm32cubeide_1.15.1/plugins/com.st.stm32cube.ide.mcu.externaltools.gnu-tools-for-stm32.12.3.rel1.linux64_1.0.100.202403111256/tools/arm-none-eabi/include/c++/12.3.1/bits/stl_iterator.h:1158:7:const _Iterator& __gnu_cxx::__normal_iterator<_Iterator, _Container>::base() const [with _Iterator = StrobeObserver*; _Container = std::vector<StrobeObserver>]	16	static
/home/tndrd/STM32CubeIDE/workspace_1.15.1/roki-mb-firmware/roki-mb-firmware/Inc/FixedQueue.hpp:32:7:void FixedQueue<T, Capacity>::Clear() [with T = FrameQueues::BodyResponce; unsigned int Capacity = 300]	16	static
/home/tndrd/STM32CubeIDE/workspace_1.15.1/roki-mb-firmware/roki-mb-firmware/Inc/FixedQueue.hpp:32:7:void FixedQueue<T, Capacity>::Clear() [with T = MbInterface::Messages::IMUFrameMsg; unsigned int Capacity = 300]	16	static
/home/tndrd/st/stm32cubeide_1.15.1/plugins/com.st.stm32cube.ide.mcu.externaltools.gnu-tools-for-stm32.12.3.rel1.linux64_1.0.100.202403111256/tools/arm-none-eabi/include/c++/12.3.1/bits/allocator.h:156:7:std::allocator< <template-parameter-1-1> >::allocator() [with _Tp = StrobeObserver]	16	static
/home/tndrd/st/stm32cubeide_1.15.1/plugins/com.st.stm32cube.ide.mcu.externaltools.gnu-tools-for-stm32.12.3.rel1.linux64_1.0.100.202403111256/tools/arm-none-eabi/include/c++/12.3.1/bits/stl_vector.h:99:2:std::_Vector_base<_Tp, _Alloc>::_Vector_impl_data::_Vector_impl_data() [with _Tp = StrobeObserver; _Alloc = std::allocator<StrobeObserver>]	16	static
/home/tndrd/st/stm32cubeide_1.15.1/plugins/com.st.stm32cube.ide.mcu.externaltools.gnu-tools-for-stm32.12.3.rel1.linux64_1.0.100.202403111256/tools/arm-none-eabi/include/c++/12.3.1/bits/stl_vector.h:383:7:void std::_Vector_base<_Tp, _Alloc>::_M_deallocate(pointer, std::size_t) [with _Tp = StrobeObserver; _Alloc = std::allocator<StrobeObserver>]	24	static
/home/tndrd/st/stm32cubeide_1.15.1/plugins/com.st.stm32cube.ide.mcu.externaltools.gnu-tools-for-stm32.12.3.rel1.linux64_1.0.100.202403111256/tools/arm-none-eabi/include/c++/12.3.1/bits/stl_vector.h:298:7:std::_Vector_base<_Tp, _Alloc>::_Tp_alloc_type& std::_Vector_base<_Tp, _Alloc>::_M_get_Tp_allocator() [with _Tp = StrobeObserver; _Alloc = std::allocator<StrobeObserver>]	16	static
/home/tndrd/st/stm32cubeide_1.15.1/plugins/com.st.stm32cube.ide.mcu.externaltools.gnu-tools-for-stm32.12.3.rel1.linux64_1.0.100.202403111256/tools/arm-none-eabi/include/c++/12.3.1/bits/alloc_traits.h:847:5:void std::_Destroy(_ForwardIterator, _ForwardIterator, allocator<_T2>&) [with _ForwardIterator = StrobeObserver*; _Tp = StrobeObserver]	24	static
/home/tndrd/STM32CubeIDE/workspace_1.15.1/roki-mb-firmware/roki-mb-firmware/Inc/FixedQueue.hpp:45:7:bool FixedQueue<T, Capacity>::Empty() const [with T = MbInterface::Messages::IMUFrameMsg; unsigned int Capacity = 300]	16	static
/home/tndrd/STM32CubeIDE/workspace_1.15.1/roki-mb-firmware/roki-mb-firmware/Inc/FixedQueue.hpp:53:9:size_t FixedQueue<T, Capacity>::GetSize() const [with T = MbInterface::Messages::IMUFrameMsg; unsigned int Capacity = 300]	16	static
/home/tndrd/STM32CubeIDE/workspace_1.15.1/roki-mb-firmware/roki-mb-firmware/Inc/FixedQueue.hpp:61:11:const T& FixedQueue<T, Capacity>::Peek(size_t) const [with T = MbInterface::Messages::IMUFrameMsg; unsigned int Capacity = 300]	16	static
/home/tndrd/STM32CubeIDE/workspace_1.15.1/roki-mb-firmware/roki-mb-firmware/Inc/FixedQueue.hpp:45:7:bool FixedQueue<T, Capacity>::Empty() const [with T = FrameQueues::BodyResponce; unsigned int Capacity = 300]	16	static
/home/tndrd/STM32CubeIDE/workspace_1.15.1/roki-mb-firmware/roki-mb-firmware/Inc/FixedQueue.hpp:53:9:size_t FixedQueue<T, Capacity>::GetSize() const [with T = FrameQueues::BodyResponce; unsigned int Capacity = 300]	16	static
/home/tndrd/STM32CubeIDE/workspace_1.15.1/roki-mb-firmware/roki-mb-firmware/Inc/FixedQueue.hpp:61:11:const T& FixedQueue<T, Capacity>::Peek(size_t) const [with T = FrameQueues::BodyResponce; unsigned int Capacity = 300]	16	static
/home/tndrd/STM32CubeIDE/workspace_1.15.1/roki-mb-firmware/roki-mb-firmware/Inc/FixedQueue.hpp:49:7:bool FixedQueue<T, Capacity>::Full() const [with T = FrameQueues::BodyResponce; unsigned int Capacity = 300]	16	static
/home/tndrd/STM32CubeIDE/workspace_1.15.1/roki-mb-firmware/roki-mb-firmware/Inc/FixedQueue.hpp:26:7:void FixedQueue<T, Capacity>::Pop() [with T = FrameQueues::BodyResponce; unsigned int Capacity = 300]	16	static
/home/tndrd/STM32CubeIDE/workspace_1.15.1/roki-mb-firmware/roki-mb-firmware/Inc/FixedQueue.hpp:17:7:void FixedQueue<T, Capacity>::Push(const T&) [with T = FrameQueues::BodyResponce; unsigned int Capacity = 300]	16	static
/home/tndrd/STM32CubeIDE/workspace_1.15.1/roki-mb-firmware/roki-mb-firmware/Inc/FixedQueue.hpp:49:7:bool FixedQueue<T, Capacity>::Full() const [with T = MbInterface::Messages::IMUFrameMsg; unsigned int Capacity = 300]	16	static
/home/tndrd/STM32CubeIDE/workspace_1.15.1/roki-mb-firmware/roki-mb-firmware/Inc/FixedQueue.hpp:26:7:void FixedQueue<T, Capacity>::Pop() [with T = MbInterface::Messages::IMUFrameMsg; unsigned int Capacity = 300]	16	static
/home/tndrd/STM32CubeIDE/workspace_1.15.1/roki-mb-firmware/roki-mb-firmware/Inc/FixedQueue.hpp:17:7:void FixedQueue<T, Capacity>::Push(const T&) [with T = MbInterface::Messages::IMUFrameMsg; unsigned int Capacity = 300]	24	static
/home/tndrd/st/stm32cubeide_1.15.1/plugins/com.st.stm32cube.ide.mcu.externaltools.gnu-tools-for-stm32.12.3.rel1.linux64_1.0.100.202403111256/tools/arm-none-eabi/include/c++/12.3.1/array:60:7:static constexpr _Tp& std::__array_traits<_Tp, _Nm>::_S_ref(const _Tp (&)[_Nm], std::size_t) [with _Tp = HeadIO::Request; unsigned int _Nm = 16]	16	static
/home/tndrd/st/stm32cubeide_1.15.1/plugins/com.st.stm32cube.ide.mcu.externaltools.gnu-tools-for-stm32.12.3.rel1.linux64_1.0.100.202403111256/tools/arm-none-eabi/include/c++/12.3.1/array:60:7:static constexpr _Tp& std::__array_traits<_Tp, _Nm>::_S_ref(const _Tp (&)[_Nm], std::size_t) [with _Tp = HeadIO::Responce; unsigned int _Nm = 16]	16	static
/home/tndrd/st/stm32cubeide_1.15.1/plugins/com.st.stm32cube.ide.mcu.externaltools.gnu-tools-for-stm32.12.3.rel1.linux64_1.0.100.202403111256/tools/arm-none-eabi/include/c++/12.3.1/array:60:7:static constexpr _Tp& std::__array_traits<_Tp, _Nm>::_S_ref(const _Tp (&)[_Nm], std::size_t) [with _Tp = BodyQueue::Request; unsigned int _Nm = 500]	16	static
/home/tndrd/st/stm32cubeide_1.15.1/plugins/com.st.stm32cube.ide.mcu.externaltools.gnu-tools-for-stm32.12.3.rel1.linux64_1.0.100.202403111256/tools/arm-none-eabi/include/c++/12.3.1/bits/alloc_traits.h:511:2:) [with _Up = unsigned int; _Args = {const unsigned int&}; _Tp = unsigned int]	24	static
/home/tndrd/st/stm32cubeide_1.15.1/plugins/com.st.stm32cube.ide.mcu.externaltools.gnu-tools-for-stm32.12.3.rel1.linux64_1.0.100.202403111256/tools/arm-none-eabi/include/c++/12.3.1/bits/deque.tcc:484:7:) [with _Args = {const unsigned int&}; _Tp = unsigned int; _Alloc = std::allocator<unsigned int>]	24	static
/home/tndrd/st/stm32cubeide_1.15.1/plugins/com.st.stm32cube.ide.mcu.externaltools.gnu-tools-for-stm32.12.3.rel1.linux64_1.0.100.202403111256/tools/arm-none-eabi/include/c++/12.3.1/bits/stl_deque.h:545:2:std::_Deque_base<_Tp, _Alloc>::_Deque_impl::_Deque_impl() [with _Tp = unsigned int; _Alloc = std::allocator<unsigned int>]	16	static
/home/tndrd/st/stm32cubeide_1.15.1/plugins/com.st.stm32cube.ide.mcu.externaltools.gnu-tools-for-stm32.12.3.rel1.linux64_1.0.100.202403111256/tools/arm-none-eabi/include/c++/12.3.1/bits/allocator.h:174:7:std::allocator< <template-parameter-1-1> >::~allocator() [with _Tp = unsigned int]	16	static
/home/tndrd/st/stm32cubeide_1.15.1/plugins/com.st.stm32cube.ide.mcu.externaltools.gnu-tools-for-stm32.12.3.rel1.linux64_1.0.100.202403111256/tools/arm-none-eabi/include/c++/12.3.1/bits/stl_deque.h:638:5:void std::_Deque_base<_Tp, _Alloc>::_M_initialize_map(std::size_t) [with _Tp = unsigned int; _Alloc = std::allocator<unsigned int>]	48	static
/home/tndrd/st/stm32cubeide_1.15.1/plugins/com.st.stm32cube.ide.mcu.externaltools.gnu-tools-for-stm32.12.3.rel1.linux64_1.0.100.202403111256/tools/arm-none-eabi/include/c++/12.3.1/bits/stl_deque.h:695:5:void std::_Deque_base<_Tp, _Alloc>::_M_destroy_nodes(_Map_pointer, _Map_pointer) [with _Tp = unsigned int; _Alloc = std::allocator<unsigned int>]	32	static
/home/tndrd/st/stm32cubeide_1.15.1/plugins/com.st.stm32cube.ide.mcu.externaltools.gnu-tools-for-stm32.12.3.rel1.linux64_1.0.100.202403111256/tools/arm-none-eabi/include/c++/12.3.1/bits/stl_deque.h:601:7:void std::_Deque_base<_Tp, _Alloc>::_M_deallocate_map(_Map_pointer, std::size_t) [with _Tp = unsigned int; _Alloc = std::allocator<unsigned int>]	32	static
/home/tndrd/st/stm32cubeide_1.15.1/plugins/com.st.stm32cube.ide.mcu.externaltools.gnu-tools-for-stm32.12.3.rel1.linux64_1.0.100.202403111256/tools/arm-none-eabi/include/c++/12.3.1/bits/stl_deque.h:272:7:bool std::operator==(const _Deque_iterator<unsigned int, unsigned int&, unsigned int*>::_Self&, const _Deque_iterator<unsigned int, unsigned int&, unsigned int*>::_Self&)	16	static
/home/tndrd/st/stm32cubeide_1.15.1/plugins/com.st.stm32cube.ide.mcu.externaltools.gnu-tools-for-stm32.12.3.rel1.linux64_1.0.100.202403111256/tools/arm-none-eabi/include/c++/12.3.1/bits/stl_deque.h:181:7:std::_Deque_iterator<_Tp, _Ref, _Ptr>::reference std::_Deque_iterator<_Tp, _Ref, _Ptr>::operator*() const [with _Tp = unsigned int; _Ref = unsigned int&; _Ptr = unsigned int*]	16	static
/home/tndrd/st/stm32cubeide_1.15.1/plugins/com.st.stm32cube.ide.mcu.externaltools.gnu-tools-for-stm32.12.3.rel1.linux64_1.0.100.202403111256/tools/arm-none-eabi/include/c++/12.3.1/bits/alloc_traits.h:531:2:static void std::allocator_traits<std::allocator<_Tp1> >::destroy(allocator_type&, _Up*) [with _Up = unsigned int; _Tp = unsigned int]	16	static
/home/tndrd/st/stm32cubeide_1.15.1/plugins/com.st.stm32cube.ide.mcu.externaltools.gnu-tools-for-stm32.12.3.rel1.linux64_1.0.100.202403111256/tools/arm-none-eabi/include/c++/12.3.1/bits/deque.tcc:576:10:void std::deque<_Tp, _Alloc>::_M_pop_front_aux() [with _Tp = unsigned int; _Alloc = std::allocator<unsigned int>]	16	static
/home/tndrd/st/stm32cubeide_1.15.1/plugins/com.st.stm32cube.ide.mcu.externaltools.gnu-tools-for-stm32.12.3.rel1.linux64_1.0.100.202403111256/tools/arm-none-eabi/include/c++/12.3.1/bits/deque.tcc:164:7:) [with _Args = {unsigned int}; _Tp = unsigned int; _Alloc = std::allocator<unsigned int>]	24	static
/home/tndrd/st/stm32cubeide_1.15.1/plugins/com.st.stm32cube.ide.mcu.externaltools.gnu-tools-for-stm32.12.3.rel1.linux64_1.0.100.202403111256/tools/arm-none-eabi/include/c++/12.3.1/bits/stl_vector.h:987:7:std::vector<_Tp, _Alloc>::size_type std::vector<_Tp, _Alloc>::size() const [with _Tp = StrobeObserver; _Alloc = std::allocator<StrobeObserver>]	16	static
/home/tndrd/st/stm32cubeide_1.15.1/plugins/com.st.stm32cube.ide.mcu.externaltools.gnu-tools-for-stm32.12.3.rel1.linux64_1.0.100.202403111256/tools/arm-none-eabi/include/c++/12.3.1/bits/new_allocator.h:173:2:) [with _Up = StrobeObserver; _Args = {unsigned char&, void (*&)(MotherboardContext&)}; _Tp = StrobeObserver]	32	static
/home/tndrd/st/stm32cubeide_1.15.1/plugins/com.st.stm32cube.ide.mcu.externaltools.gnu-tools-for-stm32.12.3.rel1.linux64_1.0.100.202403111256/tools/arm-none-eabi/include/c++/12.3.1/bits/stl_vector.h:1891:7:std::vector<_Tp, _Alloc>::size_type std::vector<_Tp, _Alloc>::_M_check_len(size_type, const char*) const [with _Tp = StrobeObserver; _Alloc = std::allocator<StrobeObserver>]	40	static
/home/tndrd/st/stm32cubeide_1.15.1/plugins/com.st.stm32cube.ide.mcu.externaltools.gnu-tools-for-stm32.12.3.rel1.linux64_1.0.100.202403111256/tools/arm-none-eabi/include/c++/12.3.1/bits/stl_iterator.h:1330:5:typename __gnu_cxx::__normal_iterator<_Iterator, _Container>::difference_type __gnu_cxx::operator-(const __normal_iterator<_Iterator, _Container>&, const __normal_iterator<_Iterator, _Container>&) [with _Iterator = StrobeObserver*; _Container = std::vector<StrobeObserver>]	24	static
/home/tndrd/st/stm32cubeide_1.15.1/plugins/com.st.stm32cube.ide.mcu.externaltools.gnu-tools-for-stm32.12.3.rel1.linux64_1.0.100.202403111256/tools/arm-none-eabi/include/c++/12.3.1/bits/stl_vector.h:375:7:std::_Vector_base<_Tp, _Alloc>::pointer std::_Vector_base<_Tp, _Alloc>::_M_allocate(std::size_t) [with _Tp = StrobeObserver; _Alloc = std::allocator<StrobeObserver>]	16	static
/home/tndrd/st/stm32cubeide_1.15.1/plugins/com.st.stm32cube.ide.mcu.externaltools.gnu-tools-for-stm32.12.3.rel1.linux64_1.0.100.202403111256/tools/arm-none-eabi/include/c++/12.3.1/bits/stl_vector.h:499:7:static std::vector<_Tp, _Alloc>::pointer std::vector<_Tp, _Alloc>::_S_relocate(pointer, pointer, pointer, _Tp_alloc_type&) [with _Tp = StrobeObserver; _Alloc = std::allocator<StrobeObserver>]	40	static
/home/tndrd/st/stm32cubeide_1.15.1/plugins/com.st.stm32cube.ide.mcu.externaltools.gnu-tools-for-stm32.12.3.rel1.linux64_1.0.100.202403111256/tools/arm-none-eabi/include/c++/12.3.1/bits/stl_uninitialized.h:391:5:_ForwardIterator std::__uninitialized_move_if_noexcept_a(_InputIterator, _InputIterator, _ForwardIterator, _Allocator&) [with _InputIterator = StrobeObserver*; _ForwardIterator = StrobeObserver*; _Allocator = allocator<StrobeObserver>]	32	static
/home/tndrd/st/stm32cubeide_1.15.1/plugins/com.st.stm32cube.ide.mcu.externaltools.gnu-tools-for-stm32.12.3.rel1.linux64_1.0.100.202403111256/tools/arm-none-eabi/include/c++/12.3.1/bits/new_allocator.h:80:7:std::__new_allocator<_Tp>::__new_allocator() [with _Tp = StrobeObserver]	16	static
/home/tndrd/st/stm32cubeide_1.15.1/plugins/com.st.stm32cube.ide.mcu.externaltools.gnu-tools-for-stm32.12.3.rel1.linux64_1.0.100.202403111256/tools/arm-none-eabi/include/c++/12.3.1/bits/alloc_traits.h:495:7:static void std::allocator_traits<std::allocator<_Tp1> >::deallocate(allocator_type&, pointer, size_type) [with _Tp = StrobeObserver]	24	static
/home/tndrd/st/stm32cubeide_1.15.1/plugins/com.st.stm32cube.ide.mcu.externaltools.gnu-tools-for-stm32.12.3.rel1.linux64_1.0.100.202403111256/tools/arm-none-eabi/include/c++/12.3.1/bits/stl_construct.h:182:5:void std::_Destroy(_ForwardIterator, _ForwardIterator) [with _ForwardIterator = StrobeObserver*]	16	static
/home/tndrd/STM32CubeIDE/workspace_1.15.1/roki-mb-firmware/roki-mb-firmware/Inc/FixedQueue.hpp:57:7:bool FixedQueue<T, Capacity>::HasElt(size_t) const [with T = MbInterface::Messages::IMUFrameMsg; unsigned int Capacity = 300]	16	static
/home/tndrd/st/stm32cubeide_1.15.1/plugins/com.st.stm32cube.ide.mcu.externaltools.gnu-tools-for-stm32.12.3.rel1.linux64_1.0.100.202403111256/tools/arm-none-eabi/include/c++/12.3.1/array:214:7:constexpr const std::array<_Tp, _Nm>::value_type& std::array<_Tp, _Nm>::operator[](size_type) const [with _Tp = MbInterface::Messages::IMUFrameMsg; unsigned int _Nm = 300]	16	static
/home/tndrd/STM32CubeIDE/workspace_1.15.1/roki-mb-firmware/roki-mb-firmware/Inc/FixedQueue.hpp:57:7:bool FixedQueue<T, Capacity>::HasElt(size_t) const [with T = FrameQueues::BodyResponce; unsigned int Capacity = 300]	16	static
/home/tndrd/st/stm32cubeide_1.15.1/plugins/com.st.stm32cube.ide.mcu.externaltools.gnu-tools-for-stm32.12.3.rel1.linux64_1.0.100.202403111256/tools/arm-none-eabi/include/c++/12.3.1/array:214:7:constexpr const std::array<_Tp, _Nm>::value_type& std::array<_Tp, _Nm>::operator[](size_type) const [with _Tp = FrameQueues::BodyResponce; unsigned int _Nm = 300]	16	static
/home/tndrd/st/stm32cubeide_1.15.1/plugins/com.st.stm32cube.ide.mcu.externaltools.gnu-tools-for-stm32.12.3.rel1.linux64_1.0.100.202403111256/tools/arm-none-eabi/include/c++/12.3.1/array:206:7:std::array<_Tp, _Nm>::value_type& std::array<_Tp, _Nm>::operator[](size_type) [with _Tp = FrameQueues::BodyResponce; unsigned int _Nm = 300]	16	static
/home/tndrd/st/stm32cubeide_1.15.1/plugins/com.st.stm32cube.ide.mcu.externaltools.gnu-tools-for-stm32.12.3.rel1.linux64_1.0.100.202403111256/tools/arm-none-eabi/include/c++/12.3.1/array:206:7:std::array<_Tp, _Nm>::value_type& std::array<_Tp, _Nm>::operator[](size_type) [with _Tp = MbInterface::Messages::IMUFrameMsg; unsigned int _Nm = 300]	16	static
/home/tndrd/st/stm32cubeide_1.15.1/plugins/com.st.stm32cube.ide.mcu.externaltools.gnu-tools-for-stm32.12.3.rel1.linux64_1.0.100.202403111256/tools/arm-none-eabi/include/c++/12.3.1/bits/move.h:77:5:constexpr _Tp&& std::forward(typename remove_reference<_Tp>::type&) [with _Tp = const unsigned int&]	16	static
/home/tndrd/st/stm32cubeide_1.15.1/plugins/com.st.stm32cube.ide.mcu.externaltools.gnu-tools-for-stm32.12.3.rel1.linux64_1.0.100.202403111256/tools/arm-none-eabi/include/c++/12.3.1/bits/new_allocator.h:173:2:) [with _Up = unsigned int; _Args = {const unsigned int&}; _Tp = unsigned int]	32	static
/home/tndrd/st/stm32cubeide_1.15.1/plugins/com.st.stm32cube.ide.mcu.externaltools.gnu-tools-for-stm32.12.3.rel1.linux64_1.0.100.202403111256/tools/arm-none-eabi/include/c++/12.3.1/bits/stl_deque.h:1268:7:std::deque<_Tp, _Alloc>::size_type std::deque<_Tp, _Alloc>::size() const [with _Tp = unsigned int; _Alloc = std::allocator<unsigned int>]	16	static
/home/tndrd/st/stm32cubeide_1.15.1/plugins/com.st.stm32cube.ide.mcu.externaltools.gnu-tools-for-stm32.12.3.rel1.linux64_1.0.100.202403111256/tools/arm-none-eabi/include/c++/12.3.1/bits/stl_deque.h:1274:7:std::deque<_Tp, _Alloc>::size_type std::deque<_Tp, _Alloc>::max_size() const [with _Tp = unsigned int; _Alloc = std::allocator<unsigned int>]	16	static
/home/tndrd/st/stm32cubeide_1.15.1/plugins/com.st.stm32cube.ide.mcu.externaltools.gnu-tools-for-stm32.12.3.rel1.linux64_1.0.100.202403111256/tools/arm-none-eabi/include/c++/12.3.1/bits/stl_deque.h:2168:7:void std::deque<_Tp, _Alloc>::_M_reserve_map_at_back(size_type) [with _Tp = unsigned int; _Alloc = std::allocator<unsigned int>]	16	static
/home/tndrd/st/stm32cubeide_1.15.1/plugins/com.st.stm32cube.ide.mcu.externaltools.gnu-tools-for-stm32.12.3.rel1.linux64_1.0.100.202403111256/tools/arm-none-eabi/include/c++/12.3.1/bits/stl_deque.h:580:7:std::_Deque_base<_Tp, _Alloc>::_Ptr std::_Deque_base<_Tp, _Alloc>::_M_allocate_node() [with _Tp = unsigned int; _Alloc = std::allocator<unsigned int>]	24	static
/home/tndrd/st/stm32cubeide_1.15.1/plugins/com.st.stm32cube.ide.mcu.externaltools.gnu-tools-for-stm32.12.3.rel1.linux64_1.0.100.202403111256/tools/arm-none-eabi/include/c++/12.3.1/bits/stl_deque.h:263:7:void std::_Deque_iterator<_Tp, _Ref, _Ptr>::_M_set_node(_Map_pointer) [with _Tp = unsigned int; _Ref = unsigned int&; _Ptr = unsigned int*]	24	static
/home/tndrd/st/stm32cubeide_1.15.1/plugins/com.st.stm32cube.ide.mcu.externaltools.gnu-tools-for-stm32.12.3.rel1.linux64_1.0.100.202403111256/tools/arm-none-eabi/include/c++/12.3.1/bits/stl_deque.h:587:7:void std::_Deque_base<_Tp, _Alloc>::_M_deallocate_node(_Ptr) [with _Tp = unsigned int; _Alloc = std::allocator<unsigned int>]	24	static
/home/tndrd/st/stm32cubeide_1.15.1/plugins/com.st.stm32cube.ide.mcu.externaltools.gnu-tools-for-stm32.12.3.rel1.linux64_1.0.100.202403111256/tools/arm-none-eabi/include/c++/12.3.1/bits/allocator.h:156:7:std::allocator< <template-parameter-1-1> >::allocator() [with _Tp = unsigned int]	16	static
/home/tndrd/st/stm32cubeide_1.15.1/plugins/com.st.stm32cube.ide.mcu.externaltools.gnu-tools-for-stm32.12.3.rel1.linux64_1.0.100.202403111256/tools/arm-none-eabi/include/c++/12.3.1/bits/stl_deque.h:516:2:std::_Deque_base<_Tp, _Alloc>::_Deque_impl_data::_Deque_impl_data() [with _Tp = unsigned int; _Alloc = std::allocator<unsigned int>]	16	static
/home/tndrd/st/stm32cubeide_1.15.1/plugins/com.st.stm32cube.ide.mcu.externaltools.gnu-tools-for-stm32.12.3.rel1.linux64_1.0.100.202403111256/tools/arm-none-eabi/include/c++/12.3.1/bits/new_allocator.h:90:7:std::__new_allocator<_Tp>::~__new_allocator() [with _Tp = unsigned int]	16	static
/home/tndrd/st/stm32cubeide_1.15.1/plugins/com.st.stm32cube.ide.mcu.externaltools.gnu-tools-for-stm32.12.3.rel1.linux64_1.0.100.202403111256/tools/arm-none-eabi/include/c++/12.3.1/bits/stl_algobase.h:254:5:constexpr const _Tp& std::max(const _Tp&, const _Tp&) [with _Tp = unsigned int]	16	static
/home/tndrd/st/stm32cubeide_1.15.1/plugins/com.st.stm32cube.ide.mcu.externaltools.gnu-tools-for-stm32.12.3.rel1.linux64_1.0.100.202403111256/tools/arm-none-eabi/include/c++/12.3.1/bits/stl_deque.h:594:7:std::_Deque_base<_Tp, _Alloc>::_Map_pointer std::_Deque_base<_Tp, _Alloc>::_M_allocate_map(std::size_t) [with _Tp = unsigned int; _Alloc = std::allocator<unsigned int>]	32	static
/home/tndrd/st/stm32cubeide_1.15.1/plugins/com.st.stm32cube.ide.mcu.externaltools.gnu-tools-for-stm32.12.3.rel1.linux64_1.0.100.202403111256/tools/arm-none-eabi/include/c++/12.3.1/bits/stl_deque.h:677:5:void std::_Deque_base<_Tp, _Alloc>::_M_create_nodes(_Map_pointer, _Map_pointer) [with _Tp = unsigned int; _Alloc = std::allocator<unsigned int>]	32	static
/home/tndrd/st/stm32cubeide_1.15.1/plugins/com.st.stm32cube.ide.mcu.externaltools.gnu-tools-for-stm32.12.3.rel1.linux64_1.0.100.202403111256/tools/arm-none-eabi/include/c++/12.3.1/bits/stl_deque.h:576:7:std::_Deque_base<_Tp, _Alloc>::_Map_alloc_type std::_Deque_base<_Tp, _Alloc>::_M_get_map_allocator() const [with _Tp = unsigned int; _Alloc = std::allocator<unsigned int>]	16	static
/home/tndrd/st/stm32cubeide_1.15.1/plugins/com.st.stm32cube.ide.mcu.externaltools.gnu-tools-for-stm32.12.3.rel1.linux64_1.0.100.202403111256/tools/arm-none-eabi/include/c++/12.3.1/bits/allocator.h:174:7:std::allocator< <template-parameter-1-1> >::~allocator() [with _Tp = unsigned int*]	16	static
/home/tndrd/st/stm32cubeide_1.15.1/plugins/com.st.stm32cube.ide.mcu.externaltools.gnu-tools-for-stm32.12.3.rel1.linux64_1.0.100.202403111256/tools/arm-none-eabi/include/c++/12.3.1/bits/alloc_traits.h:495:7:static void std::allocator_traits<std::allocator<_Tp1> >::deallocate(allocator_type&, pointer, size_type) [with _Tp = unsigned int*]	24	static
/home/tndrd/st/stm32cubeide_1.15.1/plugins/com.st.stm32cube.ide.mcu.externaltools.gnu-tools-for-stm32.12.3.rel1.linux64_1.0.100.202403111256/tools/arm-none-eabi/include/c++/12.3.1/bits/new_allocator.h:179:2:void std::__new_allocator<_Tp>::destroy(_Up*) [with _Up = unsigned int; _Tp = unsigned int]	16	static
/home/tndrd/st/stm32cubeide_1.15.1/plugins/com.st.stm32cube.ide.mcu.externaltools.gnu-tools-for-stm32.12.3.rel1.linux64_1.0.100.202403111256/tools/arm-none-eabi/include/c++/12.3.1/bits/move.h:77:5:constexpr _Tp&& std::forward(typename remove_reference<_Tp>::type&) [with _Tp = unsigned int]	16	static
/home/tndrd/st/stm32cubeide_1.15.1/plugins/com.st.stm32cube.ide.mcu.externaltools.gnu-tools-for-stm32.12.3.rel1.linux64_1.0.100.202403111256/tools/arm-none-eabi/include/c++/12.3.1/bits/alloc_traits.h:511:2:) [with _Up = unsigned int; _Args = {unsigned int}; _Tp = unsigned int]	24	static
/home/tndrd/st/stm32cubeide_1.15.1/plugins/com.st.stm32cube.ide.mcu.externaltools.gnu-tools-for-stm32.12.3.rel1.linux64_1.0.100.202403111256/tools/arm-none-eabi/include/c++/12.3.1/bits/deque.tcc:484:7:) [with _Args = {unsigned int}; _Tp = unsigned int; _Alloc = std::allocator<unsigned int>]	24	static
/home/tndrd/st/stm32cubeide_1.15.1/plugins/com.st.stm32cube.ide.mcu.externaltools.gnu-tools-for-stm32.12.3.rel1.linux64_1.0.100.202403111256/tools/arm-none-eabi/include/c++/12.3.1/bits/stl_vector.h:993:7:std::vector<_Tp, _Alloc>::size_type std::vector<_Tp, _Alloc>::max_size() const [with _Tp = StrobeObserver; _Alloc = std::allocator<StrobeObserver>]	16	static
/home/tndrd/st/stm32cubeide_1.15.1/plugins/com.st.stm32cube.ide.mcu.externaltools.gnu-tools-for-stm32.12.3.rel1.linux64_1.0.100.202403111256/tools/arm-none-eabi/include/c++/12.3.1/bits/alloc_traits.h:463:7:static _Tp* std::allocator_traits<std::allocator<_Tp1> >::allocate(allocator_type&, size_type) [with _Tp = StrobeObserver]	16	static
/home/tndrd/st/stm32cubeide_1.15.1/plugins/com.st.stm32cube.ide.mcu.externaltools.gnu-tools-for-stm32.12.3.rel1.linux64_1.0.100.202403111256/tools/arm-none-eabi/include/c++/12.3.1/bits/stl_vector.h:494:7:static std::vector<_Tp, _Alloc>::pointer std::vector<_Tp, _Alloc>::_S_do_relocate(pointer, pointer, pointer, _Tp_alloc_type&, std::false_type) [with _Tp = StrobeObserver; _Alloc = std::allocator<StrobeObserver>]	24	static
/home/tndrd/st/stm32cubeide_1.15.1/plugins/com.st.stm32cube.ide.mcu.externaltools.gnu-tools-for-stm32.12.3.rel1.linux64_1.0.100.202403111256/tools/arm-none-eabi/include/c++/12.3.1/bits/stl_iterator.h:1828:5:_ReturnType std::__make_move_if_noexcept_iterator(_Tp*) [with _Tp = StrobeObserver; _ReturnType = const StrobeObserver*]	16	static
/home/tndrd/st/stm32cubeide_1.15.1/plugins/com.st.stm32cube.ide.mcu.externaltools.gnu-tools-for-stm32.12.3.rel1.linux64_1.0.100.202403111256/tools/arm-none-eabi/include/c++/12.3.1/bits/stl_uninitialized.h:365:5:_ForwardIterator std::__uninitialized_copy_a(_InputIterator, _InputIterator, _ForwardIterator, allocator<_Tp>&) [with _InputIterator = const StrobeObserver*; _ForwardIterator = StrobeObserver*; _Tp = StrobeObserver]	24	static
/home/tndrd/STM32CubeIDE/workspace_1.15.1/roki-mb-firmware/roki-mb-firmware/Inc/StrobeObservers.hpp:9:8:StrobeObserver::~StrobeObserver()	16	static
/home/tndrd/st/stm32cubeide_1.15.1/plugins/com.st.stm32cube.ide.mcu.externaltools.gnu-tools-for-stm32.12.3.rel1.linux64_1.0.100.202403111256/tools/arm-none-eabi/include/c++/12.3.1/bits/new_allocator.h:142:7:void std::__new_allocator<_Tp>::deallocate(_Tp*, size_type) [with _Tp = StrobeObserver]	24	static
/home/tndrd/st/stm32cubeide_1.15.1/plugins/com.st.stm32cube.ide.mcu.externaltools.gnu-tools-for-stm32.12.3.rel1.linux64_1.0.100.202403111256/tools/arm-none-eabi/include/c++/12.3.1/bits/stl_construct.h:160:2:static void std::_Destroy_aux<<anonymous> >::__destroy(_ForwardIterator, _ForwardIterator) [with _ForwardIterator = StrobeObserver*; bool <anonymous> = false]	16	static
/home/tndrd/st/stm32cubeide_1.15.1/plugins/com.st.stm32cube.ide.mcu.externaltools.gnu-tools-for-stm32.12.3.rel1.linux64_1.0.100.202403111256/tools/arm-none-eabi/include/c++/12.3.1/array:60:7:static constexpr _Tp& std::__array_traits<_Tp, _Nm>::_S_ref(const _Tp (&)[_Nm], std::size_t) [with _Tp = MbInterface::Messages::IMUFrameMsg; unsigned int _Nm = 300]	16	static
[...]
/home/tndrd/st/stm32cubeide_1.15.1/plugins/com.st.stm32cube.ide.mcu.externaltools.gnu-tools-for-stm32.12.3.rel1.linux64_1.0.100.202403111256/tools/arm-none-eabi/include/c++/12.3.1/bits/new_allocator.h:142:7:void std::__new_allocator<_Tp>::deallocate(_Tp*, size_type) [with _Tp = unsigned int]	24	static
/home/tndrd/st/stm32cubeide_1.15.1/plugins/com.st.stm32cube.ide.mcu.externaltools.gnu-tools-for-stm32.12.3.rel1.linux64_1.0.100.202403111256/tools/arm-none-eabi/include/c++/12.3.1/bits/new_allocator.h:112:7:_Tp* std::__new_allocator<_Tp>::allocate(size_type, const void*) [with _Tp = unsigned int*]	24	static
/home/tndrd/st/stm32cubeide_1.15.1/plugins/com.st.stm32cube.ide.mcu.externaltools.gnu-tools-for-stm32.12.3.rel1.linux64_1.0.100.202403111256/tools/arm-none-eabi/include/c++/12.3.1/bits/new_allocator.h:80:7:std::__new_allocator<_Tp>::__new_allocator() [with _Tp = unsigned int*]	16	static
/home/tndrd/st/stm32cubeide_1.15.1/plugins/com.st.stm32cube.ide.mcu.externaltools.gnu-tools-for-stm32.12.3.rel1.linux64_1.0.100.202403111256/tools/arm-none-eabi/include/c++/12.3.1/bits/alloc_traits.h:547:7:static std::allocator_traits<std::allocator<_Tp1> >::size_type std::allocator_traits<std::allocator<_Tp1> >::max_size(const allocator_type&) [with _Tp = StrobeObserver]	16	static
/home/tndrd/st/stm32cubeide_1.15.1/plugins/com.st.stm32cube.ide.mcu.externaltools.gnu-tools-for-stm32.12.3.rel1.linux64_1.0.100.202403111256/tools/arm-none-eabi/include/c++/12.3.1/bits/new_allocator.h:210:7:constexpr std::__new_allocator<_Tp>::size_type std::__new_allocator<_Tp>::_M_max_size() const [with _Tp = StrobeObserver]	16	static
/home/tndrd/st/stm32cubeide_1.15.1/plugins/com.st.stm32cube.ide.mcu.externaltools.gnu-tools-for-stm32.12.3.rel1.linux64_1.0.100.202403111256/tools/arm-none-eabi/include/c++/12.3.1/bits/stl_uninitialized.h:135:9:static _ForwardIterator std::__uninitialized_copy<_TrivialValueTypes>::__uninit_copy(_InputIterator, _InputIterator, _ForwardIterator) [with _InputIterator = const StrobeObserver*; _ForwardIterator = StrobeObserver*; bool _TrivialValueTypes = false]	24	static
/home/tndrd/st/stm32cubeide_1.15.1/plugins/com.st.stm32cube.ide.mcu.externaltools.gnu-tools-for-stm32.12.3.rel1.linux64_1.0.100.202403111256/tools/arm-none-eabi/include/c++/12.3.1/bits/new_allocator.h:167:7:std::__new_allocator<_Tp>::size_type std::__new_allocator<_Tp>::max_size() const [with _Tp = unsigned int]	16	static
/home/tndrd/st/stm32cubeide_1.15.1/plugins/com.st.stm32cube.ide.mcu.externaltools.gnu-tools-for-stm32.12.3.rel1.linux64_1.0.100.202403111256/tools/arm-none-eabi/include/c++/12.3.1/bits/cpp_type_traits.h:562:5:_Iterator std::__miter_base(_Iterator) [with _Iterator = unsigned int**]	16	static
/home/tndrd/st/stm32cubeide_1.15.1/plugins/com.st.stm32cube.ide.mcu.externaltools.gnu-tools-for-stm32.12.3.rel1.linux64_1.0.100.202403111256/tools/arm-none-eabi/include/c++/12.3.1/bits/stl_algobase.h:527:5:_OI std::__copy_move_a(_II, _II, _OI) [with bool _IsMove = false; _II = unsigned int**; _OI = unsigned int**]	32	static
/home/tndrd/st/stm32cubeide_1.15.1/plugins/com.st.stm32cube.ide.mcu.externaltools.gnu-tools-for-stm32.12.3.rel1.linux64_1.0.100.202403111256/tools/arm-none-eabi/include/c++/12.3.1/bits/stl_algobase.h:796:5:_OI std::__copy_move_backward_a(_II, _II, _OI) [with bool _IsMove = false; _II = unsigned int**; _OI = unsigned int**]	32	static
/home/tndrd/st/stm32cubeide_1.15.1/plugins/com.st.stm32cube.ide.mcu.externaltools.gnu-tools-for-stm32.12.3.rel1.linux64_1.0.100.202403111256/tools/arm-none-eabi/include/c++/12.3.1/bits/new_allocator.h:210:7:constexpr std::__new_allocator<_Tp>::size_type std::__new_allocator<_Tp>::_M_max_size() const [with _Tp = unsigned int]	16	static
/home/tndrd/st/stm32cubeide_1.15.1/plugins/com.st.stm32cube.ide.mcu.externaltools.gnu-tools-for-stm32.12.3.rel1.linux64_1.0.100.202403111256/tools/arm-none-eabi/include/c++/12.3.1/bits/new_allocator.h:210:7:constexpr std::__new_allocator<_Tp>::size_type std::__new_allocator<_Tp>::_M_max_size() const [with _Tp = unsigned int*]	16	static
/home/tndrd/st/stm32cubeide_1.15.1/plugins/com.st.stm32cube.ide.mcu.externaltools.gnu-tools-for-stm32.12.3.rel1.linux64_1.0.100.202403111256/tools/arm-none-eabi/include/c++/12.3.1/bits/new_allocator.h:167:7:std::__new_allocator<_Tp>::size_type std::__new_allocator<_Tp>::max_size() const [with _Tp = StrobeObserver]	16	static
/home/tndrd/st/stm32cubeide_1.15.1/plugins/com.st.stm32cube.ide.mcu.externaltools.gnu-tools-for-stm32.12.3.rel1.linux64_1.0.100.202403111256/tools/arm-none-eabi/include/c++/12.3.1/bits/stl_uninitialized.h:113:5:_ForwardIterator std::__do_uninit_copy(_InputIterator, _InputIterator, _ForwardIterator) [with _InputIterator = const StrobeObserver*; _ForwardIterator = StrobeObserver*]	32	static
/home/tndrd/st/stm32cubeide_1.15.1/plugins/com.st.stm32cube.ide.mcu.externaltools.gnu-tools-for-stm32.12.3.rel1.linux64_1.0.100.202403111256/tools/arm-none-eabi/include/c++/12.3.1/bits/stl_algobase.h:313:5:_Iterator std::__niter_base(_Iterator) [with _Iterator = unsigned int**]	16	static
/home/tndrd/st/stm32cubeide_1.15.1/plugins/com.st.stm32cube.ide.mcu.externaltools.gnu-tools-for-stm32.12.3.rel1.linux64_1.0.100.202403111256/tools/arm-none-eabi/include/c++/12.3.1/bits/stl_algobase.h:521:5:_OI std::__copy_move_a1(_II, _II, _OI) [with bool _IsMove = false; _II = unsigned int**; _OI = unsigned int**]	24	static
/home/tndrd/st/stm32cubeide_1.15.1/plugins/com.st.stm32cube.ide.mcu.externaltools.gnu-tools-for-stm32.12.3.rel1.linux64_1.0.100.202403111256/tools/arm-none-eabi/include/c++/12.3.1/bits/stl_algobase.h:335:5:_Iterator std::__niter_wrap(const _Iterator&, _Iterator) [with _Iterator = unsigned int**]	16	static
/home/tndrd/st/stm32cubeide_1.15.1/plugins/com.st.stm32cube.ide.mcu.externaltools.gnu-tools-for-stm32.12.3.rel1.linux64_1.0.100.202403111256/tools/arm-none-eabi/include/c++/12.3.1/bits/stl_algobase.h:768:5:_BI2 std::__copy_move_backward_a1(_BI1, _BI1, _BI2) [with bool _IsMove = false; _BI1 = unsigned int**; _BI2 = unsigned int**]	24	static
/home/tndrd/st/stm32cubeide_1.15.1/plugins/com.st.stm32cube.ide.mcu.externaltools.gnu-tools-for-stm32.12.3.rel1.linux64_1.0.100.202403111256/tools/arm-none-eabi/include/c++/12.3.1/bits/stl_queue.h:96:11:std::queue<unsigned int>::queue(const std::queue<unsigned int>&)	16	static
/home/tndrd/STM32CubeIDE/workspace_1.15.1/roki-mb-firmware/roki-mb-firmware/Inc/StrobeObservers.hpp:9:8:StrobeObserver::StrobeObserver(const StrobeObserver&)	16	static
/home/tndrd/st/stm32cubeide_1.15.1/plugins/com.st.stm32cube.ide.mcu.externaltools.gnu-tools-for-stm32.12.3.rel1.linux64_1.0.100.202403111256/tools/arm-none-eabi/include/c++/12.3.1/bits/stl_construct.h:109:5:) [with _Tp = StrobeObserver; _Args = {const StrobeObserver&}]	24	static
/home/tndrd/st/stm32cubeide_1.15.1/plugins/com.st.stm32cube.ide.mcu.externaltools.gnu-tools-for-stm32.12.3.rel1.linux64_1.0.100.202403111256/tools/arm-none-eabi/include/c++/12.3.1/bits/stl_algobase.h:486:5:_OI std::__copy_move_a2(_II, _II, _OI) [with bool _IsMove = false; _II = unsigned int**; _OI = unsigned int**]	24	static
/home/tndrd/st/stm32cubeide_1.15.1/plugins/com.st.stm32cube.ide.mcu.externaltools.gnu-tools-for-stm32.12.3.rel1.linux64_1.0.100.202403111256/tools/arm-none-eabi/include/c++/12.3.1/bits/stl_algobase.h:750:5:_BI2 std::__copy_move_backward_a2(_BI1, _BI1, _BI2) [with bool _IsMove = false; _BI1 = unsigned int**; _BI2 = unsigned int**]	24	static
/home/tndrd/st/stm32cubeide_1.15.1/plugins/com.st.stm32cube.ide.mcu.externaltools.gnu-tools-for-stm32.12.3.rel1.linux64_1.0.100.202403111256/tools/arm-none-eabi/include/c++/12.3.1/bits/move.h:77:5:constexpr _Tp&& std::forward(typename remove_reference<_Tp>::type&) [with _Tp = const StrobeObserver&]	16	static
/home/tndrd/st/stm32cubeide_1.15.1/plugins/com.st.stm32cube.ide.mcu.externaltools.gnu-tools-for-stm32.12.3.rel1.linux64_1.0.100.202403111256/tools/arm-none-eabi/include/c++/12.3.1/bits/stl_deque.h:917:7:std::deque<_Tp, _Alloc>::deque(const std::deque<_Tp, _Alloc>&) [with _Tp = unsigned int; _Alloc = std::allocator<unsigned int>]	104	static
/home/tndrd/st/stm32cubeide_1.15.1/plugins/com.st.stm32cube.ide.mcu.externaltools.gnu-tools-for-stm32.12.3.rel1.linux64_1.0.100.202403111256/tools/arm-none-eabi/include/c++/12.3.1/bits/stl_algobase.h:420:2:static _Tp* std::__copy_move<_IsMove, true, std::random_access_iterator_tag>::__copy_m(const _Tp*, const _Tp*, _Tp*) [with _Tp = unsigned int*; bool _IsMove = false]	32	static
/home/tndrd/st/stm32cubeide_1.15.1/plugins/com.st.stm32cube.ide.mcu.externaltools.gnu-tools-for-stm32.12.3.rel1.linux64_1.0.100.202403111256/tools/arm-none-eabi/include/c++/12.3.1/bits/stl_algobase.h:731:2:static _Tp* std::__copy_move_backward<_IsMove, true, std::random_access_iterator_tag>::__copy_move_b(const _Tp*, const _Tp*, _Tp*) [with _Tp = unsigned int*; bool _IsMove = false]	32	static
/home/tndrd/st/stm32cubeide_1.15.1/plugins/com.st.stm32cube.ide.mcu.externaltools.gnu-tools-for-stm32.12.3.rel1.linux64_1.0.100.202403111256/tools/arm-none-eabi/include/c++/12.3.1/ext/alloc_traits.h:97:29:static constexpr _Alloc __gnu_cxx::__alloc_traits<_Alloc, <template-parameter-1-2> >::_S_select_on_copy(const _Alloc&) [with _Alloc = std::allocator<unsigned int>; <template-parameter-1-2> = unsigned int]	16	static
/home/tndrd/st/stm32cubeide_1.15.1/plugins/com.st.stm32cube.ide.mcu.externaltools.gnu-tools-for-stm32.12.3.rel1.linux64_1.0.100.202403111256/tools/arm-none-eabi/include/c++/12.3.1/bits/stl_deque.h:466:7:std::_Deque_base<_Tp, _Alloc>::_Deque_base(const allocator_type&, std::size_t) [with _Tp = unsigned int; _Alloc = std::allocator<unsigned int>]	24	static
/home/tndrd/st/stm32cubeide_1.15.1/plugins/com.st.stm32cube.ide.mcu.externaltools.gnu-tools-for-stm32.12.3.rel1.linux64_1.0.100.202403111256/tools/arm-none-eabi/include/c++/12.3.1/bits/stl_deque.h:1160:7:std::deque<_Tp, _Alloc>::const_iterator std::deque<_Tp, _Alloc>::begin() const [with _Tp = unsigned int; _Alloc = std::allocator<unsigned int>]	16	static
/home/tndrd/st/stm32cubeide_1.15.1/plugins/com.st.stm32cube.ide.mcu.externaltools.gnu-tools-for-stm32.12.3.rel1.linux64_1.0.100.202403111256/tools/arm-none-eabi/include/c++/12.3.1/bits/stl_deque.h:1180:7:std::deque<_Tp, _Alloc>::const_iterator std::deque<_Tp, _Alloc>::end() const [with _Tp = unsigned int; _Alloc = std::allocator<unsigned int>]	16	static
/home/tndrd/st/stm32cubeide_1.15.1/plugins/com.st.stm32cube.ide.mcu.externaltools.gnu-tools-for-stm32.12.3.rel1.linux64_1.0.100.202403111256/tools/arm-none-eabi/include/c++/12.3.1/bits/stl_deque.h:168:7:std::_Deque_iterator<_Tp, _Ref, _Ptr>::_Deque_iterator(const std::_Deque_iterator<_Tp, _Ref, _Ptr>&) [with _Tp = unsigned int; _Ref = const unsigned int&; _Ptr = const unsigned int*]	16	static
/home/tndrd/st/stm32cubeide_1.15.1/plugins/com.st.stm32cube.ide.mcu.externaltools.gnu-tools-for-stm32.12.3.rel1.linux64_1.0.100.202403111256/tools/arm-none-eabi/include/c++/12.3.1/bits/stl_uninitialized.h:365:5:_ForwardIterator std::__uninitialized_copy_a(_InputIterator, _InputIterator, _ForwardIterator, allocator<_Tp>&) [with _InputIterator = _Deque_iterator<unsigned int, const unsigned int&, const unsigned int*>; _ForwardIterator = _Deque_iterator<unsigned int, unsigned int&, unsigned int*>; _Tp = unsigned int]	72	static
/home/tndrd/st/stm32cubeide_1.15.1/plugins/com.st.stm32cube.ide.mcu.externaltools.gnu-tools-for-stm32.12.3.rel1.linux64_1.0.100.202403111256/tools/arm-none-eabi/include/c++/12.3.1/bits/alloc_traits.h:562:7:static std::allocator_traits<std::allocator<_Tp1> >::allocator_type std::allocator_traits<std::allocator<_Tp1> >::select_on_container_copy_construction(const allocator_type&) [with _Tp = unsigned int]	16	static
/home/tndrd/st/stm32cubeide_1.15.1/plugins/com.st.stm32cube.ide.mcu.externaltools.gnu-tools-for-stm32.12.3.rel1.linux64_1.0.100.202403111256/tools/arm-none-eabi/include/c++/12.3.1/bits/allocator.h:159:7:std::allocator< <template-parameter-1-1> >::allocator(const std::allocator< <template-parameter-1-1> >&) [with _Tp = unsigned int]	16	static
/home/tndrd/st/stm32cubeide_1.15.1/plugins/com.st.stm32cube.ide.mcu.externaltools.gnu-tools-for-stm32.12.3.rel1.linux64_1.0.100.202403111256/tools/arm-none-eabi/include/c++/12.3.1/bits/stl_deque.h:550:2:std::_Deque_base<_Tp, _Alloc>::_Deque_impl::_Deque_impl(const std::_Deque_base<_Tp, _Alloc>::_Tp_alloc_type&) [with _Tp = unsigned int; _Alloc = std::allocator<unsigned int>]	16	static
/home/tndrd/st/stm32cubeide_1.15.1/plugins/com.st.stm32cube.ide.mcu.externaltools.gnu-tools-for-stm32.12.3.rel1.linux64_1.0.100.202403111256/tools/arm-none-eabi/include/c++/12.3.1/bits/stl_deque.h:164:8:std::_Deque_iterator<_Tp, _Ref, _Ptr>::_Deque_iterator(const _Iter&) [with _Iter = std::_Deque_iterator<unsigned int, unsigned int&, unsigned int*>; <template-parameter-2-2> = void; _Tp = unsigned int; _Ref = const unsigned int&; _Ptr = const unsigned int*]	16	static
/home/tndrd/st/stm32cubeide_1.15.1/plugins/com.st.stm32cube.ide.mcu.externaltools.gnu-tools-for-stm32.12.3.rel1.linux64_1.0.100.202403111256/tools/arm-none-eabi/include/c++/12.3.1/bits/stl_uninitialized.h:163:5:_ForwardIterator std::uninitialized_copy(_InputIterator, _InputIterator, _ForwardIterator) [with _InputIterator = _Deque_iterator<unsigned int, const unsigned int&, const unsigned int*>; _ForwardIterator = _Deque_iterator<unsigned int, unsigned int&, unsigned int*>]	80	static
/home/tndrd/st/stm32cubeide_1.15.1/plugins/com.st.stm32cube.ide.mcu.externaltools.gnu-tools-for-stm32.12.3.rel1.linux64_1.0.100.202403111256/tools/arm-none-eabi/include/c++/12.3.1/bits/new_allocator.h:83:7:std::__new_allocator<_Tp>::__new_allocator(const std::__new_allocator<_Tp>&) [with _Tp = unsigned int]	16	static
/home/tndrd/st/stm32cubeide_1.15.1/plugins/com.st.stm32cube.ide.mcu.externaltools.gnu-tools-for-stm32.12.3.rel1.linux64_1.0.100.202403111256/tools/arm-none-eabi/include/c++/12.3.1/bits/stl_uninitialized.h:145:9:static _ForwardIterator std::__uninitialized_copy<true>::__uninit_copy(_InputIterator, _InputIterator, _ForwardIterator) [with _InputIterator = std::_Deque_iterator<unsigned int, const unsigned int&, const unsigned int*>; _ForwardIterator = std::_Deque_iterator<unsigned int, unsigned int&, unsigned int*>]	72	static
/home/tndrd/st/stm32cubeide_1.15.1/plugins/com.st.stm32cube.ide.mcu.externaltools.gnu-tools-for-stm32.12.3.rel1.linux64_1.0.100.202403111256/tools/arm-none-eabi/include/c++/12.3.1/bits/stl_algobase.h:611:5:_OI std::copy(_II, _II, _OI) [with _II = _Deque_iterator<unsigned int, const unsigned int&, const unsigned int*>; _OI = _Deque_iterator<unsigned int, unsigned int&, unsigned int*>]	104	static
/home/tndrd/st/stm32cubeide_1.15.1/plugins/com.st.stm32cube.ide.mcu.externaltools.gnu-tools-for-stm32.12.3.rel1.linux64_1.0.100.202403111256/tools/arm-none-eabi/include/c++/12.3.1/bits/cpp_type_traits.h:562:5:_Iterator std::__miter_base(_Iterator) [with _Iterator = _Deque_iterator<unsigned int, const unsigned int&, const unsigned int*>]	16	static
/home/tndrd/st/stm32cubeide_1.15.1/plugins/com.st.stm32cube.ide.mcu.externaltools.gnu-tools-for-stm32.12.3.rel1.linux64_1.0.100.202403111256/tools/arm-none-eabi/include/c++/12.3.1/bits/stl_algobase.h:527:5:_OI std::__copy_move_a(_II, _II, _OI) [with bool _IsMove = false; _II = _Deque_iterator<unsigned int, const unsigned int&, const unsigned int*>; _OI = _Deque_iterator<unsigned int, unsigned int&, unsigned int*>]	136	static
/home/tndrd/st/stm32cubeide_1.15.1/plugins/com.st.stm32cube.ide.mcu.externaltools.gnu-tools-for-stm32.12.3.rel1.linux64_1.0.100.202403111256/tools/arm-none-eabi/include/c++/12.3.1/bits/stl_algobase.h:313:5:_Iterator std::__niter_base(_Iterator) [with _Iterator = _Deque_iterator<unsigned int, const unsigned int&, const unsigned int*>]	16	static
/home/tndrd/st/stm32cubeide_1.15.1/plugins/com.st.stm32cube.ide.mcu.externaltools.gnu-tools-for-stm32.12.3.rel1.linux64_1.0.100.202403111256/tools/arm-none-eabi/include/c++/12.3.1/bits/stl_algobase.h:313:5:_Iterator std::__niter_base(_Iterator) [with _Iterator = _Deque_iterator<unsigned int, unsigned int&, unsigned int*>]	16	static
/home/tndrd/st/stm32cubeide_1.15.1/plugins/com.st.stm32cube.ide.mcu.externaltools.gnu-tools-for-stm32.12.3.rel1.linux64_1.0.100.202403111256/tools/arm-none-eabi/include/c++/12.3.1/bits/deque.tcc:1040:5:std::_Deque_iterator<_OTp, _OTp&, _OTp*> std::__copy_move_a1(_Deque_iterator<_Tp, _Ref, _Ptr>, _Deque_iterator<_Tp, _Ref, _Ptr>, _Deque_iterator<_OTp, _OTp&, _OTp*>) [with bool _IsMove = false; _ITp = unsigned int; _IRef = const unsigned int&; _IPtr = const unsigned int*; _OTp = unsigned int]	72	static
/home/tndrd/st/stm32cubeide_1.15.1/plugins/com.st.stm32cube.ide.mcu.externaltools.gnu-tools-for-stm32.12.3.rel1.linux64_1.0.100.202403111256/tools/arm-none-eabi/include/c++/12.3.1/bits/stl_algobase.h:335:5:_Iterator std::__niter_wrap(const _Iterator&, _Iterator) [with _Iterator = _Deque_iterator<unsigned int, unsigned int&, unsigned int*>]	24	static
/home/tndrd/st/stm32cubeide_1.15.1/plugins/com.st.stm32cube.ide.mcu.externaltools.gnu-tools-for-stm32.12.3.rel1.linux64_1.0.100.202403111256/tools/arm-none-eabi/include/c++/12.3.1/bits/deque.tcc:1003:5:_OI std::__copy_move_dit(_Deque_iterator<_Tp, _Ref, _Ptr>, _Deque_iterator<_Tp, _Ref, _Ptr>, _OI) [with bool _IsMove = false; _Tp = unsigned int; _Ref = const unsigned int&; _Ptr = const unsigned int*; _OI = _Deque_iterator<unsigned int, unsigned int&, unsigned int*>]	136	static
/home/tndrd/st/stm32cubeide_1.15.1/plugins/com.st.stm32cube.ide.mcu.externaltools.gnu-tools-for-stm32.12.3.rel1.linux64_1.0.100.202403111256/tools/arm-none-eabi/include/c++/12.3.1/bits/stl_algobase.h:230:5:constexpr const _Tp& std::min(const _Tp&, const _Tp&) [with _Tp = int]	16	static
/home/tndrd/st/stm32cubeide_1.15.1/plugins/com.st.stm32cube.ide.mcu.externaltools.gnu-tools-for-stm32.12.3.rel1.linux64_1.0.100.202403111256/tools/arm-none-eabi/include/c++/12.3.1/bits/deque.tcc:1049:5:typename __gnu_cxx::__enable_if<std::__is_random_access_iter<_II>::__value, std::_Deque_iterator<_Tp, _Tp&, _Tp*> >::__type std::__copy_move_a1(_II, _II, _Deque_iterator<_Tp, _Tp&, _Tp*>) [with bool _IsMove = false; _II = unsigned int*; _Tp = unsigned int]	40	static
/home/tndrd/st/stm32cubeide_1.15.1/plugins/com.st.stm32cube.ide.mcu.externaltools.gnu-tools-for-stm32.12.3.rel1.linux64_1.0.100.202403111256/tools/arm-none-eabi/include/c++/12.3.1/bits/stl_deque.h:131:21:static std::size_t std::_Deque_iterator<_Tp, _Ref, _Ptr>::_S_buffer_size() [with _Tp = unsigned int; _Ref = const unsigned int&; _Ptr = const unsigned int*]	8	static
/home/tndrd/st/stm32cubeide_1.15.1/plugins/com.st.stm32cube.ide.mcu.externaltools.gnu-tools-for-stm32.12.3.rel1.linux64_1.0.100.202403111256/tools/arm-none-eabi/include/c++/12.3.1/bits/stl_algobase.h:521:5:_OI std::__copy_move_a1(_II, _II, _OI) [with bool _IsMove = false; _II = unsigned int*; _OI = unsigned int*]	24	static
/home/tndrd/st/stm32cubeide_1.15.1/plugins/com.st.stm32cube.ide.mcu.externaltools.gnu-tools-for-stm32.12.3.rel1.linux64_1.0.100.202403111256/tools/arm-none-eabi/include/c++/12.3.1/bits/stl_deque.h:230:7:std::_Deque_iterator<_Tp, _Ref, _Ptr>::_Self& std::_Deque_iterator<_Tp, _Ref, _Ptr>::operator+=(difference_type) [with _Tp = unsigned int; _Ref = unsigned int&; _Ptr = unsigned int*]	32	static
/home/tndrd/st/stm32cubeide_1.15.1/plugins/com.st.stm32cube.ide.mcu.externaltools.gnu-tools-for-stm32.12.3.rel1.linux64_1.0.100.202403111256/tools/arm-none-eabi/include/c++/12.3.1/bits/stl_algobase.h:486:5:_OI std::__copy_move_a2(_II, _II, _OI) [with bool _IsMove = false; _II = unsigned int*; _OI = unsigned int*]	24	static
/home/tndrd/st/stm32cubeide_1.15.1/plugins/com.st.stm32cube.ide.mcu.externaltools.gnu-tools-for-stm32.12.3.rel1.linux64_1.0.100.202403111256/tools/arm-none-eabi/include/c++/12.3.1/bits/stl_algobase.h:420:2:static _Tp* std::__copy_move<_IsMove, true, std::random_access_iterator_tag>::__copy_m(const _Tp*, const _Tp*, _Tp*) [with _Tp = unsigned int; bool _IsMove = false]	32	static
